Archive member included to satisfy reference by file (symbol)

/opt/st/stm32cubeide_1.3.0/plugins/com.st.stm32cube.ide.mcu.externaltools.gnu-tools-for-stm32.7-2018-q2-update.linux64_1.0.0.201904181610/tools/bin/../lib/gcc/arm-none-eabi/7.3.1/../../../../arm-none-eabi/lib/thumb/v7e-m/fpv4-sp/hard/libc_nano.a(lib_a-errno.o)
                              Core/Src/syscalls.o (__errno)
/opt/st/stm32cubeide_1.3.0/plugins/com.st.stm32cube.ide.mcu.externaltools.gnu-tools-for-stm32.7-2018-q2-update.linux64_1.0.0.201904181610/tools/bin/../lib/gcc/arm-none-eabi/7.3.1/../../../../arm-none-eabi/lib/thumb/v7e-m/fpv4-sp/hard/libc_nano.a(lib_a-exit.o)
                              /opt/st/stm32cubeide_1.3.0/plugins/com.st.stm32cube.ide.mcu.externaltools.gnu-tools-for-stm32.7-2018-q2-update.linux64_1.0.0.201904181610/tools/bin/../lib/gcc/arm-none-eabi/7.3.1/../../../../arm-none-eabi/lib/thumb/v7e-m/fpv4-sp/hard/crt0.o (exit)
/opt/st/stm32cubeide_1.3.0/plugins/com.st.stm32cube.ide.mcu.externaltools.gnu-tools-for-stm32.7-2018-q2-update.linux64_1.0.0.201904181610/tools/bin/../lib/gcc/arm-none-eabi/7.3.1/../../../../arm-none-eabi/lib/thumb/v7e-m/fpv4-sp/hard/libc_nano.a(lib_a-impure.o)
                              /opt/st/stm32cubeide_1.3.0/plugins/com.st.stm32cube.ide.mcu.externaltools.gnu-tools-for-stm32.7-2018-q2-update.linux64_1.0.0.201904181610/tools/bin/../lib/gcc/arm-none-eabi/7.3.1/../../../../arm-none-eabi/lib/thumb/v7e-m/fpv4-sp/hard/libc_nano.a(lib_a-exit.o) (_global_impure_ptr)
/opt/st/stm32cubeide_1.3.0/plugins/com.st.stm32cube.ide.mcu.externaltools.gnu-tools-for-stm32.7-2018-q2-update.linux64_1.0.0.201904181610/tools/bin/../lib/gcc/arm-none-eabi/7.3.1/../../../../arm-none-eabi/lib/thumb/v7e-m/fpv4-sp/hard/libc_nano.a(lib_a-init.o)
                              /opt/st/stm32cubeide_1.3.0/plugins/com.st.stm32cube.ide.mcu.externaltools.gnu-tools-for-stm32.7-2018-q2-update.linux64_1.0.0.201904181610/tools/bin/../lib/gcc/arm-none-eabi/7.3.1/../../../../arm-none-eabi/lib/thumb/v7e-m/fpv4-sp/hard/crt0.o (__libc_init_array)
/opt/st/stm32cubeide_1.3.0/plugins/com.st.stm32cube.ide.mcu.externaltools.gnu-tools-for-stm32.7-2018-q2-update.linux64_1.0.0.201904181610/tools/bin/../lib/gcc/arm-none-eabi/7.3.1/../../../../arm-none-eabi/lib/thumb/v7e-m/fpv4-sp/hard/libc_nano.a(lib_a-malloc.o)
                              Middlewares/ST/STM32_USB_Device_Library/Class/CDC/Src/usbd_cdc.o (malloc)
/opt/st/stm32cubeide_1.3.0/plugins/com.st.stm32cube.ide.mcu.externaltools.gnu-tools-for-stm32.7-2018-q2-update.linux64_1.0.0.201904181610/tools/bin/../lib/gcc/arm-none-eabi/7.3.1/../../../../arm-none-eabi/lib/thumb/v7e-m/fpv4-sp/hard/libc_nano.a(lib_a-memset.o)
                              /opt/st/stm32cubeide_1.3.0/plugins/com.st.stm32cube.ide.mcu.externaltools.gnu-tools-for-stm32.7-2018-q2-update.linux64_1.0.0.201904181610/tools/bin/../lib/gcc/arm-none-eabi/7.3.1/../../../../arm-none-eabi/lib/thumb/v7e-m/fpv4-sp/hard/crt0.o (memset)
/opt/st/stm32cubeide_1.3.0/plugins/com.st.stm32cube.ide.mcu.externaltools.gnu-tools-for-stm32.7-2018-q2-update.linux64_1.0.0.201904181610/tools/bin/../lib/gcc/arm-none-eabi/7.3.1/../../../../arm-none-eabi/lib/thumb/v7e-m/fpv4-sp/hard/libc_nano.a(lib_a-nano-freer.o)
                              /opt/st/stm32cubeide_1.3.0/plugins/com.st.stm32cube.ide.mcu.externaltools.gnu-tools-for-stm32.7-2018-q2-update.linux64_1.0.0.201904181610/tools/bin/../lib/gcc/arm-none-eabi/7.3.1/../../../../arm-none-eabi/lib/thumb/v7e-m/fpv4-sp/hard/libc_nano.a(lib_a-malloc.o) (_free_r)
/opt/st/stm32cubeide_1.3.0/plugins/com.st.stm32cube.ide.mcu.externaltools.gnu-tools-for-stm32.7-2018-q2-update.linux64_1.0.0.201904181610/tools/bin/../lib/gcc/arm-none-eabi/7.3.1/../../../../arm-none-eabi/lib/thumb/v7e-m/fpv4-sp/hard/libc_nano.a(lib_a-nano-mallocr.o)
                              /opt/st/stm32cubeide_1.3.0/plugins/com.st.stm32cube.ide.mcu.externaltools.gnu-tools-for-stm32.7-2018-q2-update.linux64_1.0.0.201904181610/tools/bin/../lib/gcc/arm-none-eabi/7.3.1/../../../../arm-none-eabi/lib/thumb/v7e-m/fpv4-sp/hard/libc_nano.a(lib_a-malloc.o) (_malloc_r)
/opt/st/stm32cubeide_1.3.0/plugins/com.st.stm32cube.ide.mcu.externaltools.gnu-tools-for-stm32.7-2018-q2-update.linux64_1.0.0.201904181610/tools/bin/../lib/gcc/arm-none-eabi/7.3.1/../../../../arm-none-eabi/lib/thumb/v7e-m/fpv4-sp/hard/libc_nano.a(lib_a-sbrkr.o)
                              /opt/st/stm32cubeide_1.3.0/plugins/com.st.stm32cube.ide.mcu.externaltools.gnu-tools-for-stm32.7-2018-q2-update.linux64_1.0.0.201904181610/tools/bin/../lib/gcc/arm-none-eabi/7.3.1/../../../../arm-none-eabi/lib/thumb/v7e-m/fpv4-sp/hard/libc_nano.a(lib_a-nano-mallocr.o) (_sbrk_r)
/opt/st/stm32cubeide_1.3.0/plugins/com.st.stm32cube.ide.mcu.externaltools.gnu-tools-for-stm32.7-2018-q2-update.linux64_1.0.0.201904181610/tools/bin/../lib/gcc/arm-none-eabi/7.3.1/../../../../arm-none-eabi/lib/thumb/v7e-m/fpv4-sp/hard/libc_nano.a(lib_a-mlock.o)
[...]
Memory Configuration

Name             Origin             Length             Attributes
CCMRAM           0x0000000010000000 0x0000000000010000 xrw
RAM              0x0000000020000000 0x0000000000020000 xrw
FLASH            0x0000000008000000 0x0000000000100000 xr
*default*        0x0000000000000000 0xffffffffffffffff

Linker script and memory map

LOAD /opt/st/stm32cubeide_1.3.0/plugins/com.st.stm32cube.ide.mcu.externaltools.gnu-tools-for-stm32.7-2018-q2-update.linux64_1.0.0.201904181610/tools/bin/../lib/gcc/arm-none-eabi/7.3.1/thumb/v7e-m/fpv4-sp/hard/crti.o
LOAD /opt/st/stm32cubeide_1.3.0/plugins/com.st.stm32cube.ide.mcu.externaltools.gnu-tools-for-stm32.7-2018-q2-update.linux64_1.0.0.201904181610/tools/bin/../lib/gcc/arm-none-eabi/7.3.1/thumb/v7e-m/fpv4-sp/hard/crtbegin.o
LOAD /opt/st/stm32cubeide_1.3.0/plugins/com.st.stm32cube.ide.mcu.externaltools.gnu-tools-for-stm32.7-2018-q2-update.linux64_1.0.0.201904181610/tools/bin/../lib/gcc/arm-none-eabi/7.3.1/../../../../arm-none-eabi/lib/thumb/v7e-m/fpv4-sp/hard/crt0.o
LOAD Core/Src/joe-GPIO.o
LOAD Core/Src/main.o
LOAD Core/Src/stm32f4xx_hal_msp.o
LOAD Core/Src/stm32f4xx_it.o
LOAD Core/Src/syscalls.o
LOAD Core/Src/sysmem.o
LOAD Core/Src/system_stm32f4xx.o
LOAD Core/Startup/startup_stm32f405rgtx.o
LOAD Drivers/STM32F4xx_HAL_Driver/Src/stm32f4xx_hal.o
LOAD Drivers/STM32F4xx_HAL_Driver/Src/stm32f4xx_hal_cortex.o
LOAD Drivers/STM32F4xx_HAL_Driver/Src/stm32f4xx_hal_dma.o
LOAD Drivers/STM32F4xx_HAL_Driver/Src/stm32f4xx_hal_dma_ex.o
LOAD Drivers/STM32F4xx_HAL_Driver/Src/stm32f4xx_hal_exti.o
LOAD Drivers/STM32F4xx_HAL_Driver/Src/stm32f4xx_hal_flash.o
LOAD Drivers/STM32F4xx_HAL_Driver/Src/stm32f4xx_hal_flash_ex.o
LOAD Drivers/STM32F4xx_HAL_Driver/Src/stm32f4xx_hal_flash_ramfunc.o
LOAD Drivers/STM32F4xx_HAL_Driver/Src/stm32f4xx_hal_gpio.o
LOAD Drivers/STM32F4xx_HAL_Driver/Src/stm32f4xx_hal_pcd.o
LOAD Drivers/STM32F4xx_HAL_Driver/Src/stm32f4xx_hal_pcd_ex.o
LOAD Drivers/STM32F4xx_HAL_Driver/Src/stm32f4xx_hal_pwr.o
LOAD Drivers/STM32F4xx_HAL_Driver/Src/stm32f4xx_hal_pwr_ex.o
LOAD Drivers/STM32F4xx_HAL_Driver/Src/stm32f4xx_hal_rcc.o
LOAD Drivers/STM32F4xx_HAL_Driver/Src/stm32f4xx_hal_rcc_ex.o
LOAD Drivers/STM32F4xx_HAL_Driver/Src/stm32f4xx_hal_tim.o
LOAD Drivers/STM32F4xx_HAL_Driver/Src/stm32f4xx_hal_tim_ex.o
LOAD Drivers/STM32F4xx_HAL_Driver/Src/stm32f4xx_ll_dac.o
LOAD Drivers/STM32F4xx_HAL_Driver/Src/stm32f4xx_ll_dma.o
LOAD Drivers/STM32F4xx_HAL_Driver/Src/stm32f4xx_ll_exti.o
LOAD Drivers/STM32F4xx_HAL_Driver/Src/stm32f4xx_ll_gpio.o
LOAD Drivers/STM32F4xx_HAL_Driver/Src/stm32f4xx_ll_rcc.o
LOAD Drivers/STM32F4xx_HAL_Driver/Src/stm32f4xx_ll_usb.o
LOAD Drivers/STM32F4xx_HAL_Driver/Src/stm32f4xx_ll_utils.o
LOAD Middlewares/ST/STM32_USB_Device_Library/Class/CDC/Src/usbd_cdc.o
LOAD Middlewares/ST/STM32_USB_Device_Library/Core/Src/usbd_core.o
LOAD Middlewares/ST/STM32_USB_Device_Library/Core/Src/usbd_ctlreq.o
LOAD Middlewares/ST/STM32_USB_Device_Library/Core/Src/usbd_ioreq.o
LOAD USB_DEVICE/App/usb_device.o
LOAD USB_DEVICE/App/usbd_cdc_if.o
LOAD USB_DEVICE/App/usbd_desc.o
LOAD USB_DEVICE/Target/usbd_conf.o
START GROUP
LOAD /opt/st/stm32cubeide_1.3.0/plugins/com.st.stm32cube.ide.mcu.externaltools.gnu-tools-for-stm32.7-2018-q2-update.linux64_1.0.0.201904181610/tools/bin/../lib/gcc/arm-none-eabi/7.3.1/../../../../arm-none-eabi/lib/thumb/v7e-m/fpv4-sp/hard/libc_nano.a
LOAD /opt/st/stm32cubeide_1.3.0/plugins/com.st.stm32cube.ide.mcu.externaltools.gnu-tools-for-stm32.7-2018-q2-update.linux64_1.0.0.201904181610/tools/bin/../lib/gcc/arm-none-eabi/7.3.1/../../../../arm-none-eabi/lib/thumb/v7e-m/fpv4-sp/hard/libm.a
END GROUP
START GROUP
LOAD /opt/st/stm32cubeide_1.3.0/plugins/com.st.stm32cube.ide.mcu.externaltools.gnu-tools-for-stm32.7-2018-q2-update.linux64_1.0.0.201904181610/tools/bin/../lib/gcc/arm-none-eabi/7.3.1/thumb/v7e-m/fpv4-sp/hard/libgcc.a
LOAD /opt/st/stm32cubeide_1.3.0/plugins/com.st.stm32cube.ide.mcu.externaltools.gnu-tools-for-stm32.7-2018-q2-update.linux64_1.0.0.201904181610/tools/bin/../lib/gcc/arm-none-eabi/7.3.1/../../../../arm-none-eabi/lib/thumb/v7e-m/fpv4-sp/hard/libc_nano.a
END GROUP
START GROUP
LOAD /opt/st/stm32cubeide_1.3.0/plugins/com.st.stm32cube.ide.mcu.externaltools.gnu-tools-for-stm32.7-2018-q2-update.linux64_1.0.0.201904181610/tools/bin/../lib/gcc/arm-none-eabi/7.3.1/thumb/v7e-m/fpv4-sp/hard/libgcc.a
LOAD /opt/st/stm32cubeide_1.3.0/plugins/com.st.stm32cube.ide.mcu.externaltools.gnu-tools-for-stm32.7-2018-q2-update.linux64_1.0.0.201904181610/tools/bin/../lib/gcc/arm-none-eabi/7.3.1/../../../../arm-none-eabi/lib/thumb/v7e-m/fpv4-sp/hard/libc_nano.a
LOAD /opt/st/stm32cubeide_1.3.0/plugins/com.st.stm32cube.ide.mcu.externaltools.gnu-tools-for-stm32.7-2018-q2-update.linux64_1.0.0.201904181610/tools/bin/../lib/gcc/arm-none-eabi/7.3.1/../../../../arm-none-eabi/lib/thumb/v7e-m/fpv4-sp/hard/libnosys.a
END GROUP
START GROUP
LOAD /opt/st/stm32cubeide_1.3.0/plugins/com.st.stm32cube.ide.mcu.externaltools.gnu-tools-for-stm32.7-2018-q2-update.linux64_1.0.0.201904181610/tools/bin/../lib/gcc/arm-none-eabi/7.3.1/thumb/v7e-m/fpv4-sp/hard/libgcc.a
LOAD /opt/st/stm32cubeide_1.3.0/plugins/com.st.stm32cube.ide.mcu.externaltools.gnu-tools-for-stm32.7-2018-q2-update.linux64_1.0.0.201904181610/tools/bin/../lib/gcc/arm-none-eabi/7.3.1/../../../../arm-none-eabi/lib/thumb/v7e-m/fpv4-sp/hard/libc_nano.a
LOAD /opt/st/stm32cubeide_1.3.0/plugins/com.st.stm32cube.ide.mcu.externaltools.gnu-tools-for-stm32.7-2018-q2-update.linux64_1.0.0.201904181610/tools/bin/../lib/gcc/arm-none-eabi/7.3.1/../../../../arm-none-eabi/lib/thumb/v7e-m/fpv4-sp/hard/libnosys.a
END GROUP
LOAD /opt/st/stm32cubeide_1.3.0/plugins/com.st.stm32cube.ide.mcu.externaltools.gnu-tools-for-stm32.7-2018-q2-update.linux64_1.0.0.201904181610/tools/bin/../lib/gcc/arm-none-eabi/7.3.1/thumb/v7e-m/fpv4-sp/hard/crtend.o
LOAD /opt/st/stm32cubeide_1.3.0/plugins/com.st.stm32cube.ide.mcu.externaltools.gnu-tools-for-stm32.7-2018-q2-update.linux64_1.0.0.201904181610/tools/bin/../lib/gcc/arm-none-eabi/7.3.1/thumb/v7e-m/fpv4-sp/hard/crtn.o
                0x0000000020020000                _estack = (ORIGIN (RAM) + LENGTH (RAM))
                0x0000000000000200                _Min_Heap_Size = 0x200
                0x0000000000000400                _Min_Stack_Size = 0x400

.isr_vector     0x0000000008000000      0x188
                0x0000000008000000                . = ALIGN (0x4)
 *(.isr_vector)
 .isr_vector    0x0000000008000000      0x188 Core/Startup/startup_stm32f405rgtx.o
                0x0000000008000000                g_pfnVectors
                0x0000000008000188                . = ALIGN (0x4)

.text           0x0000000008000188     0x5f08
                0x0000000008000188                . = ALIGN (0x4)
 *(.text)
 .text          0x0000000008000188       0x40 /opt/st/stm32cubeide_1.3.0/plugins/com.st.stm32cube.ide.mcu.externaltools.gnu-tools-for-stm32.7-2018-q2-update.linux64_1.0.0.201904181610/tools/bin/../lib/gcc/arm-none-eabi/7.3.1/thumb/v7e-m/fpv4-sp/hard/crtbegin.o
 *(.text*)
 .text.GPIO_init
                0x00000000080001c8       0xd8 Core/Src/joe-GPIO.o
                0x00000000080001c8                GPIO_init
 .text.GPIO_togglePin
                0x00000000080002a0       0x28 Core/Src/joe-GPIO.o
                0x00000000080002a0                GPIO_togglePin
 .text.GPIO_setDataDirection
                0x00000000080002c8       0x38 Core/Src/joe-GPIO.o
                0x00000000080002c8                GPIO_setDataDirection
 .text.LL_RCC_HSE_Enable
                0x0000000008000300       0x20 Core/Src/main.o
 .text.LL_RCC_HSE_IsReady
                0x0000000008000320       0x28 Core/Src/main.o
 .text.LL_RCC_SetSysClkSource
                0x0000000008000348       0x28 Core/Src/main.o
 .text.LL_RCC_GetSysClkSource
                0x0000000008000370       0x1c Core/Src/main.o
 .text.LL_RCC_SetAHBPrescaler
                0x000000000800038c       0x28 Core/Src/main.o
 .text.LL_RCC_SetAPB1Prescaler
                0x00000000080003b4       0x28 Core/Src/main.o
 .text.LL_RCC_SetAPB2Prescaler
                0x00000000080003dc       0x28 Core/Src/main.o
 .text.LL_RCC_PLL_Enable
                0x0000000008000404       0x20 Core/Src/main.o
 .text.LL_RCC_PLL_IsReady
                0x0000000008000424       0x28 Core/Src/main.o
 .text.LL_RCC_PLL_ConfigDomain_48M
                0x000000000800044c       0x40 Core/Src/main.o
 .text.LL_AHB1_GRP1_EnableClock
                0x000000000800048c       0x30 Core/Src/main.o
 .text.LL_APB1_GRP1_EnableClock
                0x00000000080004bc       0x30 Core/Src/main.o
 .text.LL_FLASH_SetLatency
                0x00000000080004ec       0x28 Core/Src/main.o
 .text.LL_FLASH_GetLatency
                0x0000000008000514       0x1c Core/Src/main.o
 .text.LL_PWR_SetRegulVoltageScaling
                0x0000000008000530       0x28 Core/Src/main.o
 .text.LL_GPIO_ResetOutputPin
                0x0000000008000558       0x1e Core/Src/main.o
 *fill*         0x0000000008000576        0x2 
 .text.main     0x0000000008000578       0x58 Core/Src/main.o
                0x0000000008000578                main
 .text.SystemClock_Config
                0x00000000080005d0       0x94 Core/Src/main.o
                0x00000000080005d0                SystemClock_Config
 .text.MX_DAC_Init
                0x0000000008000664       0x78 Core/Src/main.o
 .text.MX_GPIO_Init
                0x00000000080006dc       0xe8 Core/Src/main.o
 .text.Error_Handler
                0x00000000080007c4        0xe Core/Src/main.o
                0x00000000080007c4                Error_Handler
 *fill*         0x00000000080007d2        0x2 
 .text.HAL_MspInit
                0x00000000080007d4       0x50 Core/Src/stm32f4xx_hal_msp.o
                0x00000000080007d4                HAL_MspInit
 .text.NMI_Handler
                0x0000000008000824        0xe Core/Src/stm32f4xx_it.o
                0x0000000008000824                NMI_Handler
 .text.HardFault_Handler
                0x0000000008000832        0x6 Core/Src/stm32f4xx_it.o
                0x0000000008000832                HardFault_Handler
 .text.MemManage_Handler
                0x0000000008000838        0x6 Core/Src/stm32f4xx_it.o
                0x0000000008000838                MemManage_Handler
 .text.BusFault_Handler
                0x000000000800083e        0x6 Core/Src/stm32f4xx_it.o
                0x000000000800083e                BusFault_Handler
 .text.UsageFault_Handler
                0x0000000008000844        0x6 Core/Src/stm32f4xx_it.o
                0x0000000008000844                UsageFault_Handler
 .text.SVC_Handler
                0x000000000800084a        0xe Core/Src/stm32f4xx_it.o
                0x000000000800084a                SVC_Handler
 .text.DebugMon_Handler
                0x0000000008000858        0xe Core/Src/stm32f4xx_it.o
                0x0000000008000858                DebugMon_Handler
 .text.PendSV_Handler
                0x0000000008000866        0xe Core/Src/stm32f4xx_it.o
                0x0000000008000866                PendSV_Handler
 .text.SysTick_Handler
                0x0000000008000874        0xc Core/Src/stm32f4xx_it.o
                0x0000000008000874                SysTick_Handler
 .text.OTG_FS_IRQHandler
                0x0000000008000880       0x14 Core/Src/stm32f4xx_it.o
                0x0000000008000880                OTG_FS_IRQHandler
 .text._sbrk    0x0000000008000894       0x58 Core/Src/sysmem.o
                0x0000000008000894                _sbrk
 .text.SystemInit
                0x00000000080008ec       0x2c Core/Src/system_stm32f4xx.o
                0x00000000080008ec                SystemInit
 .text.Reset_Handler
                0x0000000008000918       0x50 Core/Startup/startup_stm32f405rgtx.o
                0x0000000008000918                Reset_Handler
 .text.Default_Handler
                0x0000000008000968        0x2 Core/Startup/startup_stm32f405rgtx.o
                0x0000000008000968                RTC_Alarm_IRQHandler
                0x0000000008000968                HASH_RNG_IRQHandler
                0x0000000008000968                EXTI2_IRQHandler
                0x0000000008000968                TIM8_CC_IRQHandler
                0x0000000008000968                TIM1_CC_IRQHandler
                0x0000000008000968                DMA2_Stream5_IRQHandler
                0x0000000008000968                DMA1_Stream5_IRQHandler
                0x0000000008000968                PVD_IRQHandler
                0x0000000008000968                SDIO_IRQHandler
                0x0000000008000968                TAMP_STAMP_IRQHandler
                0x0000000008000968                CAN2_RX1_IRQHandler
                0x0000000008000968                EXTI3_IRQHandler
                0x0000000008000968                TIM8_TRG_COM_TIM14_IRQHandler
                0x0000000008000968                TIM1_UP_TIM10_IRQHandler
                0x0000000008000968                TIM8_UP_TIM13_IRQHandler
                0x0000000008000968                I2C3_ER_IRQHandler
                0x0000000008000968                EXTI0_IRQHandler
                0x0000000008000968                I2C2_EV_IRQHandler
                0x0000000008000968                DMA1_Stream2_IRQHandler
                0x0000000008000968                CAN1_RX0_IRQHandler
                0x0000000008000968                FPU_IRQHandler
                0x0000000008000968                OTG_HS_WKUP_IRQHandler
                0x0000000008000968                CAN2_SCE_IRQHandler
                0x0000000008000968                DMA2_Stream2_IRQHandler
                0x0000000008000968                SPI1_IRQHandler
                0x0000000008000968                TIM6_DAC_IRQHandler
                0x0000000008000968                TIM1_BRK_TIM9_IRQHandler
                0x0000000008000968                CAN2_RX0_IRQHandler
                0x0000000008000968                DMA2_Stream3_IRQHandler
                0x0000000008000968                USART6_IRQHandler
                0x0000000008000968                USART3_IRQHandler
                0x0000000008000968                CAN1_RX1_IRQHandler
                0x0000000008000968                UART5_IRQHandler
                0x0000000008000968                DMA2_Stream0_IRQHandler
                0x0000000008000968                TIM4_IRQHandler
                0x0000000008000968                I2C1_EV_IRQHandler
                0x0000000008000968                DMA1_Stream6_IRQHandler
                0x0000000008000968                DMA1_Stream1_IRQHandler
                0x0000000008000968                UART4_IRQHandler
                0x0000000008000968                TIM3_IRQHandler
                0x0000000008000968                RCC_IRQHandler
                0x0000000008000968                TIM8_BRK_TIM12_IRQHandler
                0x0000000008000968                Default_Handler
                0x0000000008000968                EXTI15_10_IRQHandler
                0x0000000008000968                ADC_IRQHandler
                0x0000000008000968                DMA1_Stream7_IRQHandler
                0x0000000008000968                TIM7_IRQHandler
                0x0000000008000968                CAN2_TX_IRQHandler
                0x0000000008000968                TIM5_IRQHandler
                0x0000000008000968                DMA2_Stream7_IRQHandler
                0x0000000008000968                I2C3_EV_IRQHandler
                0x0000000008000968                EXTI9_5_IRQHandler
                0x0000000008000968                RTC_WKUP_IRQHandler
                0x0000000008000968                SPI2_IRQHandler
                0x0000000008000968                OTG_HS_EP1_IN_IRQHandler
                0x0000000008000968                DMA1_Stream0_IRQHandler
                0x0000000008000968                CAN1_TX_IRQHandler
                0x0000000008000968                EXTI4_IRQHandler
                0x0000000008000968                FSMC_IRQHandler
                0x0000000008000968                OTG_HS_EP1_OUT_IRQHandler
                0x0000000008000968                WWDG_IRQHandler
                0x0000000008000968                TIM2_IRQHandler
                0x0000000008000968                OTG_FS_WKUP_IRQHandler
                0x0000000008000968                TIM1_TRG_COM_TIM11_IRQHandler
                0x0000000008000968                OTG_HS_IRQHandler
                0x0000000008000968                EXTI1_IRQHandler
                0x0000000008000968                USART2_IRQHandler
                0x0000000008000968                I2C2_ER_IRQHandler
                0x0000000008000968                DMA2_Stream1_IRQHandler
                0x0000000008000968                CAN1_SCE_IRQHandler
                0x0000000008000968                FLASH_IRQHandler
                0x0000000008000968                DMA2_Stream4_IRQHandler
                0x0000000008000968                USART1_IRQHandler
                0x0000000008000968                SPI3_IRQHandler
                0x0000000008000968                DMA1_Stream4_IRQHandler
                0x0000000008000968                I2C1_ER_IRQHandler
                0x0000000008000968                DMA2_Stream6_IRQHandler
                0x0000000008000968                DMA1_Stream3_IRQHandler
 *fill*         0x000000000800096a        0x2 
 .text.HAL_Init
                0x000000000800096c       0x44 Drivers/STM32F4xx_HAL_Driver/Src/stm32f4xx_hal.o
                0x000000000800096c                HAL_Init
 .text.HAL_InitTick
                0x00000000080009b0       0x60 Drivers/STM32F4xx_HAL_Driver/Src/stm32f4xx_hal.o
                0x00000000080009b0                HAL_InitTick
 .text.HAL_IncTick
                0x0000000008000a10       0x28 Drivers/STM32F4xx_HAL_Driver/Src/stm32f4xx_hal.o
                0x0000000008000a10                HAL_IncTick
 .text.HAL_GetTick
                0x0000000008000a38       0x18 Drivers/STM32F4xx_HAL_Driver/Src/stm32f4xx_hal.o
                0x0000000008000a38                HAL_GetTick
 .text.HAL_Delay
                0x0000000008000a50       0x44 Drivers/STM32F4xx_HAL_Driver/Src/stm32f4xx_hal.o
                0x0000000008000a50                HAL_Delay
 .text.__NVIC_SetPriorityGrouping
                0x0000000008000a94       0x48 Drivers/STM32F4xx_HAL_Driver/Src/stm32f4xx_hal_cortex.o
 .text.__NVIC_GetPriorityGrouping
                0x0000000008000adc       0x1c Drivers/STM32F4xx_HAL_Driver/Src/stm32f4xx_hal_cortex.o
 .text.__NVIC_EnableIRQ
                0x0000000008000af8       0x3c Drivers/STM32F4xx_HAL_Driver/Src/stm32f4xx_hal_cortex.o
 .text.__NVIC_SetPriority
                0x0000000008000b34       0x54 Drivers/STM32F4xx_HAL_Driver/Src/stm32f4xx_hal_cortex.o
 .text.NVIC_EncodePriority
                0x0000000008000b88       0x66 Drivers/STM32F4xx_HAL_Driver/Src/stm32f4xx_hal_cortex.o
 *fill*         0x0000000008000bee        0x2 
 .text.SysTick_Config
                0x0000000008000bf0       0x44 Drivers/STM32F4xx_HAL_Driver/Src/stm32f4xx_hal_cortex.o
 .text.HAL_NVIC_SetPriorityGrouping
                0x0000000008000c34       0x16 Drivers/STM32F4xx_HAL_Driver/Src/stm32f4xx_hal_cortex.o
                0x0000000008000c34                HAL_NVIC_SetPriorityGrouping
 .text.HAL_NVIC_SetPriority
                0x0000000008000c4a       0x38 Drivers/STM32F4xx_HAL_Driver/Src/stm32f4xx_hal_cortex.o
                0x0000000008000c4a                HAL_NVIC_SetPriority
 .text.HAL_NVIC_EnableIRQ
                0x0000000008000c82       0x1c Drivers/STM32F4xx_HAL_Driver/Src/stm32f4xx_hal_cortex.o
                0x0000000008000c82                HAL_NVIC_EnableIRQ
 .text.HAL_SYSTICK_Config
                0x0000000008000c9e       0x18 Drivers/STM32F4xx_HAL_Driver/Src/stm32f4xx_hal_cortex.o
                0x0000000008000c9e                HAL_SYSTICK_Config
 *fill*         0x0000000008000cb6        0x2 
 .text.HAL_GPIO_Init
                0x0000000008000cb8      0x334 Drivers/STM32F4xx_HAL_Driver/Src/stm32f4xx_hal_gpio.o
                0x0000000008000cb8                HAL_GPIO_Init
 .text.HAL_PCD_Init
                0x0000000008000fec      0x23a Drivers/STM32F4xx_HAL_Driver/Src/stm32f4xx_hal_pcd.o
                0x0000000008000fec                HAL_PCD_Init
 .text.HAL_PCD_Start
                0x0000000008001226       0x66 Drivers/STM32F4xx_HAL_Driver/Src/stm32f4xx_hal_pcd.o
                0x0000000008001226                HAL_PCD_Start
 .text.HAL_PCD_IRQHandler
                0x000000000800128c      0x764 Drivers/STM32F4xx_HAL_Driver/Src/stm32f4xx_hal_pcd.o
                0x000000000800128c                HAL_PCD_IRQHandler
 .text.HAL_PCD_SetAddress
                0x00000000080019f0       0x4a Drivers/STM32F4xx_HAL_Driver/Src/stm32f4xx_hal_pcd.o
                0x00000000080019f0                HAL_PCD_SetAddress
 .text.HAL_PCD_EP_Open
                0x0000000008001a3a       0xd0 Drivers/STM32F4xx_HAL_Driver/Src/stm32f4xx_hal_pcd.o
                0x0000000008001a3a                HAL_PCD_EP_Open
 .text.HAL_PCD_EP_Close
                0x0000000008001b0a       0x94 Drivers/STM32F4xx_HAL_Driver/Src/stm32f4xx_hal_pcd.o
                0x0000000008001b0a                HAL_PCD_EP_Close
 .text.HAL_PCD_EP_Receive
                0x0000000008001b9e       0x96 Drivers/STM32F4xx_HAL_Driver/Src/stm32f4xx_hal_pcd.o
                0x0000000008001b9e                HAL_PCD_EP_Receive
 .text.HAL_PCD_EP_GetRxCount
                0x0000000008001c34       0x30 Drivers/STM32F4xx_HAL_Driver/Src/stm32f4xx_hal_pcd.o
                0x0000000008001c34                HAL_PCD_EP_GetRxCount
 .text.HAL_PCD_EP_Transmit
                0x0000000008001c64       0x94 Drivers/STM32F4xx_HAL_Driver/Src/stm32f4xx_hal_pcd.o
                0x0000000008001c64                HAL_PCD_EP_Transmit
 .text.HAL_PCD_EP_SetStall
                0x0000000008001cf8       0xc8 Drivers/STM32F4xx_HAL_Driver/Src/stm32f4xx_hal_pcd.o
                0x0000000008001cf8                HAL_PCD_EP_SetStall
 .text.HAL_PCD_EP_ClrStall
                0x0000000008001dc0       0xac Drivers/STM32F4xx_HAL_Driver/Src/stm32f4xx_hal_pcd.o
                0x0000000008001dc0                HAL_PCD_EP_ClrStall
 .text.PCD_WriteEmptyTxFifo
                0x0000000008001e6c      0x11a Drivers/STM32F4xx_HAL_Driver/Src/stm32f4xx_hal_pcd.o
 *fill*         0x0000000008001f86        0x2 
 .text.PCD_EP_OutXfrComplete_int
                0x0000000008001f88      0x218 Drivers/STM32F4xx_HAL_Driver/Src/stm32f4xx_hal_pcd.o
 .text.PCD_EP_OutSetupPacket_int
                0x00000000080021a0       0x8c Drivers/STM32F4xx_HAL_Driver/Src/stm32f4xx_hal_pcd.o
 .text.HAL_PCDEx_SetTxFiFo
                0x000000000800222c       0x8e Drivers/STM32F4xx_HAL_Driver/Src/stm32f4xx_hal_pcd_ex.o
                0x000000000800222c                HAL_PCDEx_SetTxFiFo
 .text.HAL_PCDEx_SetRxFiFo
                0x00000000080022ba       0x22 Drivers/STM32F4xx_HAL_Driver/Src/stm32f4xx_hal_pcd_ex.o
                0x00000000080022ba                HAL_PCDEx_SetRxFiFo
 .text.HAL_PCDEx_LPM_Callback
                0x00000000080022dc       0x18 Drivers/STM32F4xx_HAL_Driver/Src/stm32f4xx_hal_pcd_ex.o
                0x00000000080022dc                HAL_PCDEx_LPM_Callback
 .text.HAL_RCC_GetHCLKFreq
                0x00000000080022f4       0x18 Drivers/STM32F4xx_HAL_Driver/Src/stm32f4xx_hal_rcc.o
                0x00000000080022f4                HAL_RCC_GetHCLKFreq
 .text.LL_DAC_IsEnabled
                0x000000000800230c       0x3e Drivers/STM32F4xx_HAL_Driver/Src/stm32f4xx_ll_dac.o
 .text.LL_DAC_Init
                0x000000000800234a       0xa2 Drivers/STM32F4xx_HAL_Driver/Src/stm32f4xx_ll_dac.o
                0x000000000800234a                LL_DAC_Init
 .text.LL_GPIO_SetPinMode
                0x00000000080023ec       0x5e Drivers/STM32F4xx_HAL_Driver/Src/stm32f4xx_ll_gpio.o
 .text.LL_GPIO_SetPinOutputType
                0x000000000800244a       0x30 Drivers/STM32F4xx_HAL_Driver/Src/stm32f4xx_ll_gpio.o
 .text.LL_GPIO_SetPinSpeed
                0x000000000800247a       0x5e Drivers/STM32F4xx_HAL_Driver/Src/stm32f4xx_ll_gpio.o
 .text.LL_GPIO_SetPinPull
                0x00000000080024d8       0x5e Drivers/STM32F4xx_HAL_Driver/Src/stm32f4xx_ll_gpio.o
 .text.LL_GPIO_SetAFPin_0_7
                0x0000000008002536       0x5e Drivers/STM32F4xx_HAL_Driver/Src/stm32f4xx_ll_gpio.o
 .text.LL_GPIO_SetAFPin_8_15
                0x0000000008002594       0x62 Drivers/STM32F4xx_HAL_Driver/Src/stm32f4xx_ll_gpio.o
 .text.LL_GPIO_Init
                0x00000000080025f6       0xe6 Drivers/STM32F4xx_HAL_Driver/Src/stm32f4xx_ll_gpio.o
                0x00000000080025f6                LL_GPIO_Init
 .text.USB_CoreInit
                0x00000000080026dc       0xc2 Drivers/STM32F4xx_HAL_Driver/Src/stm32f4xx_ll_usb.o
                0x00000000080026dc                USB_CoreInit
 *fill*         0x000000000800279e        0x2 
 .text.USB_SetTurnaroundTime
                0x00000000080027a0      0x144 Drivers/STM32F4xx_HAL_Driver/Src/stm32f4xx_ll_usb.o
                0x00000000080027a0                USB_SetTurnaroundTime
 .text.USB_EnableGlobalInt
                0x00000000080028e4       0x22 Drivers/STM32F4xx_HAL_Driver/Src/stm32f4xx_ll_usb.o
                0x00000000080028e4                USB_EnableGlobalInt
 .text.USB_DisableGlobalInt
                0x0000000008002906       0x22 Drivers/STM32F4xx_HAL_Driver/Src/stm32f4xx_ll_usb.o
                0x0000000008002906                USB_DisableGlobalInt
 .text.USB_SetCurrentMode
                0x0000000008002928       0x54 Drivers/STM32F4xx_HAL_Driver/Src/stm32f4xx_ll_usb.o
                0x0000000008002928                USB_SetCurrentMode
 .text.USB_DevInit
                0x000000000800297c      0x2c8 Drivers/STM32F4xx_HAL_Driver/Src/stm32f4xx_ll_usb.o
                0x000000000800297c                USB_DevInit
 .text.USB_FlushTxFifo
                0x0000000008002c44       0x4c Drivers/STM32F4xx_HAL_Driver/Src/stm32f4xx_ll_usb.o
                0x0000000008002c44                USB_FlushTxFifo
 .text.USB_FlushRxFifo
                0x0000000008002c90       0x44 Drivers/STM32F4xx_HAL_Driver/Src/stm32f4xx_ll_usb.o
                0x0000000008002c90                USB_FlushRxFifo
 .text.USB_SetDevSpeed
                0x0000000008002cd4       0x32 Drivers/STM32F4xx_HAL_Driver/Src/stm32f4xx_ll_usb.o
                0x0000000008002cd4                USB_SetDevSpeed
 .text.USB_GetDevSpeed
                0x0000000008002d06       0x4a Drivers/STM32F4xx_HAL_Driver/Src/stm32f4xx_ll_usb.o
                0x0000000008002d06                USB_GetDevSpeed
 .text.USB_ActivateEndpoint
                0x0000000008002d50      0x10e Drivers/STM32F4xx_HAL_Driver/Src/stm32f4xx_ll_usb.o
                0x0000000008002d50                USB_ActivateEndpoint
 *fill*         0x0000000008002e5e        0x2 
 .text.USB_DeactivateEndpoint
                0x0000000008002e60      0x1b8 Drivers/STM32F4xx_HAL_Driver/Src/stm32f4xx_ll_usb.o
                0x0000000008002e60                USB_DeactivateEndpoint
 .text.USB_EPStartXfer
                0x0000000008003018      0x488 Drivers/STM32F4xx_HAL_Driver/Src/stm32f4xx_ll_usb.o
                0x0000000008003018                USB_EPStartXfer
 .text.USB_EP0StartXfer
                0x00000000080034a0      0x2a6 Drivers/STM32F4xx_HAL_Driver/Src/stm32f4xx_ll_usb.o
                0x00000000080034a0                USB_EP0StartXfer
 .text.USB_WritePacket
                0x0000000008003746       0x6a Drivers/STM32F4xx_HAL_Driver/Src/stm32f4xx_ll_usb.o
                0x0000000008003746                USB_WritePacket
 .text.USB_ReadPacket
                0x00000000080037b0       0x52 Drivers/STM32F4xx_HAL_Driver/Src/stm32f4xx_ll_usb.o
                0x00000000080037b0                USB_ReadPacket
 .text.USB_EPSetStall
                0x0000000008003802       0xdc Drivers/STM32F4xx_HAL_Driver/Src/stm32f4xx_ll_usb.o
                0x0000000008003802                USB_EPSetStall
 .text.USB_EPClearStall
                0x00000000080038de       0xcc Drivers/STM32F4xx_HAL_Driver/Src/stm32f4xx_ll_usb.o
                0x00000000080038de                USB_EPClearStall
 .text.USB_SetDevAddress
                0x00000000080039aa       0x4c Drivers/STM32F4xx_HAL_Driver/Src/stm32f4xx_ll_usb.o
                0x00000000080039aa                USB_SetDevAddress
 .text.USB_DevConnect
                0x00000000080039f6       0x30 Drivers/STM32F4xx_HAL_Driver/Src/stm32f4xx_ll_usb.o
                0x00000000080039f6                USB_DevConnect
 .text.USB_DevDisconnect
                0x0000000008003a26       0x30 Drivers/STM32F4xx_HAL_Driver/Src/stm32f4xx_ll_usb.o
                0x0000000008003a26                USB_DevDisconnect
 .text.USB_ReadInterrupts
                0x0000000008003a56       0x26 Drivers/STM32F4xx_HAL_Driver/Src/stm32f4xx_ll_usb.o
                0x0000000008003a56                USB_ReadInterrupts
 .text.USB_ReadDevAllOutEpInterrupt
                0x0000000008003a7c       0x34 Drivers/STM32F4xx_HAL_Driver/Src/stm32f4xx_ll_usb.o
                0x0000000008003a7c                USB_ReadDevAllOutEpInterrupt
 .text.USB_ReadDevAllInEpInterrupt
                0x0000000008003ab0       0x34 Drivers/STM32F4xx_HAL_Driver/Src/stm32f4xx_ll_usb.o
                0x0000000008003ab0                USB_ReadDevAllInEpInterrupt
 .text.USB_ReadDevOutEPInterrupt
                0x0000000008003ae4       0x3c Drivers/STM32F4xx_HAL_Driver/Src/stm32f4xx_ll_usb.o
                0x0000000008003ae4                USB_ReadDevOutEPInterrupt
 .text.USB_ReadDevInEPInterrupt
                0x0000000008003b20       0x5c Drivers/STM32F4xx_HAL_Driver/Src/stm32f4xx_ll_usb.o
                0x0000000008003b20                USB_ReadDevInEPInterrupt
 .text.USB_GetMode
                0x0000000008003b7c       0x1c Drivers/STM32F4xx_HAL_Driver/Src/stm32f4xx_ll_usb.o
                0x0000000008003b7c                USB_GetMode
 .text.USB_ActivateSetup
                0x0000000008003b98       0x46 Drivers/STM32F4xx_HAL_Driver/Src/stm32f4xx_ll_usb.o
                0x0000000008003b98                USB_ActivateSetup
 *fill*         0x0000000008003bde        0x2 
 .text.USB_EP0_OutStart
                0x0000000008003be0       0xbc Drivers/STM32F4xx_HAL_Driver/Src/stm32f4xx_ll_usb.o
                0x0000000008003be0                USB_EP0_OutStart
 .text.USB_CoreReset
                0x0000000008003c9c       0x68 Drivers/STM32F4xx_HAL_Driver/Src/stm32f4xx_ll_usb.o
 .text.LL_SetSystemCoreClock
                0x0000000008003d04       0x20 Drivers/STM32F4xx_HAL_Driver/Src/stm32f4xx_ll_utils.o
                0x0000000008003d04                LL_SetSystemCoreClock
 .text.USBD_CDC_Init
                0x0000000008003d24      0x100 Middlewares/ST/STM32_USB_Device_Library/Class/CDC/Src/usbd_cdc.o
 .text.USBD_CDC_DeInit
                0x0000000008003e24       0x78 Middlewares/ST/STM32_USB_Device_Library/Class/CDC/Src/usbd_cdc.o
 .text.USBD_CDC_Setup
                0x0000000008003e9c      0x178 Middlewares/ST/STM32_USB_Device_Library/Class/CDC/Src/usbd_cdc.o
 .text.USBD_CDC_DataIn
                0x0000000008004014       0xbe Middlewares/ST/STM32_USB_Device_Library/Class/CDC/Src/usbd_cdc.o
 .text.USBD_CDC_DataOut
                0x00000000080040d2       0x56 Middlewares/ST/STM32_USB_Device_Library/Class/CDC/Src/usbd_cdc.o
 .text.USBD_CDC_EP0_RxReady
                0x0000000008004128       0x50 Middlewares/ST/STM32_USB_Device_Library/Class/CDC/Src/usbd_cdc.o
 .text.USBD_CDC_GetFSCfgDesc
                0x0000000008004178       0x20 Middlewares/ST/STM32_USB_Device_Library/Class/CDC/Src/usbd_cdc.o
 .text.USBD_CDC_GetHSCfgDesc
                0x0000000008004198       0x20 Middlewares/ST/STM32_USB_Device_Library/Class/CDC/Src/usbd_cdc.o
 .text.USBD_CDC_GetOtherSpeedCfgDesc
                0x00000000080041b8       0x20 Middlewares/ST/STM32_USB_Device_Library/Class/CDC/Src/usbd_cdc.o
 .text.USBD_CDC_GetDeviceQualifierDescriptor
                0x00000000080041d8       0x20 Middlewares/ST/STM32_USB_Device_Library/Class/CDC/Src/usbd_cdc.o
                0x00000000080041d8                USBD_CDC_GetDeviceQualifierDescriptor
 .text.USBD_CDC_RegisterInterface
                0x00000000080041f8       0x2a Middlewares/ST/STM32_USB_Device_Library/Class/CDC/Src/usbd_cdc.o
                0x00000000080041f8                USBD_CDC_RegisterInterface
 .text.USBD_CDC_SetTxBuffer
                0x0000000008004222       0x32 Middlewares/ST/STM32_USB_Device_Library/Class/CDC/Src/usbd_cdc.o
                0x0000000008004222                USBD_CDC_SetTxBuffer
 .text.USBD_CDC_SetRxBuffer
                0x0000000008004254       0x28 Middlewares/ST/STM32_USB_Device_Library/Class/CDC/Src/usbd_cdc.o
                0x0000000008004254                USBD_CDC_SetRxBuffer
 .text.USBD_CDC_ReceivePacket
                0x000000000800427c       0x54 Middlewares/ST/STM32_USB_Device_Library/Class/CDC/Src/usbd_cdc.o
                0x000000000800427c                USBD_CDC_ReceivePacket
 .text.USBD_Init
                0x00000000080042d0       0x6c Middlewares/ST/STM32_USB_Device_Library/Core/Src/usbd_core.o
                0x00000000080042d0                USBD_Init
 .text.USBD_RegisterClass
                0x000000000800433c       0x42 Middlewares/ST/STM32_USB_Device_Library/Core/Src/usbd_core.o
                0x000000000800433c                USBD_RegisterClass
 .text.USBD_Start
                0x000000000800437e       0x18 Middlewares/ST/STM32_USB_Device_Library/Core/Src/usbd_core.o
                0x000000000800437e                USBD_Start
 .text.USBD_RunTestMode
                0x0000000008004396       0x16 Middlewares/ST/STM32_USB_Device_Library/Core/Src/usbd_core.o
                0x0000000008004396                USBD_RunTestMode
 .text.USBD_SetClassConfig
                0x00000000080043ac       0x38 Middlewares/ST/STM32_USB_Device_Library/Core/Src/usbd_core.o
                0x00000000080043ac                USBD_SetClassConfig
 .text.USBD_ClrClassConfig
                0x00000000080043e4       0x30 Middlewares/ST/STM32_USB_Device_Library/Core/Src/usbd_core.o
                0x00000000080043e4                USBD_ClrClassConfig
 .text.USBD_LL_SetupStage
                0x0000000008004414       0xa6 Middlewares/ST/STM32_USB_Device_Library/Core/Src/usbd_core.o
                0x0000000008004414                USBD_LL_SetupStage
 .text.USBD_LL_DataOutStage
                0x00000000080044ba       0xc6 Middlewares/ST/STM32_USB_Device_Library/Core/Src/usbd_core.o
                0x00000000080044ba                USBD_LL_DataOutStage
 .text.USBD_LL_DataInStage
                0x0000000008004580      0x12c Middlewares/ST/STM32_USB_Device_Library/Core/Src/usbd_core.o
                0x0000000008004580                USBD_LL_DataInStage
 .text.USBD_LL_Reset
                0x00000000080046ac       0x82 Middlewares/ST/STM32_USB_Device_Library/Core/Src/usbd_core.o
                0x00000000080046ac                USBD_LL_Reset
 .text.USBD_LL_SetSpeed
                0x000000000800472e       0x20 Middlewares/ST/STM32_USB_Device_Library/Core/Src/usbd_core.o
                0x000000000800472e                USBD_LL_SetSpeed
 .text.USBD_LL_Suspend
                0x000000000800474e       0x2a Middlewares/ST/STM32_USB_Device_Library/Core/Src/usbd_core.o
                0x000000000800474e                USBD_LL_Suspend
 .text.USBD_LL_Resume
                0x0000000008004778       0x2c Middlewares/ST/STM32_USB_Device_Library/Core/Src/usbd_core.o
                0x0000000008004778                USBD_LL_Resume
 .text.USBD_LL_SOF
                0x00000000080047a4       0x34 Middlewares/ST/STM32_USB_Device_Library/Core/Src/usbd_core.o
                0x00000000080047a4                USBD_LL_SOF
 .text.USBD_LL_IsoINIncomplete
                0x00000000080047d8       0x1a Middlewares/ST/STM32_USB_Device_Library/Core/Src/usbd_core.o
                0x00000000080047d8                USBD_LL_IsoINIncomplete
 .text.USBD_LL_IsoOUTIncomplete
                0x00000000080047f2       0x1a Middlewares/ST/STM32_USB_Device_Library/Core/Src/usbd_core.o
                0x00000000080047f2                USBD_LL_IsoOUTIncomplete
 .text.USBD_LL_DevConnected
                0x000000000800480c       0x16 Middlewares/ST/STM32_USB_Device_Library/Core/Src/usbd_core.o
                0x000000000800480c                USBD_LL_DevConnected
 .text.USBD_LL_DevDisconnected
                0x0000000008004822       0x38 Middlewares/ST/STM32_USB_Device_Library/Core/Src/usbd_core.o
                0x0000000008004822                USBD_LL_DevDisconnected
 .text.SWAPBYTE
                0x000000000800485a       0x3c Middlewares/ST/STM32_USB_Device_Library/Core/Src/usbd_ctlreq.o
 *fill*         0x0000000008004896        0x2 
 .text.USBD_StdDevReq
                0x0000000008004898       0xdc Middlewares/ST/STM32_USB_Device_Library/Core/Src/usbd_ctlreq.o
                0x0000000008004898                USBD_StdDevReq
 .text.USBD_StdItfReq
                0x0000000008004974       0x8c Middlewares/ST/STM32_USB_Device_Library/Core/Src/usbd_ctlreq.o
                0x0000000008004974                USBD_StdItfReq
 .text.USBD_StdEPReq
                0x0000000008004a00      0x2aa Middlewares/ST/STM32_USB_Device_Library/Core/Src/usbd_ctlreq.o
                0x0000000008004a00                USBD_StdEPReq
 *fill*         0x0000000008004caa        0x2 
 .text.USBD_GetDescriptor
                0x0000000008004cac      0x2d4 Middlewares/ST/STM32_USB_Device_Library/Core/Src/usbd_ctlreq.o
 .text.USBD_SetAddress
                0x0000000008004f80       0x84 Middlewares/ST/STM32_USB_Device_Library/Core/Src/usbd_ctlreq.o
 .text.USBD_SetConfig
                0x0000000008005004      0x148 Middlewares/ST/STM32_USB_Device_Library/Core/Src/usbd_ctlreq.o
 .text.USBD_GetConfig
                0x000000000800514c       0x68 Middlewares/ST/STM32_USB_Device_Library/Core/Src/usbd_ctlreq.o
 .text.USBD_GetStatus
                0x00000000080051b4       0x66 Middlewares/ST/STM32_USB_Device_Library/Core/Src/usbd_ctlreq.o
 .text.USBD_SetFeature
                0x000000000800521a       0x28 Middlewares/ST/STM32_USB_Device_Library/Core/Src/usbd_ctlreq.o
 .text.USBD_ClrFeature
                0x0000000008005242       0x42 Middlewares/ST/STM32_USB_Device_Library/Core/Src/usbd_ctlreq.o
 .text.USBD_ParseSetupRequest
                0x0000000008005284       0x74 Middlewares/ST/STM32_USB_Device_Library/Core/Src/usbd_ctlreq.o
                0x0000000008005284                USBD_ParseSetupRequest
 .text.USBD_CtlError
                0x00000000080052f8       0x22 Middlewares/ST/STM32_USB_Device_Library/Core/Src/usbd_ctlreq.o
                0x00000000080052f8                USBD_CtlError
 .text.USBD_GetString
                0x000000000800531a       0x8c Middlewares/ST/STM32_USB_Device_Library/Core/Src/usbd_ctlreq.o
                0x000000000800531a                USBD_GetString
 .text.USBD_GetLen
                0x00000000080053a6       0x34 Middlewares/ST/STM32_USB_Device_Library/Core/Src/usbd_ctlreq.o
 .text.USBD_CtlSendData
                0x00000000080053da       0x36 Middlewares/ST/STM32_USB_Device_Library/Core/Src/usbd_ioreq.o
                0x00000000080053da                USBD_CtlSendData
 .text.USBD_CtlContinueSendData
                0x0000000008005410       0x22 Middlewares/ST/STM32_USB_Device_Library/Core/Src/usbd_ioreq.o
                0x0000000008005410                USBD_CtlContinueSendData
 .text.USBD_CtlPrepareRx
                0x0000000008005432       0x3a Middlewares/ST/STM32_USB_Device_Library/Core/Src/usbd_ioreq.o
                0x0000000008005432                USBD_CtlPrepareRx
 .text.USBD_CtlContinueRx
                0x000000000800546c       0x22 Middlewares/ST/STM32_USB_Device_Library/Core/Src/usbd_ioreq.o
                0x000000000800546c                USBD_CtlContinueRx
 .text.USBD_CtlSendStatus
                0x000000000800548e       0x26 Middlewares/ST/STM32_USB_Device_Library/Core/Src/usbd_ioreq.o
                0x000000000800548e                USBD_CtlSendStatus
 .text.USBD_CtlReceiveStatus
                0x00000000080054b4       0x26 Middlewares/ST/STM32_USB_Device_Library/Core/Src/usbd_ioreq.o
                0x00000000080054b4                USBD_CtlReceiveStatus
 *fill*         0x00000000080054da        0x2 
 .text.MX_USB_DEVICE_Init
                0x00000000080054dc       0x60 USB_DEVICE/App/usb_device.o
                0x00000000080054dc                MX_USB_DEVICE_Init
 .text.CDC_Init_FS
                0x000000000800553c       0x28 USB_DEVICE/App/usbd_cdc_if.o
 .text.CDC_DeInit_FS
                0x0000000008005564       0x10 USB_DEVICE/App/usbd_cdc_if.o
 .text.CDC_Control_FS
                0x0000000008005574       0xbc USB_DEVICE/App/usbd_cdc_if.o
 .text.CDC_Receive_FS
                0x0000000008005630       0x28 USB_DEVICE/App/usbd_cdc_if.o
 .text.CDC_TransmitCplt_FS
                0x0000000008005658       0x22 USB_DEVICE/App/usbd_cdc_if.o
 *fill*         0x000000000800567a        0x2 
 .text.USBD_FS_DeviceDescriptor
                0x000000000800567c       0x24 USB_DEVICE/App/usbd_desc.o
                0x000000000800567c                USBD_FS_DeviceDescriptor
 .text.USBD_FS_LangIDStrDescriptor
                0x00000000080056a0       0x24 USB_DEVICE/App/usbd_desc.o
                0x00000000080056a0                USBD_FS_LangIDStrDescriptor
 .text.USBD_FS_ProductStrDescriptor
                0x00000000080056c4       0x3c USB_DEVICE/App/usbd_desc.o
                0x00000000080056c4                USBD_FS_ProductStrDescriptor
 .text.USBD_FS_ManufacturerStrDescriptor
                0x0000000008005700       0x28 USB_DEVICE/App/usbd_desc.o
                0x0000000008005700                USBD_FS_ManufacturerStrDescriptor
 .text.USBD_FS_SerialStrDescriptor
                0x0000000008005728       0x24 USB_DEVICE/App/usbd_desc.o
                0x0000000008005728                USBD_FS_SerialStrDescriptor
 .text.USBD_FS_ConfigStrDescriptor
                0x000000000800574c       0x3c USB_DEVICE/App/usbd_desc.o
                0x000000000800574c                USBD_FS_ConfigStrDescriptor
 .text.USBD_FS_InterfaceStrDescriptor
                0x0000000008005788       0x3c USB_DEVICE/App/usbd_desc.o
                0x0000000008005788                USBD_FS_InterfaceStrDescriptor
 .text.Get_SerialNum
                0x00000000080057c4       0x58 USB_DEVICE/App/usbd_desc.o
 .text.IntToUnicode
                0x000000000800581c       0x7c USB_DEVICE/App/usbd_desc.o
 .text.HAL_PCD_MspInit
                0x0000000008005898       0xa8 USB_DEVICE/Target/usbd_conf.o
                0x0000000008005898                HAL_PCD_MspInit
 .text.HAL_PCD_SetupStageCallback
                0x0000000008005940       0x24 USB_DEVICE/Target/usbd_conf.o
                0x0000000008005940                HAL_PCD_SetupStageCallback
 .text.HAL_PCD_DataOutStageCallback
                0x0000000008005964       0x36 USB_DEVICE/Target/usbd_conf.o
                0x0000000008005964                HAL_PCD_DataOutStageCallback
 .text.HAL_PCD_DataInStageCallback
                0x000000000800599a       0x34 USB_DEVICE/Target/usbd_conf.o
                0x000000000800599a                HAL_PCD_DataInStageCallback
 .text.HAL_PCD_SOFCallback
                0x00000000080059ce       0x1c USB_DEVICE/Target/usbd_conf.o
                0x00000000080059ce                HAL_PCD_SOFCallback
 .text.HAL_PCD_ResetCallback
                0x00000000080059ea       0x50 USB_DEVICE/Target/usbd_conf.o
                0x00000000080059ea                HAL_PCD_ResetCallback
 *fill*         0x0000000008005a3a        0x2 
 .text.HAL_PCD_SuspendCallback
                0x0000000008005a3c       0x4c USB_DEVICE/Target/usbd_conf.o
                0x0000000008005a3c                HAL_PCD_SuspendCallback
 .text.HAL_PCD_ResumeCallback
                0x0000000008005a88       0x1c USB_DEVICE/Target/usbd_conf.o
                0x0000000008005a88                HAL_PCD_ResumeCallback
 .text.HAL_PCD_ISOOUTIncompleteCallback
                0x0000000008005aa4       0x24 USB_DEVICE/Target/usbd_conf.o
                0x0000000008005aa4                HAL_PCD_ISOOUTIncompleteCallback
 .text.HAL_PCD_ISOINIncompleteCallback
                0x0000000008005ac8       0x24 USB_DEVICE/Target/usbd_conf.o
                0x0000000008005ac8                HAL_PCD_ISOINIncompleteCallback
 .text.HAL_PCD_ConnectCallback
                0x0000000008005aec       0x1c USB_DEVICE/Target/usbd_conf.o
                0x0000000008005aec                HAL_PCD_ConnectCallback
 .text.HAL_PCD_DisconnectCallback
                0x0000000008005b08       0x1c USB_DEVICE/Target/usbd_conf.o
                0x0000000008005b08                HAL_PCD_DisconnectCallback
 .text.USBD_LL_Init
                0x0000000008005b24       0x98 USB_DEVICE/Target/usbd_conf.o
                0x0000000008005b24                USBD_LL_Init
 .text.USBD_LL_Start
                0x0000000008005bbc       0x36 USB_DEVICE/Target/usbd_conf.o
                0x0000000008005bbc                USBD_LL_Start
 .text.USBD_LL_OpenEP
                0x0000000008005bf2       0x4c USB_DEVICE/Target/usbd_conf.o
                0x0000000008005bf2                USBD_LL_OpenEP
 .text.USBD_LL_CloseEP
                0x0000000008005c3e       0x3e USB_DEVICE/Target/usbd_conf.o
                0x0000000008005c3e                USBD_LL_CloseEP
 .text.USBD_LL_StallEP
                0x0000000008005c7c       0x3e USB_DEVICE/Target/usbd_conf.o
                0x0000000008005c7c                USBD_LL_StallEP
 .text.USBD_LL_ClearStallEP
                0x0000000008005cba       0x3e USB_DEVICE/Target/usbd_conf.o
                0x0000000008005cba                USBD_LL_ClearStallEP
 .text.USBD_LL_IsStallEP
                0x0000000008005cf8       0x58 USB_DEVICE/Target/usbd_conf.o
                0x0000000008005cf8                USBD_LL_IsStallEP
 .text.USBD_LL_SetUSBAddress
                0x0000000008005d50       0x3e USB_DEVICE/Target/usbd_conf.o
                0x0000000008005d50                USBD_LL_SetUSBAddress
 .text.USBD_LL_Transmit
                0x0000000008005d8e       0x42 USB_DEVICE/Target/usbd_conf.o
                0x0000000008005d8e                USBD_LL_Transmit
 .text.USBD_LL_PrepareReceive
                0x0000000008005dd0       0x42 USB_DEVICE/Target/usbd_conf.o
                0x0000000008005dd0                USBD_LL_PrepareReceive
 .text.USBD_LL_GetRxDataSize
                0x0000000008005e12       0x26 USB_DEVICE/Target/usbd_conf.o
                0x0000000008005e12                USBD_LL_GetRxDataSize
 .text.USBD_Get_USB_Status
                0x0000000008005e38       0x58 USB_DEVICE/Target/usbd_conf.o
                0x0000000008005e38                USBD_Get_USB_Status
 .text.__errno  0x0000000008005e90        0xc /opt/st/stm32cubeide_1.3.0/plugins/com.st.stm32cube.ide.mcu.externaltools.gnu-tools-for-stm32.7-2018-q2-update.linux64_1.0.0.201904181610/tools/bin/../lib/gcc/arm-none-eabi/7.3.1/../../../../arm-none-eabi/lib/thumb/v7e-m/fpv4-sp/hard/libc_nano.a(lib_a-errno.o)
                0x0000000008005e90                __errno
 .text.__libc_init_array
                0x0000000008005e9c       0x48 /opt/st/stm32cubeide_1.3.0/plugins/com.st.stm32cube.ide.mcu.externaltools.gnu-tools-for-stm32.7-2018-q2-update.linux64_1.0.0.201904181610/tools/bin/../lib/gcc/arm-none-eabi/7.3.1/../../../../arm-none-eabi/lib/thumb/v7e-m/fpv4-sp/hard/libc_nano.a(lib_a-init.o)
                0x0000000008005e9c                __libc_init_array
 .text.malloc   0x0000000008005ee4       0x10 /opt/st/stm32cubeide_1.3.0/plugins/com.st.stm32cube.ide.mcu.externaltools.gnu-tools-for-stm32.7-2018-q2-update.linux64_1.0.0.201904181610/tools/bin/../lib/gcc/arm-none-eabi/7.3.1/../../../../arm-none-eabi/lib/thumb/v7e-m/fpv4-sp/hard/libc_nano.a(lib_a-malloc.o)
                0x0000000008005ee4                malloc
 .text.free     0x0000000008005ef4       0x10 /opt/st/stm32cubeide_1.3.0/plugins/com.st.stm32cube.ide.mcu.externaltools.gnu-tools-for-stm32.7-2018-q2-update.linux64_1.0.0.201904181610/tools/bin/../lib/gcc/arm-none-eabi/7.3.1/../../../../arm-none-eabi/lib/thumb/v7e-m/fpv4-sp/hard/libc_nano.a(lib_a-malloc.o)
                0x0000000008005ef4                free
 .text._free_r  0x0000000008005f04       0x9c /opt/st/stm32cubeide_1.3.0/plugins/com.st.stm32cube.ide.mcu.externaltools.gnu-tools-for-stm32.7-2018-q2-update.linux64_1.0.0.201904181610/tools/bin/../lib/gcc/arm-none-eabi/7.3.1/../../../../arm-none-eabi/lib/thumb/v7e-m/fpv4-sp/hard/libc_nano.a(lib_a-nano-freer.o)
                0x0000000008005f04                _free_r
 .text._malloc_r
                0x0000000008005fa0       0xb4 /opt/st/stm32cubeide_1.3.0/plugins/com.st.stm32cube.ide.mcu.externaltools.gnu-tools-for-stm32.7-2018-q2-update.linux64_1.0.0.201904181610/tools/bin/../lib/gcc/arm-none-eabi/7.3.1/../../../../arm-none-eabi/lib/thumb/v7e-m/fpv4-sp/hard/libc_nano.a(lib_a-nano-mallocr.o)
                0x0000000008005fa0                _malloc_r
 .text._sbrk_r  0x0000000008006054       0x20 /opt/st/stm32cubeide_1.3.0/plugins/com.st.stm32cube.ide.mcu.externaltools.gnu-tools-for-stm32.7-2018-q2-update.linux64_1.0.0.201904181610/tools/bin/../lib/gcc/arm-none-eabi/7.3.1/../../../../arm-none-eabi/lib/thumb/v7e-m/fpv4-sp/hard/libc_nano.a(lib_a-sbrkr.o)
                0x0000000008006054                _sbrk_r
 .text.__malloc_lock
                0x0000000008006074        0x2 /opt/st/stm32cubeide_1.3.0/plugins/com.st.stm32cube.ide.mcu.externaltools.gnu-tools-for-stm32.7-2018-q2-update.linux64_1.0.0.201904181610/tools/bin/../lib/gcc/arm-none-eabi/7.3.1/../../../../arm-none-eabi/lib/thumb/v7e-m/fpv4-sp/hard/libc_nano.a(lib_a-mlock.o)
                0x0000000008006074                __malloc_lock
 .text.__malloc_unlock
                0x0000000008006076        0x2 /opt/st/stm32cubeide_1.3.0/plugins/com.st.stm32cube.ide.mcu.externaltools.gnu-tools-for-stm32.7-2018-q2-update.linux64_1.0.0.201904181610/tools/bin/../lib/gcc/arm-none-eabi/7.3.1/../../../../arm-none-eabi/lib/thumb/v7e-m/fpv4-sp/hard/libc_nano.a(lib_a-mlock.o)
                0x0000000008006076                __malloc_unlock
 *(.glue_7)
 .glue_7        0x0000000008006078        0x0 linker stubs
 *(.glue_7t)
 .glue_7t       0x0000000008006078        0x0 linker stubs
 *(.eh_frame)
 .eh_frame      0x0000000008006078        0x0 /opt/st/stm32cubeide_1.3.0/plugins/com.st.stm32cube.ide.mcu.externaltools.gnu-tools-for-stm32.7-2018-q2-update.linux64_1.0.0.201904181610/tools/bin/../lib/gcc/arm-none-eabi/7.3.1/thumb/v7e-m/fpv4-sp/hard/crtbegin.o
 *(.init)
 .init          0x0000000008006078        0x4 /opt/st/stm32cubeide_1.3.0/plugins/com.st.stm32cube.ide.mcu.externaltools.gnu-tools-for-stm32.7-2018-q2-update.linux64_1.0.0.201904181610/tools/bin/../lib/gcc/arm-none-eabi/7.3.1/thumb/v7e-m/fpv4-sp/hard/crti.o
                0x0000000008006078                _init
 .init          0x000000000800607c        0x8 /opt/st/stm32cubeide_1.3.0/plugins/com.st.stm32cube.ide.mcu.externaltools.gnu-tools-for-stm32.7-2018-q2-update.linux64_1.0.0.201904181610/tools/bin/../lib/gcc/arm-none-eabi/7.3.1/thumb/v7e-m/fpv4-sp/hard/crtn.o
 *(.fini)
 .fini          0x0000000008006084        0x4 /opt/st/stm32cubeide_1.3.0/plugins/com.st.stm32cube.ide.mcu.externaltools.gnu-tools-for-stm32.7-2018-q2-update.linux64_1.0.0.201904181610/tools/bin/../lib/gcc/arm-none-eabi/7.3.1/thumb/v7e-m/fpv4-sp/hard/crti.o
                0x0000000008006084                _fini
 .fini          0x0000000008006088        0x8 /opt/st/stm32cubeide_1.3.0/plugins/com.st.stm32cube.ide.mcu.externaltools.gnu-tools-for-stm32.7-2018-q2-update.linux64_1.0.0.201904181610/tools/bin/../lib/gcc/arm-none-eabi/7.3.1/thumb/v7e-m/fpv4-sp/hard/crtn.o
                0x0000000008006090                . = ALIGN (0x4)
                0x0000000008006090                _etext = .

.vfp11_veneer   0x0000000008006090        0x0
 .vfp11_veneer  0x0000000008006090        0x0 linker stubs

.v4_bx          0x0000000008006090        0x0
 .v4_bx         0x0000000008006090        0x0 linker stubs

.iplt           0x0000000008006090        0x0
 .iplt          0x0000000008006090        0x0 /opt/st/stm32cubeide_1.3.0/plugins/com.st.stm32cube.ide.mcu.externaltools.gnu-tools-for-stm32.7-2018-q2-update.linux64_1.0.0.201904181610/tools/bin/../lib/gcc/arm-none-eabi/7.3.1/thumb/v7e-m/fpv4-sp/hard/crtbegin.o

.rodata         0x0000000008006090       0x48
                0x0000000008006090                . = ALIGN (0x4)
 *(.rodata)
 .rodata        0x0000000008006090       0x46 USB_DEVICE/App/usbd_desc.o
 *(.rodata*)
                0x00000000080060d8                . = ALIGN (0x4)
 *fill*         0x00000000080060d6        0x2 

.rel.dyn        0x00000000080060d8        0x0
 .rel.iplt      0x00000000080060d8        0x0 /opt/st/stm32cubeide_1.3.0/plugins/com.st.stm32cube.ide.mcu.externaltools.gnu-tools-for-stm32.7-2018-q2-update.linux64_1.0.0.201904181610/tools/bin/../lib/gcc/arm-none-eabi/7.3.1/thumb/v7e-m/fpv4-sp/hard/crtbegin.o

.ARM.extab      0x00000000080060d8        0x0
                0x00000000080060d8                . = ALIGN (0x4)
 *(.ARM.extab* .gnu.linkonce.armextab.*)
                0x00000000080060d8                . = ALIGN (0x4)

.ARM            0x00000000080060d8        0x0
                0x00000000080060d8                . = ALIGN (0x4)
                0x00000000080060d8                __exidx_start = .
 *(.ARM.exidx*)
                0x00000000080060d8                __exidx_end = .
                0x00000000080060d8                . = ALIGN (0x4)

.preinit_array  0x00000000080060d8        0x0
                0x00000000080060d8                . = ALIGN (0x4)
                0x00000000080060d8                PROVIDE (__preinit_array_start = .)
 *(.preinit_array*)
                0x00000000080060d8                PROVIDE (__preinit_array_end = .)
                0x00000000080060d8                . = ALIGN (0x4)

.init_array     0x00000000080060d8        0x4
                0x00000000080060d8                . = ALIGN (0x4)
                0x00000000080060d8                PROVIDE (__init_array_start = .)
 *(SORT_BY_NAME(.init_array.*))
 *(.init_array*)
 .init_array    0x00000000080060d8        0x4 /opt/st/stm32cubeide_1.3.0/plugins/com.st.stm32cube.ide.mcu.externaltools.gnu-tools-for-stm32.7-2018-q2-update.linux64_1.0.0.201904181610/tools/bin/../lib/gcc/arm-none-eabi/7.3.1/thumb/v7e-m/fpv4-sp/hard/crtbegin.o
                0x00000000080060dc                PROVIDE (__init_array_end = .)
                0x00000000080060dc                . = ALIGN (0x4)

.fini_array     0x00000000080060dc        0x4
                0x00000000080060dc                . = ALIGN (0x4)
                [!provide]                        PROVIDE (__fini_array_start = .)
 *(SORT_BY_NAME(.fini_array.*))
 *(.fini_array*)
 .fini_array    0x00000000080060dc        0x4 /opt/st/stm32cubeide_1.3.0/plugins/com.st.stm32cube.ide.mcu.externaltools.gnu-tools-for-stm32.7-2018-q2-update.linux64_1.0.0.201904181610/tools/bin/../lib/gcc/arm-none-eabi/7.3.1/thumb/v7e-m/fpv4-sp/hard/crtbegin.o
                [!provide]                        PROVIDE (__fini_array_end = .)
                0x00000000080060e0                . = ALIGN (0x4)
                0x00000000080060e0                _sidata = LOADADDR (.data)

.data           0x0000000020000000      0x1e4 load address 0x00000000080060e0
                0x0000000020000000                . = ALIGN (0x4)
                0x0000000020000000                _sdata = .
 *(.data)
 *(.data*)
 .data.SystemCoreClock
                0x0000000020000000        0x4 Core/Src/system_stm32f4xx.o
                0x0000000020000000                SystemCoreClock
 .data.uwTickPrio
                0x0000000020000004        0x4 Drivers/STM32F4xx_HAL_Driver/Src/stm32f4xx_hal.o
                0x0000000020000004                uwTickPrio
 .data.uwTickFreq
                0x0000000020000008        0x1 Drivers/STM32F4xx_HAL_Driver/Src/stm32f4xx_hal.o
                0x0000000020000008                uwTickFreq
 *fill*         0x0000000020000009        0x3 
 .data.USBD_CDC_DeviceQualifierDesc
                0x000000002000000c        0xa Middlewares/ST/STM32_USB_Device_Library/Class/CDC/Src/usbd_cdc.o
 *fill*         0x0000000020000016        0x2 
 .data.USBD_CDC
                0x0000000020000018       0x38 Middlewares/ST/STM32_USB_Device_Library/Class/CDC/Src/usbd_cdc.o
                0x0000000020000018                USBD_CDC
 .data.USBD_CDC_CfgHSDesc
                0x0000000020000050       0x43 Middlewares/ST/STM32_USB_Device_Library/Class/CDC/Src/usbd_cdc.o
 *fill*         0x0000000020000093        0x1 
 .data.USBD_CDC_CfgFSDesc
                0x0000000020000094       0x43 Middlewares/ST/STM32_USB_Device_Library/Class/CDC/Src/usbd_cdc.o
 *fill*         0x00000000200000d7        0x1 
 .data.USBD_CDC_OtherSpeedCfgDesc
                0x00000000200000d8       0x43 Middlewares/ST/STM32_USB_Device_Library/Class/CDC/Src/usbd_cdc.o
 *fill*         0x000000002000011b        0x1 
 .data.USBD_Interface_fops_FS
                0x000000002000011c       0x14 USB_DEVICE/App/usbd_cdc_if.o
                0x000000002000011c                USBD_Interface_fops_FS
 .data.FS_Desc  0x0000000020000130       0x1c USB_DEVICE/App/usbd_desc.o
                0x0000000020000130                FS_Desc
 .data.USBD_FS_DeviceDesc
                0x000000002000014c       0x12 USB_DEVICE/App/usbd_desc.o
                0x000000002000014c                USBD_FS_DeviceDesc
 *fill*         0x000000002000015e        0x2 
 .data.USBD_LangIDDesc
                0x0000000020000160        0x4 USB_DEVICE/App/usbd_desc.o
                0x0000000020000160                USBD_LangIDDesc
 .data.USBD_StringSerial
                0x0000000020000164       0x1a USB_DEVICE/App/usbd_desc.o
                0x0000000020000164                USBD_StringSerial
 *fill*         0x000000002000017e        0x2 
 .data._impure_ptr
                0x0000000020000180        0x4 /opt/st/stm32cubeide_1.3.0/plugins/com.st.stm32cube.ide.mcu.externaltools.gnu-tools-for-stm32.7-2018-q2-update.linux64_1.0.0.201904181610/tools/bin/../lib/gcc/arm-none-eabi/7.3.1/../../../../arm-none-eabi/lib/thumb/v7e-m/fpv4-sp/hard/libc_nano.a(lib_a-impure.o)
                0x0000000020000180                _impure_ptr
 .data.impure_data
                0x0000000020000184       0x60 /opt/st/stm32cubeide_1.3.0/plugins/com.st.stm32cube.ide.mcu.externaltools.gnu-tools-for-stm32.7-2018-q2-update.linux64_1.0.0.201904181610/tools/bin/../lib/gcc/arm-none-eabi/7.3.1/../../../../arm-none-eabi/lib/thumb/v7e-m/fpv4-sp/hard/libc_nano.a(lib_a-impure.o)
                0x00000000200001e4                . = ALIGN (0x4)
                0x00000000200001e4                _edata = .

.igot.plt       0x00000000200001e4        0x0 load address 0x00000000080062c4
 .igot.plt      0x00000000200001e4        0x0 /opt/st/stm32cubeide_1.3.0/plugins/com.st.stm32cube.ide.mcu.externaltools.gnu-tools-for-stm32.7-2018-q2-update.linux64_1.0.0.201904181610/tools/bin/../lib/gcc/arm-none-eabi/7.3.1/thumb/v7e-m/fpv4-sp/hard/crtbegin.o
                0x00000000200001e4                . = ALIGN (0x4)

.bss            0x00000000200001e4     0x190c load address 0x00000000080062c4
                0x00000000200001e4                _sbss = .
                0x00000000200001e4                __bss_start__ = _sbss
 *(.bss)
 .bss           0x00000000200001e4       0x1c /opt/st/stm32cubeide_1.3.0/plugins/com.st.stm32cube.ide.mcu.externaltools.gnu-tools-for-stm32.7-2018-q2-update.linux64_1.0.0.201904181610/tools/bin/../lib/gcc/arm-none-eabi/7.3.1/thumb/v7e-m/fpv4-sp/hard/crtbegin.o
 *(.bss*)
 .bss.heap_end.6424
                0x0000000020000200        0x4 Core/Src/sysmem.o
 .bss.cfgidx.11352
                0x0000000020000204        0x1 Middlewares/ST/STM32_USB_Device_Library/Core/Src/usbd_ctlreq.o
 *fill*         0x0000000020000205        0x3 
 .bss.__malloc_free_list
                0x0000000020000208        0x4 /opt/st/stm32cubeide_1.3.0/plugins/com.st.stm32cube.ide.mcu.externaltools.gnu-tools-for-stm32.7-2018-q2-update.linux64_1.0.0.201904181610/tools/bin/../lib/gcc/arm-none-eabi/7.3.1/../../../../arm-none-eabi/lib/thumb/v7e-m/fpv4-sp/hard/libc_nano.a(lib_a-nano-mallocr.o)
                0x0000000020000208                __malloc_free_list
 .bss.__malloc_sbrk_start
                0x000000002000020c        0x4 /opt/st/stm32cubeide_1.3.0/plugins/com.st.stm32cube.ide.mcu.externaltools.gnu-tools-for-stm32.7-2018-q2-update.linux64_1.0.0.201904181610/tools/bin/../lib/gcc/arm-none-eabi/7.3.1/../../../../arm-none-eabi/lib/thumb/v7e-m/fpv4-sp/hard/libc_nano.a(lib_a-nano-mallocr.o)
                0x000000002000020c                __malloc_sbrk_start
 *(COMMON)
 COMMON         0x0000000020000210        0x4 Drivers/STM32F4xx_HAL_Driver/Src/stm32f4xx_hal.o
                0x0000000020000210                uwTick
 COMMON         0x0000000020000214      0x2d0 USB_DEVICE/App/usb_device.o
                0x0000000020000214                hUsbDeviceFS
 COMMON         0x00000000200004e4     0x1000 USB_DEVICE/App/usbd_cdc_if.o
                0x00000000200004e4                UserRxBufferFS
                0x0000000020000ce4                UserTxBufferFS
 COMMON         0x00000000200014e4      0x200 USB_DEVICE/App/usbd_desc.o
                0x00000000200014e4                USBD_StrDesc
 COMMON         0x00000000200016e4      0x408 USB_DEVICE/Target/usbd_conf.o
                0x00000000200016e4                hpcd_USB_OTG_FS
 COMMON         0x0000000020001aec        0x4 /opt/st/stm32cubeide_1.3.0/plugins/com.st.stm32cube.ide.mcu.externaltools.gnu-tools-for-stm32.7-2018-q2-update.linux64_1.0.0.201904181610/tools/bin/../lib/gcc/arm-none-eabi/7.3.1/../../../../arm-none-eabi/lib/thumb/v7e-m/fpv4-sp/hard/libc_nano.a(lib_a-reent.o)
                0x0000000020001aec                errno
                0x0000000020001af0                . = ALIGN (0x4)
                0x0000000020001af0                _ebss = .
                0x0000000020001af0                __bss_end__ = _ebss

._user_heap_stack
                0x0000000020001af0      0x600 load address 0x00000000080062c4
                0x0000000020001af0                . = ALIGN (0x8)
                0x0000000020001af0                PROVIDE (end = .)
                [!provide]                        PROVIDE (_end = .)
                0x0000000020001cf0                . = (. + _Min_Heap_Size)
 *fill*         0x0000000020001af0      0x200 
                0x00000000200020f0                . = (. + _Min_Stack_Size)
 *fill*         0x0000000020001cf0      0x400 
                0x00000000200020f0                . = ALIGN (0x8)

/DISCARD/
 libc.a(*)
 libm.a(*)
 libgcc.a(*)

.ARM.attributes
                0x0000000000000000       0x30
 *(.ARM.attributes)
 .ARM.attributes
                0x0000000000000000       0x22 /opt/st/stm32cubeide_1.3.0/plugins/com.st.stm32cube.ide.mcu.externaltools.gnu-tools-for-stm32.7-2018-q2-update.linux64_1.0.0.201904181610/tools/bin/../lib/gcc/arm-none-eabi/7.3.1/thumb/v7e-m/fpv4-sp/hard/crti.o
 .ARM.attributes
                0x0000000000000022       0x34 /opt/st/stm32cubeide_1.3.0/plugins/com.st.stm32cube.ide.mcu.externaltools.gnu-tools-for-stm32.7-2018-q2-update.linux64_1.0.0.201904181610/tools/bin/../lib/gcc/arm-none-eabi/7.3.1/thumb/v7e-m/fpv4-sp/hard/crtbegin.o
 .ARM.attributes
                0x0000000000000056       0x39 Core/Src/joe-GPIO.o
 .ARM.attributes
                0x000000000000008f       0x39 Core/Src/main.o
 .ARM.attributes
                0x00000000000000c8       0x39 Core/Src/stm32f4xx_hal_msp.o
 .ARM.attributes
                0x0000000000000101       0x39 Core/Src/stm32f4xx_it.o
 .ARM.attributes
                0x000000000000013a       0x39 Core/Src/sysmem.o
 .ARM.attributes
                0x0000000000000173       0x39 Core/Src/system_stm32f4xx.o
 .ARM.attributes
                0x00000000000001ac       0x21 Core/Startup/startup_stm32f405rgtx.o
 .ARM.attributes
                0x00000000000001cd       0x39 Drivers/STM32F4xx_HAL_Driver/Src/stm32f4xx_hal.o
 .ARM.attributes
                0x0000000000000206       0x39 Drivers/STM32F4xx_HAL_Driver/Src/stm32f4xx_hal_cortex.o
 .ARM.attributes
                0x000000000000023f       0x39 Drivers/STM32F4xx_HAL_Driver/Src/stm32f4xx_hal_gpio.o
 .ARM.attributes
                0x0000000000000278       0x39 Drivers/STM32F4xx_HAL_Driver/Src/stm32f4xx_hal_pcd.o
 .ARM.attributes
                0x00000000000002b1       0x39 Drivers/STM32F4xx_HAL_Driver/Src/stm32f4xx_hal_pcd_ex.o
 .ARM.attributes
                0x00000000000002ea       0x39 Drivers/STM32F4xx_HAL_Driver/Src/stm32f4xx_hal_rcc.o
 .ARM.attributes
                0x0000000000000323       0x39 Drivers/STM32F4xx_HAL_Driver/Src/stm32f4xx_ll_dac.o
 .ARM.attributes
                0x000000000000035c       0x39 Drivers/STM32F4xx_HAL_Driver/Src/stm32f4xx_ll_gpio.o
 .ARM.attributes
                0x0000000000000395       0x39 Drivers/STM32F4xx_HAL_Driver/Src/stm32f4xx_ll_usb.o
 .ARM.attributes
                0x00000000000003ce       0x39 Drivers/STM32F4xx_HAL_Driver/Src/stm32f4xx_ll_utils.o
 .ARM.attributes
                0x0000000000000407       0x39 Middlewares/ST/STM32_USB_Device_Library/Class/CDC/Src/usbd_cdc.o
 .ARM.attributes
                0x0000000000000440       0x39 Middlewares/ST/STM32_USB_Device_Library/Core/Src/usbd_core.o
 .ARM.attributes
                0x0000000000000479       0x39 Middlewares/ST/STM32_USB_Device_Library/Core/Src/usbd_ctlreq.o
 .ARM.attributes
                0x00000000000004b2       0x39 Middlewares/ST/STM32_USB_Device_Library/Core/Src/usbd_ioreq.o
 .ARM.attributes
                0x00000000000004eb       0x39 USB_DEVICE/App/usb_device.o
 .ARM.attributes
                0x0000000000000524       0x39 USB_DEVICE/App/usbd_cdc_if.o
 .ARM.attributes
                0x000000000000055d       0x39 USB_DEVICE/App/usbd_desc.o
 .ARM.attributes
                0x0000000000000596       0x39 USB_DEVICE/Target/usbd_conf.o
 .ARM.attributes
                0x00000000000005cf       0x34 /opt/st/stm32cubeide_1.3.0/plugins/com.st.stm32cube.ide.mcu.externaltools.gnu-tools-for-stm32.7-2018-q2-update.linux64_1.0.0.201904181610/tools/bin/../lib/gcc/arm-none-eabi/7.3.1/../../../../arm-none-eabi/lib/thumb/v7e-m/fpv4-sp/hard/libc_nano.a(lib_a-errno.o)
 .ARM.attributes
                0x0000000000000603       0x34 /opt/st/stm32cubeide_1.3.0/plugins/com.st.stm32cube.ide.mcu.externaltools.gnu-tools-for-stm32.7-2018-q2-update.linux64_1.0.0.201904181610/tools/bin/../lib/gcc/arm-none-eabi/7.3.1/../../../../arm-none-eabi/lib/thumb/v7e-m/fpv4-sp/hard/libc_nano.a(lib_a-impure.o)
 .ARM.attributes
                0x0000000000000637       0x34 /opt/st/stm32cubeide_1.3.0/plugins/com.st.stm32cube.ide.mcu.externaltools.gnu-tools-for-stm32.7-2018-q2-update.linux64_1.0.0.201904181610/tools/bin/../lib/gcc/arm-none-eabi/7.3.1/../../../../arm-none-eabi/lib/thumb/v7e-m/fpv4-sp/hard/libc_nano.a(lib_a-init.o)
 .ARM.attributes
                0x000000000000066b       0x34 /opt/st/stm32cubeide_1.3.0/plugins/com.st.stm32cube.ide.mcu.externaltools.gnu-tools-for-stm32.7-2018-q2-update.linux64_1.0.0.201904181610/tools/bin/../lib/gcc/arm-none-eabi/7.3.1/../../../../arm-none-eabi/lib/thumb/v7e-m/fpv4-sp/hard/libc_nano.a(lib_a-malloc.o)
 .ARM.attributes
                0x000000000000069f       0x34 /opt/st/stm32cubeide_1.3.0/plugins/com.st.stm32cube.ide.mcu.externaltools.gnu-tools-for-stm32.7-2018-q2-update.linux64_1.0.0.201904181610/tools/bin/../lib/gcc/arm-none-eabi/7.3.1/../../../../arm-none-eabi/lib/thumb/v7e-m/fpv4-sp/hard/libc_nano.a(lib_a-nano-freer.o)
 .ARM.attributes
                0x00000000000006d3       0x34 /opt/st/stm32cubeide_1.3.0/plugins/com.st.stm32cube.ide.mcu.externaltools.gnu-tools-for-stm32.7-2018-q2-update.linux64_1.0.0.201904181610/tools/bin/../lib/gcc/arm-none-eabi/7.3.1/../../../../arm-none-eabi/lib/thumb/v7e-m/fpv4-sp/hard/libc_nano.a(lib_a-nano-mallocr.o)
 .ARM.attributes
                0x0000000000000707       0x34 /opt/st/stm32cubeide_1.3.0/plugins/com.st.stm32cube.ide.mcu.externaltools.gnu-tools-for-stm32.7-2018-q2-update.linux64_1.0.0.201904181610/tools/bin/../lib/gcc/arm-none-eabi/7.3.1/../../../../arm-none-eabi/lib/thumb/v7e-m/fpv4-sp/hard/libc_nano.a(lib_a-sbrkr.o)
 .ARM.attributes
                0x000000000000073b       0x34 /opt/st/stm32cubeide_1.3.0/plugins/com.st.stm32cube.ide.mcu.externaltools.gnu-tools-for-stm32.7-2018-q2-update.linux64_1.0.0.201904181610/tools/bin/../lib/gcc/arm-none-eabi/7.3.1/../../../../arm-none-eabi/lib/thumb/v7e-m/fpv4-sp/hard/libc_nano.a(lib_a-mlock.o)
 .ARM.attributes
                0x000000000000076f       0x34 /opt/st/stm32cubeide_1.3.0/plugins/com.st.stm32cube.ide.mcu.externaltools.gnu-tools-for-stm32.7-2018-q2-update.linux64_1.0.0.201904181610/tools/bin/../lib/gcc/arm-none-eabi/7.3.1/../../../../arm-none-eabi/lib/thumb/v7e-m/fpv4-sp/hard/libc_nano.a(lib_a-reent.o)
 .ARM.attributes
                0x00000000000007a3       0x22 /opt/st/stm32cubeide_1.3.0/plugins/com.st.stm32cube.ide.mcu.externaltools.gnu-tools-for-stm32.7-2018-q2-update.linux64_1.0.0.201904181610/tools/bin/../lib/gcc/arm-none-eabi/7.3.1/thumb/v7e-m/fpv4-sp/hard/crtn.o
OUTPUT(SoundBoard.elf elf32-littlearm)

.debug_info     0x0000000000000000    0x136cd
 .debug_info    0x0000000000000000      0x200 Core/Src/joe-GPIO.o
 .debug_info    0x0000000000000200     0x1114 Core/Src/main.o
 .debug_info    0x0000000000001314      0x373 Core/Src/stm32f4xx_hal_msp.o
 .debug_info    0x0000000000001687      0x686 Core/Src/stm32f4xx_it.o
 .debug_info    0x0000000000001d0d      0x91c Core/Src/sysmem.o
 .debug_info    0x0000000000002629      0x554 Core/Src/system_stm32f4xx.o
 .debug_info    0x0000000000002b7d       0x22 Core/Startup/startup_stm32f405rgtx.o
 .debug_info    0x0000000000002b9f      0x933 Drivers/STM32F4xx_HAL_Driver/Src/stm32f4xx_hal.o
 .debug_info    0x00000000000034d2      0xe16 Drivers/STM32F4xx_HAL_Driver/Src/stm32f4xx_hal_cortex.o
 .debug_info    0x00000000000042e8      0x7b5 Drivers/STM32F4xx_HAL_Driver/Src/stm32f4xx_hal_gpio.o
 .debug_info    0x0000000000004a9d     0x1114 Drivers/STM32F4xx_HAL_Driver/Src/stm32f4xx_hal_pcd.o
 .debug_info    0x0000000000005bb1      0x753 Drivers/STM32F4xx_HAL_Driver/Src/stm32f4xx_hal_pcd_ex.o
 .debug_info    0x0000000000006304      0x904 Drivers/STM32F4xx_HAL_Driver/Src/stm32f4xx_hal_rcc.o
 .debug_info    0x0000000000006c08      0x57a Drivers/STM32F4xx_HAL_Driver/Src/stm32f4xx_ll_dac.o
 .debug_info    0x0000000000007182      0x91b Drivers/STM32F4xx_HAL_Driver/Src/stm32f4xx_ll_gpio.o
 .debug_info    0x0000000000007a9d     0x18dd Drivers/STM32F4xx_HAL_Driver/Src/stm32f4xx_ll_usb.o
 .debug_info    0x000000000000937a      0x93e Drivers/STM32F4xx_HAL_Driver/Src/stm32f4xx_ll_utils.o
 .debug_info    0x0000000000009cb8     0x1811 Middlewares/ST/STM32_USB_Device_Library/Class/CDC/Src/usbd_cdc.o
 .debug_info    0x000000000000b4c9     0x1296 Middlewares/ST/STM32_USB_Device_Library/Core/Src/usbd_core.o
 .debug_info    0x000000000000c75f     0x124e Middlewares/ST/STM32_USB_Device_Library/Core/Src/usbd_ctlreq.o
 .debug_info    0x000000000000d9ad      0xf99 Middlewares/ST/STM32_USB_Device_Library/Core/Src/usbd_ioreq.o
 .debug_info    0x000000000000e946      0xf0c USB_DEVICE/App/usb_device.o
 .debug_info    0x000000000000f852     0x111e USB_DEVICE/App/usbd_cdc_if.o
 .debug_info    0x0000000000010970      0xd31 USB_DEVICE/App/usbd_desc.o
 .debug_info    0x00000000000116a1     0x202c USB_DEVICE/Target/usbd_conf.o

.debug_abbrev   0x0000000000000000     0x31a2
 .debug_abbrev  0x0000000000000000       0xc4 Core/Src/joe-GPIO.o
 .debug_abbrev  0x00000000000000c4      0x25f Core/Src/main.o
 .debug_abbrev  0x0000000000000323      0x109 Core/Src/stm32f4xx_hal_msp.o
 .debug_abbrev  0x000000000000042c      0x173 Core/Src/stm32f4xx_it.o
 .debug_abbrev  0x000000000000059f      0x1bb Core/Src/sysmem.o
 .debug_abbrev  0x000000000000075a      0x12b Core/Src/system_stm32f4xx.o
 .debug_abbrev  0x0000000000000885       0x12 Core/Startup/startup_stm32f405rgtx.o
 .debug_abbrev  0x0000000000000897      0x1c7 Drivers/STM32F4xx_HAL_Driver/Src/stm32f4xx_hal.o
 .debug_abbrev  0x0000000000000a5e      0x2fa Drivers/STM32F4xx_HAL_Driver/Src/stm32f4xx_hal_cortex.o
 .debug_abbrev  0x0000000000000d58      0x1c9 Drivers/STM32F4xx_HAL_Driver/Src/stm32f4xx_hal_gpio.o
 .debug_abbrev  0x0000000000000f21      0x266 Drivers/STM32F4xx_HAL_Driver/Src/stm32f4xx_hal_pcd.o
 .debug_abbrev  0x0000000000001187      0x1cf Drivers/STM32F4xx_HAL_Driver/Src/stm32f4xx_hal_pcd_ex.o
 .debug_abbrev  0x0000000000001356      0x245 Drivers/STM32F4xx_HAL_Driver/Src/stm32f4xx_hal_rcc.o
 .debug_abbrev  0x000000000000159b      0x186 Drivers/STM32F4xx_HAL_Driver/Src/stm32f4xx_ll_dac.o
 .debug_abbrev  0x0000000000001721      0x212 Drivers/STM32F4xx_HAL_Driver/Src/stm32f4xx_ll_gpio.o
 .debug_abbrev  0x0000000000001933      0x26d Drivers/STM32F4xx_HAL_Driver/Src/stm32f4xx_ll_usb.o
 .debug_abbrev  0x0000000000001ba0      0x200 Drivers/STM32F4xx_HAL_Driver/Src/stm32f4xx_ll_utils.o
 .debug_abbrev  0x0000000000001da0      0x2cb Middlewares/ST/STM32_USB_Device_Library/Class/CDC/Src/usbd_cdc.o
 .debug_abbrev  0x000000000000206b      0x28c Middlewares/ST/STM32_USB_Device_Library/Core/Src/usbd_core.o
 .debug_abbrev  0x00000000000022f7      0x2ba Middlewares/ST/STM32_USB_Device_Library/Core/Src/usbd_ctlreq.o
 .debug_abbrev  0x00000000000025b1      0x20b Middlewares/ST/STM32_USB_Device_Library/Core/Src/usbd_ioreq.o
 .debug_abbrev  0x00000000000027bc      0x1e9 USB_DEVICE/App/usb_device.o
 .debug_abbrev  0x00000000000029a5      0x2d9 USB_DEVICE/App/usbd_cdc_if.o
 .debug_abbrev  0x0000000000002c7e      0x274 USB_DEVICE/App/usbd_desc.o
 .debug_abbrev  0x0000000000002ef2      0x2b0 USB_DEVICE/Target/usbd_conf.o

.debug_aranges  0x0000000000000000      0xd88
 .debug_aranges
                0x0000000000000000       0x48 Core/Src/joe-GPIO.o
 .debug_aranges
                0x0000000000000048       0xc0 Core/Src/main.o
 .debug_aranges
                0x0000000000000108       0x20 Core/Src/stm32f4xx_hal_msp.o
 .debug_aranges
                0x0000000000000128       0x68 Core/Src/stm32f4xx_it.o
 .debug_aranges
                0x0000000000000190       0x20 Core/Src/sysmem.o
 .debug_aranges
                0x00000000000001b0       0x28 Core/Src/system_stm32f4xx.o
 .debug_aranges
                0x00000000000001d8       0x28 Core/Startup/startup_stm32f405rgtx.o
 .debug_aranges
                0x0000000000000200       0xf0 Drivers/STM32F4xx_HAL_Driver/Src/stm32f4xx_hal.o
 .debug_aranges
                0x00000000000002f0      0x118 Drivers/STM32F4xx_HAL_Driver/Src/stm32f4xx_hal_cortex.o
 .debug_aranges
                0x0000000000000408       0x58 Drivers/STM32F4xx_HAL_Driver/Src/stm32f4xx_hal_gpio.o
 .debug_aranges
                0x0000000000000460      0x130 Drivers/STM32F4xx_HAL_Driver/Src/stm32f4xx_hal_pcd.o
 .debug_aranges
                0x0000000000000590       0x38 Drivers/STM32F4xx_HAL_Driver/Src/stm32f4xx_hal_pcd_ex.o
 .debug_aranges
                0x00000000000005c8       0x88 Drivers/STM32F4xx_HAL_Driver/Src/stm32f4xx_hal_rcc.o
 .debug_aranges
                0x0000000000000650       0x48 Drivers/STM32F4xx_HAL_Driver/Src/stm32f4xx_ll_dac.o
 .debug_aranges
                0x0000000000000698       0x70 Drivers/STM32F4xx_HAL_Driver/Src/stm32f4xx_ll_gpio.o
 .debug_aranges
                0x0000000000000708      0x198 Drivers/STM32F4xx_HAL_Driver/Src/stm32f4xx_ll_usb.o
 .debug_aranges
                0x00000000000008a0       0xf8 Drivers/STM32F4xx_HAL_Driver/Src/stm32f4xx_ll_utils.o
 .debug_aranges
                0x0000000000000998       0x90 Middlewares/ST/STM32_USB_Device_Library/Class/CDC/Src/usbd_cdc.o
 .debug_aranges
                0x0000000000000a28       0xb8 Middlewares/ST/STM32_USB_Device_Library/Core/Src/usbd_core.o
 .debug_aranges
                0x0000000000000ae0       0x90 Middlewares/ST/STM32_USB_Device_Library/Core/Src/usbd_ctlreq.o
 .debug_aranges
                0x0000000000000b70       0x50 Middlewares/ST/STM32_USB_Device_Library/Core/Src/usbd_ioreq.o
 .debug_aranges
                0x0000000000000bc0       0x20 USB_DEVICE/App/usb_device.o
 .debug_aranges
                0x0000000000000be0       0x48 USB_DEVICE/App/usbd_cdc_if.o
 .debug_aranges
                0x0000000000000c28       0x60 USB_DEVICE/App/usbd_desc.o
 .debug_aranges
                0x0000000000000c88      0x100 USB_DEVICE/Target/usbd_conf.o

.debug_ranges   0x0000000000000000      0xc00
 .debug_ranges  0x0000000000000000       0x38 Core/Src/joe-GPIO.o
 .debug_ranges  0x0000000000000038       0xb0 Core/Src/main.o
 .debug_ranges  0x00000000000000e8       0x10 Core/Src/stm32f4xx_hal_msp.o
 .debug_ranges  0x00000000000000f8       0x58 Core/Src/stm32f4xx_it.o
 .debug_ranges  0x0000000000000150       0x10 Core/Src/sysmem.o
 .debug_ranges  0x0000000000000160       0x18 Core/Src/system_stm32f4xx.o
 .debug_ranges  0x0000000000000178       0x20 Core/Startup/startup_stm32f405rgtx.o
 .debug_ranges  0x0000000000000198       0xe0 Drivers/STM32F4xx_HAL_Driver/Src/stm32f4xx_hal.o
 .debug_ranges  0x0000000000000278      0x108 Drivers/STM32F4xx_HAL_Driver/Src/stm32f4xx_hal_cortex.o
 .debug_ranges  0x0000000000000380       0x48 Drivers/STM32F4xx_HAL_Driver/Src/stm32f4xx_hal_gpio.o
 .debug_ranges  0x00000000000003c8      0x120 Drivers/STM32F4xx_HAL_Driver/Src/stm32f4xx_hal_pcd.o
 .debug_ranges  0x00000000000004e8       0x28 Drivers/STM32F4xx_HAL_Driver/Src/stm32f4xx_hal_pcd_ex.o
 .debug_ranges  0x0000000000000510       0x78 Drivers/STM32F4xx_HAL_Driver/Src/stm32f4xx_hal_rcc.o
 .debug_ranges  0x0000000000000588       0x38 Drivers/STM32F4xx_HAL_Driver/Src/stm32f4xx_ll_dac.o
 .debug_ranges  0x00000000000005c0       0x60 Drivers/STM32F4xx_HAL_Driver/Src/stm32f4xx_ll_gpio.o
 .debug_ranges  0x0000000000000620      0x188 Drivers/STM32F4xx_HAL_Driver/Src/stm32f4xx_ll_usb.o
 .debug_ranges  0x00000000000007a8       0xe8 Drivers/STM32F4xx_HAL_Driver/Src/stm32f4xx_ll_utils.o
 .debug_ranges  0x0000000000000890       0x80 Middlewares/ST/STM32_USB_Device_Library/Class/CDC/Src/usbd_cdc.o
 .debug_ranges  0x0000000000000910       0xa8 Middlewares/ST/STM32_USB_Device_Library/Core/Src/usbd_core.o
 .debug_ranges  0x00000000000009b8       0x80 Middlewares/ST/STM32_USB_Device_Library/Core/Src/usbd_ctlreq.o
 .debug_ranges  0x0000000000000a38       0x40 Middlewares/ST/STM32_USB_Device_Library/Core/Src/usbd_ioreq.o
 .debug_ranges  0x0000000000000a78       0x10 USB_DEVICE/App/usb_device.o
 .debug_ranges  0x0000000000000a88       0x38 USB_DEVICE/App/usbd_cdc_if.o
 .debug_ranges  0x0000000000000ac0       0x50 USB_DEVICE/App/usbd_desc.o
 .debug_ranges  0x0000000000000b10       0xf0 USB_DEVICE/Target/usbd_conf.o

.debug_macro    0x0000000000000000    0x235c3
 .debug_macro   0x0000000000000000       0x72 Core/Src/joe-GPIO.o
 .debug_macro   0x0000000000000072      0xa60 Core/Src/joe-GPIO.o
 .debug_macro   0x0000000000000ad2       0x22 Core/Src/joe-GPIO.o
 .debug_macro   0x0000000000000af4       0x8e Core/Src/joe-GPIO.o
 .debug_macro   0x0000000000000b82       0x51 Core/Src/joe-GPIO.o
 .debug_macro   0x0000000000000bd3       0xef Core/Src/joe-GPIO.o
 .debug_macro   0x0000000000000cc2       0x6a Core/Src/joe-GPIO.o
 .debug_macro   0x0000000000000d2c      0x1df Core/Src/joe-GPIO.o
 .debug_macro   0x0000000000000f0b       0xf4 Core/Src/joe-GPIO.o
 .debug_macro   0x0000000000000fff      0x428 Core/Src/main.o
 .debug_macro   0x0000000000001427      0x184 Core/Src/main.o
 .debug_macro   0x00000000000015ab       0x2e Core/Src/main.o
 .debug_macro   0x00000000000015d9       0x2f Core/Src/main.o
 .debug_macro   0x0000000000001608       0x1c Core/Src/main.o
 .debug_macro   0x0000000000001624       0x22 Core/Src/main.o
 .debug_macro   0x0000000000001646       0xdf Core/Src/main.o
 .debug_macro   0x0000000000001725     0x102d Core/Src/main.o
 .debug_macro   0x0000000000002752      0x11f Core/Src/main.o
 .debug_macro   0x0000000000002871    0x14251 Core/Src/main.o
 .debug_macro   0x0000000000016ac2       0x43 Core/Src/main.o
 .debug_macro   0x0000000000016b05     0x3659 Core/Src/main.o
 .debug_macro   0x000000000001a15e      0x174 Core/Src/main.o
 .debug_macro   0x000000000001a2d2       0x5a Core/Src/main.o
 .debug_macro   0x000000000001a32c      0x8a7 Core/Src/main.o
 .debug_macro   0x000000000001abd3      0x9fe Core/Src/main.o
 .debug_macro   0x000000000001b5d1      0x174 Core/Src/main.o
 .debug_macro   0x000000000001b745      0x117 Core/Src/main.o
 .debug_macro   0x000000000001b85c      0x130 Core/Src/main.o
 .debug_macro   0x000000000001b98c       0x27 Core/Src/main.o
 .debug_macro   0x000000000001b9b3      0x287 Core/Src/main.o
 .debug_macro   0x000000000001bc3a       0x5f Core/Src/main.o
 .debug_macro   0x000000000001bc99      0x236 Core/Src/main.o
 .debug_macro   0x000000000001becf      0x12c Core/Src/main.o
 .debug_macro   0x000000000001bffb      0x21e Core/Src/main.o
 .debug_macro   0x000000000001c219       0x2e Core/Src/main.o
 .debug_macro   0x000000000001c247      0x11a Core/Src/main.o
 .debug_macro   0x000000000001c361       0x7e Core/Src/main.o
 .debug_macro   0x000000000001c3df       0x89 Core/Src/main.o
 .debug_macro   0x000000000001c468      0x21e Core/Src/main.o
 .debug_macro   0x000000000001c686       0xba Core/Src/main.o
 .debug_macro   0x000000000001c740      0x12d Core/Src/main.o
 .debug_macro   0x000000000001c86d      0x228 Core/Src/main.o
 .debug_macro   0x000000000001ca95      0x781 Core/Src/main.o
 .debug_macro   0x000000000001d216      0x1b6 Core/Src/main.o
 .debug_macro   0x000000000001d3cc      0x20a Core/Src/main.o
 .debug_macro   0x000000000001d5d6       0xe8 Core/Src/main.o
 .debug_macro   0x000000000001d6be      0x1a8 Core/Src/main.o
 .debug_macro   0x000000000001d866       0x61 Core/Src/main.o
 .debug_macro   0x000000000001d8c7       0xab Core/Src/main.o
 .debug_macro   0x000000000001d972      0x1e6 Core/Src/main.o
 .debug_macro   0x000000000001db58      0x149 Core/Src/main.o
 .debug_macro   0x000000000001dca1       0xfa Core/Src/main.o
 .debug_macro   0x000000000001dd9b       0x7c Core/Src/main.o
 .debug_macro   0x000000000001de17       0x46 Core/Src/main.o
 .debug_macro   0x000000000001de5d       0x18 Core/Src/main.o
 .debug_macro   0x000000000001de75       0x3c Core/Src/main.o
 .debug_macro   0x000000000001deb1       0x34 Core/Src/main.o
 .debug_macro   0x000000000001dee5       0x16 Core/Src/main.o
 .debug_macro   0x000000000001defb       0x35 Core/Src/main.o
 .debug_macro   0x000000000001df30      0x32a Core/Src/main.o
 .debug_macro   0x000000000001e25a       0x10 Core/Src/main.o
 .debug_macro   0x000000000001e26a       0x52 Core/Src/main.o
 .debug_macro   0x000000000001e2bc       0x1f Core/Src/main.o
 .debug_macro   0x000000000001e2db       0x43 Core/Src/main.o
 .debug_macro   0x000000000001e31e       0x20 Core/Src/main.o
 .debug_macro   0x000000000001e33e      0x1a3 Core/Src/main.o
 .debug_macro   0x000000000001e4e1       0x10 Core/Src/main.o
 .debug_macro   0x000000000001e4f1       0x1c Core/Src/main.o
 .debug_macro   0x000000000001e50d       0x52 Core/Src/main.o
 .debug_macro   0x000000000001e55f       0x40 Core/Src/main.o
 .debug_macro   0x000000000001e59f       0x10 Core/Src/main.o
 .debug_macro   0x000000000001e5af       0x40 Core/Src/main.o
 .debug_macro   0x000000000001e5ef       0xd7 Core/Src/main.o
 .debug_macro   0x000000000001e6c6       0x1c Core/Src/main.o
 .debug_macro   0x000000000001e6e2       0x3d Core/Src/main.o
 .debug_macro   0x000000000001e71f       0x16 Core/Src/main.o
 .debug_macro   0x000000000001e735      0x145 Core/Src/main.o
 .debug_macro   0x000000000001e87a       0x16 Core/Src/main.o
 .debug_macro   0x000000000001e890       0x16 Core/Src/main.o
 .debug_macro   0x000000000001e8a6       0x29 Core/Src/main.o
 .debug_macro   0x000000000001e8cf       0x16 Core/Src/main.o
 .debug_macro   0x000000000001e8e5       0x20 Core/Src/main.o
 .debug_macro   0x000000000001e905       0x65 Core/Src/main.o
 .debug_macro   0x000000000001e96a      0x1c4 Core/Src/main.o
 .debug_macro   0x000000000001eb2e      0x246 Core/Src/stm32f4xx_hal_msp.o
 .debug_macro   0x000000000001ed74      0x250 Core/Src/stm32f4xx_it.o
 .debug_macro   0x000000000001efc4      0x1ae Core/Src/sysmem.o
 .debug_macro   0x000000000001f172      0x23b Core/Src/sysmem.o
 .debug_macro   0x000000000001f3ad      0x1da Core/Src/system_stm32f4xx.o
 .debug_macro   0x000000000001f587      0x234 Drivers/STM32F4xx_HAL_Driver/Src/stm32f4xx_hal.o
 .debug_macro   0x000000000001f7bb      0x1d4 Drivers/STM32F4xx_HAL_Driver/Src/stm32f4xx_hal_cortex.o
 .debug_macro   0x000000000001f98f      0x20a Drivers/STM32F4xx_HAL_Driver/Src/stm32f4xx_hal_gpio.o
 .debug_macro   0x000000000001fb99      0x1e0 Drivers/STM32F4xx_HAL_Driver/Src/stm32f4xx_hal_pcd.o
 .debug_macro   0x000000000001fd79      0x1d4 Drivers/STM32F4xx_HAL_Driver/Src/stm32f4xx_hal_pcd_ex.o
 .debug_macro   0x000000000001ff4d      0x1f8 Drivers/STM32F4xx_HAL_Driver/Src/stm32f4xx_hal_rcc.o
 .debug_macro   0x0000000000020145      0x210 Drivers/STM32F4xx_HAL_Driver/Src/stm32f4xx_ll_dac.o
 .debug_macro   0x0000000000020355      0x222 Drivers/STM32F4xx_HAL_Driver/Src/stm32f4xx_ll_dac.o
 .debug_macro   0x0000000000020577      0x216 Drivers/STM32F4xx_HAL_Driver/Src/stm32f4xx_ll_gpio.o
 .debug_macro   0x000000000002078d      0x143 Drivers/STM32F4xx_HAL_Driver/Src/stm32f4xx_ll_gpio.o
 .debug_macro   0x00000000000208d0      0x1d4 Drivers/STM32F4xx_HAL_Driver/Src/stm32f4xx_ll_usb.o
 .debug_macro   0x0000000000020aa4      0x2b5 Drivers/STM32F4xx_HAL_Driver/Src/stm32f4xx_ll_utils.o
 .debug_macro   0x0000000000020d59       0x5b Drivers/STM32F4xx_HAL_Driver/Src/stm32f4xx_ll_utils.o
 .debug_macro   0x0000000000020db4      0x453 Middlewares/ST/STM32_USB_Device_Library/Class/CDC/Src/usbd_cdc.o
 .debug_macro   0x0000000000021207       0x97 Middlewares/ST/STM32_USB_Device_Library/Class/CDC/Src/usbd_cdc.o
 .debug_macro   0x000000000002129e       0xfd Middlewares/ST/STM32_USB_Device_Library/Class/CDC/Src/usbd_cdc.o
 .debug_macro   0x000000000002139b       0xd9 Middlewares/ST/STM32_USB_Device_Library/Class/CDC/Src/usbd_cdc.o
 .debug_macro   0x0000000000021474       0x54 Middlewares/ST/STM32_USB_Device_Library/Class/CDC/Src/usbd_cdc.o
 .debug_macro   0x00000000000214c8       0x8f Middlewares/ST/STM32_USB_Device_Library/Class/CDC/Src/usbd_cdc.o
 .debug_macro   0x0000000000021557      0x43a Middlewares/ST/STM32_USB_Device_Library/Core/Src/usbd_core.o
 .debug_macro   0x0000000000021991      0x1ca Middlewares/ST/STM32_USB_Device_Library/Core/Src/usbd_core.o
 .debug_macro   0x0000000000021b5b      0x444 Middlewares/ST/STM32_USB_Device_Library/Core/Src/usbd_ctlreq.o
 .debug_macro   0x0000000000021f9f      0x440 Middlewares/ST/STM32_USB_Device_Library/Core/Src/usbd_ioreq.o
 .debug_macro   0x00000000000223df      0x47a USB_DEVICE/App/usb_device.o
 .debug_macro   0x0000000000022859       0x22 USB_DEVICE/App/usb_device.o
 .debug_macro   0x000000000002287b      0x465 USB_DEVICE/App/usbd_cdc_if.o
 .debug_macro   0x0000000000022ce0      0x47d USB_DEVICE/App/usbd_desc.o
 .debug_macro   0x000000000002315d       0x1c USB_DEVICE/App/usbd_desc.o
 .debug_macro   0x0000000000023179      0x44a USB_DEVICE/Target/usbd_conf.o

.debug_line     0x0000000000000000     0xe8fc
 .debug_line    0x0000000000000000      0x3ef Core/Src/joe-GPIO.o
 .debug_line    0x00000000000003ef      0xc16 Core/Src/main.o
 .debug_line    0x0000000000001005      0x78f Core/Src/stm32f4xx_hal_msp.o
 .debug_line    0x0000000000001794      0x845 Core/Src/stm32f4xx_it.o
 .debug_line    0x0000000000001fd9      0x531 Core/Src/sysmem.o
 .debug_line    0x000000000000250a      0x6b6 Core/Src/system_stm32f4xx.o
 .debug_line    0x0000000000002bc0       0x85 Core/Startup/startup_stm32f405rgtx.o
 .debug_line    0x0000000000002c45      0x8a0 Drivers/STM32F4xx_HAL_Driver/Src/stm32f4xx_hal.o
 .debug_line    0x00000000000034e5      0x9c4 Drivers/STM32F4xx_HAL_Driver/Src/stm32f4xx_hal_cortex.o
 .debug_line    0x0000000000003ea9      0x87f Drivers/STM32F4xx_HAL_Driver/Src/stm32f4xx_hal_gpio.o
 .debug_line    0x0000000000004728      0xc17 Drivers/STM32F4xx_HAL_Driver/Src/stm32f4xx_hal_pcd.o
 .debug_line    0x000000000000533f      0x6f9 Drivers/STM32F4xx_HAL_Driver/Src/stm32f4xx_hal_pcd_ex.o
 .debug_line    0x0000000000005a38      0x8f8 Drivers/STM32F4xx_HAL_Driver/Src/stm32f4xx_hal_rcc.o
 .debug_line    0x0000000000006330      0x74b Drivers/STM32F4xx_HAL_Driver/Src/stm32f4xx_ll_dac.o
 .debug_line    0x0000000000006a7b      0x888 Drivers/STM32F4xx_HAL_Driver/Src/stm32f4xx_ll_gpio.o
 .debug_line    0x0000000000007303      0xdca Drivers/STM32F4xx_HAL_Driver/Src/stm32f4xx_ll_usb.o
 .debug_line    0x00000000000080cd      0x9db Drivers/STM32F4xx_HAL_Driver/Src/stm32f4xx_ll_utils.o
 .debug_line    0x0000000000008aa8      0xc46 Middlewares/ST/STM32_USB_Device_Library/Class/CDC/Src/usbd_cdc.o
 .debug_line    0x00000000000096ee      0xc63 Middlewares/ST/STM32_USB_Device_Library/Core/Src/usbd_core.o
 .debug_line    0x000000000000a351      0xd56 Middlewares/ST/STM32_USB_Device_Library/Core/Src/usbd_ctlreq.o
 .debug_line    0x000000000000b0a7      0xae1 Middlewares/ST/STM32_USB_Device_Library/Core/Src/usbd_ioreq.o
 .debug_line    0x000000000000bb88      0xac3 USB_DEVICE/App/usb_device.o
 .debug_line    0x000000000000c64b      0xb09 USB_DEVICE/App/usbd_cdc_if.o
 .debug_line    0x000000000000d154      0xb15 USB_DEVICE/App/usbd_desc.o
 .debug_line    0x000000000000dc69      0xc93 USB_DEVICE/Target/usbd_conf.o

.debug_str      0x0000000000000000    0xc5961
 .debug_str     0x0000000000000000     0x3e49 Core/Src/joe-GPIO.o
                                       0x3fc6 (size before relaxing)
 .debug_str     0x0000000000003e49    0xbb5a1 Core/Src/main.o
                                      0xbf991 (size before relaxing)
 .debug_str     0x00000000000bf3ea       0x2c Core/Src/stm32f4xx_hal_msp.o
                                      0xbaa9b (size before relaxing)
 .debug_str     0x00000000000bf416      0x437 Core/Src/stm32f4xx_it.o
                                      0xbadde (size before relaxing)
 .debug_str     0x00000000000bf84d      0x4d1 Core/Src/sysmem.o
                                       0x7b00 (size before relaxing)
 .debug_str     0x00000000000bfd1e       0xc4 Core/Src/system_stm32f4xx.o
                                      0xb032f (size before relaxing)
 .debug_str     0x00000000000bfde2       0x36 Core/Startup/startup_stm32f405rgtx.o
                                         0x6d (size before relaxing)
 .debug_str     0x00000000000bfe18      0xa0b Drivers/STM32F4xx_HAL_Driver/Src/stm32f4xx_hal.o
                                      0xb0ddb (size before relaxing)
 .debug_str     0x00000000000c0823      0x3a5 Drivers/STM32F4xx_HAL_Driver/Src/stm32f4xx_hal_cortex.o
                                      0xb0bca (size before relaxing)
 .debug_str     0x00000000000c0bc8      0x222 Drivers/STM32F4xx_HAL_Driver/Src/stm32f4xx_hal_gpio.o
                                      0xb056e (size before relaxing)
 .debug_str     0x00000000000c0dea      0x54c Drivers/STM32F4xx_HAL_Driver/Src/stm32f4xx_hal_pcd.o
                                      0xb0acf (size before relaxing)
 .debug_str     0x00000000000c1336      0x13f Drivers/STM32F4xx_HAL_Driver/Src/stm32f4xx_hal_pcd_ex.o
                                      0xb06cf (size before relaxing)
 .debug_str     0x00000000000c1475      0x358 Drivers/STM32F4xx_HAL_Driver/Src/stm32f4xx_hal_rcc.o
                                      0xb071c (size before relaxing)
 .debug_str     0x00000000000c17cd      0xc04 Drivers/STM32F4xx_HAL_Driver/Src/stm32f4xx_ll_dac.o
                                      0xb2dd3 (size before relaxing)
 .debug_str     0x00000000000c23d1      0x664 Drivers/STM32F4xx_HAL_Driver/Src/stm32f4xx_ll_gpio.o
                                      0xb1c4e (size before relaxing)
 .debug_str     0x00000000000c2a35      0x67a Drivers/STM32F4xx_HAL_Driver/Src/stm32f4xx_ll_usb.o
                                      0xb0c03 (size before relaxing)
 .debug_str     0x00000000000c30af     0x1686 Drivers/STM32F4xx_HAL_Driver/Src/stm32f4xx_ll_utils.o
                                      0xb6fa2 (size before relaxing)
 .debug_str     0x00000000000c4735      0x8fb Middlewares/ST/STM32_USB_Device_Library/Class/CDC/Src/usbd_cdc.o
                                      0xc021e (size before relaxing)
 .debug_str     0x00000000000c5030      0x1a2 Middlewares/ST/STM32_USB_Device_Library/Core/Src/usbd_core.o
                                      0xbfac5 (size before relaxing)
 .debug_str     0x00000000000c51d2      0x152 Middlewares/ST/STM32_USB_Device_Library/Core/Src/usbd_ctlreq.o
                                      0xbfa83 (size before relaxing)
 .debug_str     0x00000000000c5324       0xc9 Middlewares/ST/STM32_USB_Device_Library/Core/Src/usbd_ioreq.o
                                      0xbf9d3 (size before relaxing)
 .debug_str     0x00000000000c53ed       0xec USB_DEVICE/App/usb_device.o
                                      0xbfd1b (size before relaxing)
 .debug_str     0x00000000000c54d9       0xc6 USB_DEVICE/App/usbd_cdc_if.o
                                      0xbfd99 (size before relaxing)
 .debug_str     0x00000000000c559f      0x26e USB_DEVICE/App/usbd_desc.o
                                      0xbf925 (size before relaxing)
 .debug_str     0x00000000000c580d      0x154 USB_DEVICE/Target/usbd_conf.o
                                      0xc061d (size before relaxing)

.comment        0x0000000000000000       0x7b
 .comment       0x0000000000000000       0x7b Core/Src/joe-GPIO.o
                                         0x7c (size before relaxing)
 .comment       0x000000000000007b       0x7c Core/Src/main.o
 .comment       0x000000000000007b       0x7c Core/Src/stm32f4xx_hal_msp.o
 .comment       0x000000000000007b       0x7c Core/Src/stm32f4xx_it.o
 .comment       0x000000000000007b       0x7c Core/Src/sysmem.o
 .comment       0x000000000000007b       0x7c Core/Src/system_stm32f4xx.o
 .comment       0x000000000000007b       0x7c Drivers/STM32F4xx_HAL_Driver/Src/stm32f4xx_hal.o
 .comment       0x000000000000007b       0x7c Drivers/STM32F4xx_HAL_Driver/Src/stm32f4xx_hal_cortex.o
 .comment       0x000000000000007b       0x7c Drivers/STM32F4xx_HAL_Driver/Src/stm32f4xx_hal_gpio.o
 .comment       0x000000000000007b       0x7c Drivers/STM32F4xx_HAL_Driver/Src/stm32f4xx_hal_pcd.o
 .comment       0x000000000000007b       0x7c Drivers/STM32F4xx_HAL_Driver/Src/stm32f4xx_hal_pcd_ex.o
 .comment       0x000000000000007b       0x7c Drivers/STM32F4xx_HAL_Driver/Src/stm32f4xx_hal_rcc.o
 .comment       0x000000000000007b       0x7c Drivers/STM32F4xx_HAL_Driver/Src/stm32f4xx_ll_dac.o
 .comment       0x000000000000007b       0x7c Drivers/STM32F4xx_HAL_Driver/Src/stm32f4xx_ll_gpio.o