Archive member included to satisfy reference by file (symbol)

/opt/st/stm32cubeide_1.3.0/plugins/com.st.stm32cube.ide.mcu.externaltools.gnu-tools-for-stm32.7-2018-q2-update.linux64_1.0.0.201904181610/tools/bin/../lib/gcc/arm-none-eabi/7.3.1/../../../../arm-none-eabi/lib/thumb/v7e-m/fpv4-sp/hard/libc_nano.a(lib_a-errno.o)
                              Core/Src/syscalls.o (__errno)
/opt/st/stm32cubeide_1.3.0/plugins/com.st.stm32cube.ide.mcu.externaltools.gnu-tools-for-stm32.7-2018-q2-update.linux64_1.0.0.201904181610/tools/bin/../lib/gcc/arm-none-eabi/7.3.1/../../../../arm-none-eabi/lib/thumb/v7e-m/fpv4-sp/hard/libc_nano.a(lib_a-exit.o)
                              /opt/st/stm32cubeide_1.3.0/plugins/com.st.stm32cube.ide.mcu.externaltools.gnu-tools-for-stm32.7-2018-q2-update.linux64_1.0.0.201904181610/tools/bin/../lib/gcc/arm-none-eabi/7.3.1/../../../../arm-none-eabi/lib/thumb/v7e-m/fpv4-sp/hard/crt0.o (exit)
/opt/st/stm32cubeide_1.3.0/plugins/com.st.stm32cube.ide.mcu.externaltools.gnu-tools-for-stm32.7-2018-q2-update.linux64_1.0.0.201904181610/tools/bin/../lib/gcc/arm-none-eabi/7.3.1/../../../../arm-none-eabi/lib/thumb/v7e-m/fpv4-sp/hard/libc_nano.a(lib_a-impure.o)
                              /opt/st/stm32cubeide_1.3.0/plugins/com.st.stm32cube.ide.mcu.externaltools.gnu-tools-for-stm32.7-2018-q2-update.linux64_1.0.0.201904181610/tools/bin/../lib/gcc/arm-none-eabi/7.3.1/../../../../arm-none-eabi/lib/thumb/v7e-m/fpv4-sp/hard/libc_nano.a(lib_a-exit.o) (_global_impure_ptr)
/opt/st/stm32cubeide_1.3.0/plugins/com.st.stm32cube.ide.mcu.externaltools.gnu-tools-for-stm32.7-2018-q2-update.linux64_1.0.0.201904181610/tools/bin/../lib/gcc/arm-none-eabi/7.3.1/../../../../arm-none-eabi/lib/thumb/v7e-m/fpv4-sp/hard/libc_nano.a(lib_a-init.o)
                              /opt/st/stm32cubeide_1.3.0/plugins/com.st.stm32cube.ide.mcu.externaltools.gnu-tools-for-stm32.7-2018-q2-update.linux64_1.0.0.201904181610/tools/bin/../lib/gcc/arm-none-eabi/7.3.1/../../../../arm-none-eabi/lib/thumb/v7e-m/fpv4-sp/hard/crt0.o (__libc_init_array)
/opt/st/stm32cubeide_1.3.0/plugins/com.st.stm32cube.ide.mcu.externaltools.gnu-tools-for-stm32.7-2018-q2-update.linux64_1.0.0.201904181610/tools/bin/../lib/gcc/arm-none-eabi/7.3.1/../../../../arm-none-eabi/lib/thumb/v7e-m/fpv4-sp/hard/libc_nano.a(lib_a-malloc.o)
                              Middlewares/ST/STM32_USB_Device_Library/Class/CDC/Src/usbd_cdc.o (malloc)
/opt/st/stm32cubeide_1.3.0/plugins/com.st.stm32cube.ide.mcu.externaltools.gnu-tools-for-stm32.7-2018-q2-update.linux64_1.0.0.201904181610/tools/bin/../lib/gcc/arm-none-eabi/7.3.1/../../../../arm-none-eabi/lib/thumb/v7e-m/fpv4-sp/hard/libc_nano.a(lib_a-memset.o)
                              /opt/st/stm32cubeide_1.3.0/plugins/com.st.stm32cube.ide.mcu.externaltools.gnu-tools-for-stm32.7-2018-q2-update.linux64_1.0.0.201904181610/tools/bin/../lib/gcc/arm-none-eabi/7.3.1/../../../../arm-none-eabi/lib/thumb/v7e-m/fpv4-sp/hard/crt0.o (memset)
/opt/st/stm32cubeide_1.3.0/plugins/com.st.stm32cube.ide.mcu.externaltools.gnu-tools-for-stm32.7-2018-q2-update.linux64_1.0.0.201904181610/tools/bin/../lib/gcc/arm-none-eabi/7.3.1/../../../../arm-none-eabi/lib/thumb/v7e-m/fpv4-sp/hard/libc_nano.a(lib_a-nano-freer.o)
                              /opt/st/stm32cubeide_1.3.0/plugins/com.st.stm32cube.ide.mcu.externaltools.gnu-tools-for-stm32.7-2018-q2-update.linux64_1.0.0.201904181610/tools/bin/../lib/gcc/arm-none-eabi/7.3.1/../../../../arm-none-eabi/lib/thumb/v7e-m/fpv4-sp/hard/libc_nano.a(lib_a-malloc.o) (_free_r)
/opt/st/stm32cubeide_1.3.0/plugins/com.st.stm32cube.ide.mcu.externaltools.gnu-tools-for-stm32.7-2018-q2-update.linux64_1.0.0.201904181610/tools/bin/../lib/gcc/arm-none-eabi/7.3.1/../../../../arm-none-eabi/lib/thumb/v7e-m/fpv4-sp/hard/libc_nano.a(lib_a-nano-mallocr.o)
                              /opt/st/stm32cubeide_1.3.0/plugins/com.st.stm32cube.ide.mcu.externaltools.gnu-tools-for-stm32.7-2018-q2-update.linux64_1.0.0.201904181610/tools/bin/../lib/gcc/arm-none-eabi/7.3.1/../../../../arm-none-eabi/lib/thumb/v7e-m/fpv4-sp/hard/libc_nano.a(lib_a-malloc.o) (_malloc_r)
/opt/st/stm32cubeide_1.3.0/plugins/com.st.stm32cube.ide.mcu.externaltools.gnu-tools-for-stm32.7-2018-q2-update.linux64_1.0.0.201904181610/tools/bin/../lib/gcc/arm-none-eabi/7.3.1/../../../../arm-none-eabi/lib/thumb/v7e-m/fpv4-sp/hard/libc_nano.a(lib_a-sbrkr.o)
                              /opt/st/stm32cubeide_1.3.0/plugins/com.st.stm32cube.ide.mcu.externaltools.gnu-tools-for-stm32.7-2018-q2-update.linux64_1.0.0.201904181610/tools/bin/../lib/gcc/arm-none-eabi/7.3.1/../../../../arm-none-eabi/lib/thumb/v7e-m/fpv4-sp/hard/libc_nano.a(lib_a-nano-mallocr.o) (_sbrk_r)
/opt/st/stm32cubeide_1.3.0/plugins/com.st.stm32cube.ide.mcu.externaltools.gnu-tools-for-stm32.7-2018-q2-update.linux64_1.0.0.201904181610/tools/bin/../lib/gcc/arm-none-eabi/7.3.1/../../../../arm-none-eabi/lib/thumb/v7e-m/fpv4-sp/hard/libc_nano.a(lib_a-mlock.o)
[...]
Memory Configuration

Name             Origin             Length             Attributes
CCMRAM           0x0000000010000000 0x0000000000010000 xrw
RAM              0x0000000020000000 0x0000000000020000 xrw
FLASH            0x0000000008000000 0x0000000000100000 xr
*default*        0x0000000000000000 0xffffffffffffffff

Linker script and memory map

LOAD /opt/st/stm32cubeide_1.3.0/plugins/com.st.stm32cube.ide.mcu.externaltools.gnu-tools-for-stm32.7-2018-q2-update.linux64_1.0.0.201904181610/tools/bin/../lib/gcc/arm-none-eabi/7.3.1/thumb/v7e-m/fpv4-sp/hard/crti.o
LOAD /opt/st/stm32cubeide_1.3.0/plugins/com.st.stm32cube.ide.mcu.externaltools.gnu-tools-for-stm32.7-2018-q2-update.linux64_1.0.0.201904181610/tools/bin/../lib/gcc/arm-none-eabi/7.3.1/thumb/v7e-m/fpv4-sp/hard/crtbegin.o
LOAD /opt/st/stm32cubeide_1.3.0/plugins/com.st.stm32cube.ide.mcu.externaltools.gnu-tools-for-stm32.7-2018-q2-update.linux64_1.0.0.201904181610/tools/bin/../lib/gcc/arm-none-eabi/7.3.1/../../../../arm-none-eabi/lib/thumb/v7e-m/fpv4-sp/hard/crt0.o
LOAD Core/Src/joe-GPIO.o
LOAD Core/Src/main.o
LOAD Core/Src/stm32f4xx_hal_msp.o
LOAD Core/Src/stm32f4xx_it.o
LOAD Core/Src/syscalls.o
LOAD Core/Src/sysmem.o
LOAD Core/Src/system_stm32f4xx.o
LOAD Core/Startup/startup_stm32f405rgtx.o
LOAD Drivers/STM32F4xx_HAL_Driver/Src/stm32f4xx_hal.o
LOAD Drivers/STM32F4xx_HAL_Driver/Src/stm32f4xx_hal_cortex.o
LOAD Drivers/STM32F4xx_HAL_Driver/Src/stm32f4xx_hal_dma.o
LOAD Drivers/STM32F4xx_HAL_Driver/Src/stm32f4xx_hal_dma_ex.o
LOAD Drivers/STM32F4xx_HAL_Driver/Src/stm32f4xx_hal_exti.o
LOAD Drivers/STM32F4xx_HAL_Driver/Src/stm32f4xx_hal_flash.o
LOAD Drivers/STM32F4xx_HAL_Driver/Src/stm32f4xx_hal_flash_ex.o
LOAD Drivers/STM32F4xx_HAL_Driver/Src/stm32f4xx_hal_flash_ramfunc.o
LOAD Drivers/STM32F4xx_HAL_Driver/Src/stm32f4xx_hal_gpio.o
LOAD Drivers/STM32F4xx_HAL_Driver/Src/stm32f4xx_hal_pcd.o
LOAD Drivers/STM32F4xx_HAL_Driver/Src/stm32f4xx_hal_pcd_ex.o
LOAD Drivers/STM32F4xx_HAL_Driver/Src/stm32f4xx_hal_pwr.o
LOAD Drivers/STM32F4xx_HAL_Driver/Src/stm32f4xx_hal_pwr_ex.o
LOAD Drivers/STM32F4xx_HAL_Driver/Src/stm32f4xx_hal_rcc.o
LOAD Drivers/STM32F4xx_HAL_Driver/Src/stm32f4xx_hal_rcc_ex.o
LOAD Drivers/STM32F4xx_HAL_Driver/Src/stm32f4xx_hal_tim.o
LOAD Drivers/STM32F4xx_HAL_Driver/Src/stm32f4xx_hal_tim_ex.o
LOAD Drivers/STM32F4xx_HAL_Driver/Src/stm32f4xx_ll_exti.o
LOAD Drivers/STM32F4xx_HAL_Driver/Src/stm32f4xx_ll_gpio.o
LOAD Drivers/STM32F4xx_HAL_Driver/Src/stm32f4xx_ll_rcc.o
LOAD Drivers/STM32F4xx_HAL_Driver/Src/stm32f4xx_ll_usb.o
LOAD Drivers/STM32F4xx_HAL_Driver/Src/stm32f4xx_ll_utils.o
LOAD Middlewares/ST/STM32_USB_Device_Library/Class/CDC/Src/usbd_cdc.o
LOAD Middlewares/ST/STM32_USB_Device_Library/Core/Src/usbd_core.o
LOAD Middlewares/ST/STM32_USB_Device_Library/Core/Src/usbd_ctlreq.o
LOAD Middlewares/ST/STM32_USB_Device_Library/Core/Src/usbd_ioreq.o
LOAD USB_DEVICE/App/usb_device.o
LOAD USB_DEVICE/App/usbd_cdc_if.o
LOAD USB_DEVICE/App/usbd_desc.o
LOAD USB_DEVICE/Target/usbd_conf.o
START GROUP
LOAD /opt/st/stm32cubeide_1.3.0/plugins/com.st.stm32cube.ide.mcu.externaltools.gnu-tools-for-stm32.7-2018-q2-update.linux64_1.0.0.201904181610/tools/bin/../lib/gcc/arm-none-eabi/7.3.1/../../../../arm-none-eabi/lib/thumb/v7e-m/fpv4-sp/hard/libc_nano.a
LOAD /opt/st/stm32cubeide_1.3.0/plugins/com.st.stm32cube.ide.mcu.externaltools.gnu-tools-for-stm32.7-2018-q2-update.linux64_1.0.0.201904181610/tools/bin/../lib/gcc/arm-none-eabi/7.3.1/../../../../arm-none-eabi/lib/thumb/v7e-m/fpv4-sp/hard/libm.a
END GROUP
START GROUP
LOAD /opt/st/stm32cubeide_1.3.0/plugins/com.st.stm32cube.ide.mcu.externaltools.gnu-tools-for-stm32.7-2018-q2-update.linux64_1.0.0.201904181610/tools/bin/../lib/gcc/arm-none-eabi/7.3.1/thumb/v7e-m/fpv4-sp/hard/libgcc.a
LOAD /opt/st/stm32cubeide_1.3.0/plugins/com.st.stm32cube.ide.mcu.externaltools.gnu-tools-for-stm32.7-2018-q2-update.linux64_1.0.0.201904181610/tools/bin/../lib/gcc/arm-none-eabi/7.3.1/../../../../arm-none-eabi/lib/thumb/v7e-m/fpv4-sp/hard/libc_nano.a
END GROUP
START GROUP
LOAD /opt/st/stm32cubeide_1.3.0/plugins/com.st.stm32cube.ide.mcu.externaltools.gnu-tools-for-stm32.7-2018-q2-update.linux64_1.0.0.201904181610/tools/bin/../lib/gcc/arm-none-eabi/7.3.1/thumb/v7e-m/fpv4-sp/hard/libgcc.a
LOAD /opt/st/stm32cubeide_1.3.0/plugins/com.st.stm32cube.ide.mcu.externaltools.gnu-tools-for-stm32.7-2018-q2-update.linux64_1.0.0.201904181610/tools/bin/../lib/gcc/arm-none-eabi/7.3.1/../../../../arm-none-eabi/lib/thumb/v7e-m/fpv4-sp/hard/libc_nano.a
LOAD /opt/st/stm32cubeide_1.3.0/plugins/com.st.stm32cube.ide.mcu.externaltools.gnu-tools-for-stm32.7-2018-q2-update.linux64_1.0.0.201904181610/tools/bin/../lib/gcc/arm-none-eabi/7.3.1/../../../../arm-none-eabi/lib/thumb/v7e-m/fpv4-sp/hard/libnosys.a
END GROUP
START GROUP
LOAD /opt/st/stm32cubeide_1.3.0/plugins/com.st.stm32cube.ide.mcu.externaltools.gnu-tools-for-stm32.7-2018-q2-update.linux64_1.0.0.201904181610/tools/bin/../lib/gcc/arm-none-eabi/7.3.1/thumb/v7e-m/fpv4-sp/hard/libgcc.a
LOAD /opt/st/stm32cubeide_1.3.0/plugins/com.st.stm32cube.ide.mcu.externaltools.gnu-tools-for-stm32.7-2018-q2-update.linux64_1.0.0.201904181610/tools/bin/../lib/gcc/arm-none-eabi/7.3.1/../../../../arm-none-eabi/lib/thumb/v7e-m/fpv4-sp/hard/libc_nano.a
LOAD /opt/st/stm32cubeide_1.3.0/plugins/com.st.stm32cube.ide.mcu.externaltools.gnu-tools-for-stm32.7-2018-q2-update.linux64_1.0.0.201904181610/tools/bin/../lib/gcc/arm-none-eabi/7.3.1/../../../../arm-none-eabi/lib/thumb/v7e-m/fpv4-sp/hard/libnosys.a
END GROUP
LOAD /opt/st/stm32cubeide_1.3.0/plugins/com.st.stm32cube.ide.mcu.externaltools.gnu-tools-for-stm32.7-2018-q2-update.linux64_1.0.0.201904181610/tools/bin/../lib/gcc/arm-none-eabi/7.3.1/thumb/v7e-m/fpv4-sp/hard/crtend.o
LOAD /opt/st/stm32cubeide_1.3.0/plugins/com.st.stm32cube.ide.mcu.externaltools.gnu-tools-for-stm32.7-2018-q2-update.linux64_1.0.0.201904181610/tools/bin/../lib/gcc/arm-none-eabi/7.3.1/thumb/v7e-m/fpv4-sp/hard/crtn.o
                0x0000000020020000                _estack = (ORIGIN (RAM) + LENGTH (RAM))
                0x0000000000000200                _Min_Heap_Size = 0x200
                0x0000000000000400                _Min_Stack_Size = 0x400

.isr_vector     0x0000000008000000      0x188
                0x0000000008000000                . = ALIGN (0x4)
 *(.isr_vector)
 .isr_vector    0x0000000008000000      0x188 Core/Startup/startup_stm32f405rgtx.o
                0x0000000008000000                g_pfnVectors
                0x0000000008000188                . = ALIGN (0x4)

.text           0x0000000008000188     0x66f0
                0x0000000008000188                . = ALIGN (0x4)
 *(.text)
 .text          0x0000000008000188       0x40 /opt/st/stm32cubeide_1.3.0/plugins/com.st.stm32cube.ide.mcu.externaltools.gnu-tools-for-stm32.7-2018-q2-update.linux64_1.0.0.201904181610/tools/bin/../lib/gcc/arm-none-eabi/7.3.1/thumb/v7e-m/fpv4-sp/hard/crtbegin.o
 *(.text*)
 .text.LL_RCC_HSE_Enable
                0x00000000080001c8       0x20 Core/Src/main.o
 .text.LL_RCC_HSE_IsReady
                0x00000000080001e8       0x28 Core/Src/main.o
 .text.LL_RCC_SetSysClkSource
                0x0000000008000210       0x28 Core/Src/main.o
 .text.LL_RCC_GetSysClkSource
                0x0000000008000238       0x1c Core/Src/main.o
 .text.LL_RCC_SetAHBPrescaler
                0x0000000008000254       0x28 Core/Src/main.o
 .text.LL_RCC_SetAPB1Prescaler
                0x000000000800027c       0x28 Core/Src/main.o
 .text.LL_RCC_SetAPB2Prescaler
                0x00000000080002a4       0x28 Core/Src/main.o
 .text.LL_RCC_PLL_Enable
                0x00000000080002cc       0x20 Core/Src/main.o
 .text.LL_RCC_PLL_IsReady
                0x00000000080002ec       0x28 Core/Src/main.o
 .text.LL_RCC_PLL_ConfigDomain_48M
                0x0000000008000314       0x40 Core/Src/main.o
 .text.LL_AHB1_GRP1_EnableClock
                0x0000000008000354       0x30 Core/Src/main.o
 .text.LL_FLASH_SetLatency
                0x0000000008000384       0x28 Core/Src/main.o
 .text.LL_FLASH_GetLatency
                0x00000000080003ac       0x1c Core/Src/main.o
 .text.LL_PWR_SetRegulVoltageScaling
                0x00000000080003c8       0x28 Core/Src/main.o
 .text.LL_GPIO_ResetOutputPin
                0x00000000080003f0       0x1e Core/Src/main.o
 *fill*         0x000000000800040e        0x2 
 .text.main     0x0000000008000410       0x44 Core/Src/main.o
                0x0000000008000410                main
 .text.SystemClock_Config
                0x0000000008000454       0x94 Core/Src/main.o
                0x0000000008000454                SystemClock_Config
 .text.MX_TIM3_Init
                0x00000000080004e8       0xc8 Core/Src/main.o
 .text.MX_GPIO_Init
                0x00000000080005b0       0xe8 Core/Src/main.o
 .text.Error_Handler
                0x0000000008000698        0xe Core/Src/main.o
                0x0000000008000698                Error_Handler
 *fill*         0x00000000080006a6        0x2 
 .text.HAL_MspInit
                0x00000000080006a8       0x50 Core/Src/stm32f4xx_hal_msp.o
                0x00000000080006a8                HAL_MspInit
 .text.HAL_TIM_Base_MspInit
                0x00000000080006f8       0x50 Core/Src/stm32f4xx_hal_msp.o
                0x00000000080006f8                HAL_TIM_Base_MspInit
 .text.NMI_Handler
                0x0000000008000748        0xe Core/Src/stm32f4xx_it.o
                0x0000000008000748                NMI_Handler
 .text.HardFault_Handler
                0x0000000008000756        0x6 Core/Src/stm32f4xx_it.o
                0x0000000008000756                HardFault_Handler
 .text.MemManage_Handler
                0x000000000800075c        0x6 Core/Src/stm32f4xx_it.o
                0x000000000800075c                MemManage_Handler
 .text.BusFault_Handler
                0x0000000008000762        0x6 Core/Src/stm32f4xx_it.o
                0x0000000008000762                BusFault_Handler
 .text.UsageFault_Handler
                0x0000000008000768        0x6 Core/Src/stm32f4xx_it.o
                0x0000000008000768                UsageFault_Handler
 .text.SVC_Handler
                0x000000000800076e        0xe Core/Src/stm32f4xx_it.o
                0x000000000800076e                SVC_Handler
 .text.DebugMon_Handler
                0x000000000800077c        0xe Core/Src/stm32f4xx_it.o
                0x000000000800077c                DebugMon_Handler
 .text.PendSV_Handler
                0x000000000800078a        0xe Core/Src/stm32f4xx_it.o
                0x000000000800078a                PendSV_Handler
 .text.SysTick_Handler
                0x0000000008000798        0xc Core/Src/stm32f4xx_it.o
                0x0000000008000798                SysTick_Handler
 .text.TIM3_IRQHandler
                0x00000000080007a4       0x14 Core/Src/stm32f4xx_it.o
                0x00000000080007a4                TIM3_IRQHandler
 .text.OTG_FS_IRQHandler
                0x00000000080007b8       0x14 Core/Src/stm32f4xx_it.o
                0x00000000080007b8                OTG_FS_IRQHandler
 .text._sbrk    0x00000000080007cc       0x58 Core/Src/sysmem.o
                0x00000000080007cc                _sbrk
 .text.SystemInit
                0x0000000008000824       0x2c Core/Src/system_stm32f4xx.o
                0x0000000008000824                SystemInit
 .text.Reset_Handler
                0x0000000008000850       0x50 Core/Startup/startup_stm32f405rgtx.o
                0x0000000008000850                Reset_Handler
 .text.Default_Handler
                0x00000000080008a0        0x2 Core/Startup/startup_stm32f405rgtx.o
                0x00000000080008a0                RTC_Alarm_IRQHandler
                0x00000000080008a0                HASH_RNG_IRQHandler
                0x00000000080008a0                EXTI2_IRQHandler
                0x00000000080008a0                TIM8_CC_IRQHandler
                0x00000000080008a0                TIM1_CC_IRQHandler
                0x00000000080008a0                DMA2_Stream5_IRQHandler
                0x00000000080008a0                DMA1_Stream5_IRQHandler
                0x00000000080008a0                PVD_IRQHandler
                0x00000000080008a0                SDIO_IRQHandler
                0x00000000080008a0                TAMP_STAMP_IRQHandler
                0x00000000080008a0                CAN2_RX1_IRQHandler
                0x00000000080008a0                EXTI3_IRQHandler
                0x00000000080008a0                TIM8_TRG_COM_TIM14_IRQHandler
                0x00000000080008a0                TIM1_UP_TIM10_IRQHandler
                0x00000000080008a0                TIM8_UP_TIM13_IRQHandler
                0x00000000080008a0                I2C3_ER_IRQHandler
                0x00000000080008a0                EXTI0_IRQHandler
                0x00000000080008a0                I2C2_EV_IRQHandler
                0x00000000080008a0                DMA1_Stream2_IRQHandler
                0x00000000080008a0                CAN1_RX0_IRQHandler
                0x00000000080008a0                FPU_IRQHandler
                0x00000000080008a0                OTG_HS_WKUP_IRQHandler
                0x00000000080008a0                CAN2_SCE_IRQHandler
                0x00000000080008a0                DMA2_Stream2_IRQHandler
                0x00000000080008a0                SPI1_IRQHandler
                0x00000000080008a0                TIM6_DAC_IRQHandler
                0x00000000080008a0                TIM1_BRK_TIM9_IRQHandler
                0x00000000080008a0                CAN2_RX0_IRQHandler
                0x00000000080008a0                DMA2_Stream3_IRQHandler
                0x00000000080008a0                USART6_IRQHandler
                0x00000000080008a0                USART3_IRQHandler
                0x00000000080008a0                CAN1_RX1_IRQHandler
                0x00000000080008a0                UART5_IRQHandler
                0x00000000080008a0                DMA2_Stream0_IRQHandler
                0x00000000080008a0                TIM4_IRQHandler
                0x00000000080008a0                I2C1_EV_IRQHandler
                0x00000000080008a0                DMA1_Stream6_IRQHandler
                0x00000000080008a0                DMA1_Stream1_IRQHandler
                0x00000000080008a0                UART4_IRQHandler
                0x00000000080008a0                RCC_IRQHandler
                0x00000000080008a0                TIM8_BRK_TIM12_IRQHandler
                0x00000000080008a0                Default_Handler
                0x00000000080008a0                EXTI15_10_IRQHandler
                0x00000000080008a0                ADC_IRQHandler
                0x00000000080008a0                DMA1_Stream7_IRQHandler
                0x00000000080008a0                TIM7_IRQHandler
                0x00000000080008a0                CAN2_TX_IRQHandler
                0x00000000080008a0                TIM5_IRQHandler
                0x00000000080008a0                DMA2_Stream7_IRQHandler
                0x00000000080008a0                I2C3_EV_IRQHandler
                0x00000000080008a0                EXTI9_5_IRQHandler
                0x00000000080008a0                RTC_WKUP_IRQHandler
                0x00000000080008a0                SPI2_IRQHandler
                0x00000000080008a0                OTG_HS_EP1_IN_IRQHandler
                0x00000000080008a0                DMA1_Stream0_IRQHandler
                0x00000000080008a0                CAN1_TX_IRQHandler
                0x00000000080008a0                EXTI4_IRQHandler
                0x00000000080008a0                FSMC_IRQHandler
                0x00000000080008a0                OTG_HS_EP1_OUT_IRQHandler
                0x00000000080008a0                WWDG_IRQHandler
                0x00000000080008a0                TIM2_IRQHandler
                0x00000000080008a0                OTG_FS_WKUP_IRQHandler
                0x00000000080008a0                TIM1_TRG_COM_TIM11_IRQHandler
                0x00000000080008a0                OTG_HS_IRQHandler
                0x00000000080008a0                EXTI1_IRQHandler
                0x00000000080008a0                USART2_IRQHandler
                0x00000000080008a0                I2C2_ER_IRQHandler
                0x00000000080008a0                DMA2_Stream1_IRQHandler
                0x00000000080008a0                CAN1_SCE_IRQHandler
                0x00000000080008a0                FLASH_IRQHandler
                0x00000000080008a0                DMA2_Stream4_IRQHandler
                0x00000000080008a0                USART1_IRQHandler
                0x00000000080008a0                SPI3_IRQHandler
                0x00000000080008a0                DMA1_Stream4_IRQHandler
                0x00000000080008a0                I2C1_ER_IRQHandler
                0x00000000080008a0                DMA2_Stream6_IRQHandler
                0x00000000080008a0                DMA1_Stream3_IRQHandler
 *fill*         0x00000000080008a2        0x2 
 .text.HAL_Init
                0x00000000080008a4       0x44 Drivers/STM32F4xx_HAL_Driver/Src/stm32f4xx_hal.o
                0x00000000080008a4                HAL_Init
 .text.HAL_InitTick
                0x00000000080008e8       0x60 Drivers/STM32F4xx_HAL_Driver/Src/stm32f4xx_hal.o
                0x00000000080008e8                HAL_InitTick
 .text.HAL_IncTick
                0x0000000008000948       0x28 Drivers/STM32F4xx_HAL_Driver/Src/stm32f4xx_hal.o
                0x0000000008000948                HAL_IncTick
 .text.HAL_GetTick
                0x0000000008000970       0x18 Drivers/STM32F4xx_HAL_Driver/Src/stm32f4xx_hal.o
                0x0000000008000970                HAL_GetTick
 .text.HAL_Delay
                0x0000000008000988       0x44 Drivers/STM32F4xx_HAL_Driver/Src/stm32f4xx_hal.o
                0x0000000008000988                HAL_Delay
 .text.__NVIC_SetPriorityGrouping
                0x00000000080009cc       0x48 Drivers/STM32F4xx_HAL_Driver/Src/stm32f4xx_hal_cortex.o
 .text.__NVIC_GetPriorityGrouping
                0x0000000008000a14       0x1c Drivers/STM32F4xx_HAL_Driver/Src/stm32f4xx_hal_cortex.o
 .text.__NVIC_EnableIRQ
                0x0000000008000a30       0x3c Drivers/STM32F4xx_HAL_Driver/Src/stm32f4xx_hal_cortex.o
 .text.__NVIC_SetPriority
                0x0000000008000a6c       0x54 Drivers/STM32F4xx_HAL_Driver/Src/stm32f4xx_hal_cortex.o
 .text.NVIC_EncodePriority
                0x0000000008000ac0       0x66 Drivers/STM32F4xx_HAL_Driver/Src/stm32f4xx_hal_cortex.o
 *fill*         0x0000000008000b26        0x2 
 .text.SysTick_Config
                0x0000000008000b28       0x44 Drivers/STM32F4xx_HAL_Driver/Src/stm32f4xx_hal_cortex.o
 .text.HAL_NVIC_SetPriorityGrouping
                0x0000000008000b6c       0x16 Drivers/STM32F4xx_HAL_Driver/Src/stm32f4xx_hal_cortex.o
                0x0000000008000b6c                HAL_NVIC_SetPriorityGrouping
 .text.HAL_NVIC_SetPriority
                0x0000000008000b82       0x38 Drivers/STM32F4xx_HAL_Driver/Src/stm32f4xx_hal_cortex.o
                0x0000000008000b82                HAL_NVIC_SetPriority
 .text.HAL_NVIC_EnableIRQ
                0x0000000008000bba       0x1c Drivers/STM32F4xx_HAL_Driver/Src/stm32f4xx_hal_cortex.o
                0x0000000008000bba                HAL_NVIC_EnableIRQ
 .text.HAL_SYSTICK_Config
                0x0000000008000bd6       0x18 Drivers/STM32F4xx_HAL_Driver/Src/stm32f4xx_hal_cortex.o
                0x0000000008000bd6                HAL_SYSTICK_Config
 *fill*         0x0000000008000bee        0x2 
 .text.HAL_GPIO_Init
                0x0000000008000bf0      0x334 Drivers/STM32F4xx_HAL_Driver/Src/stm32f4xx_hal_gpio.o
                0x0000000008000bf0                HAL_GPIO_Init
 .text.HAL_GPIO_TogglePin
                0x0000000008000f24       0x36 Drivers/STM32F4xx_HAL_Driver/Src/stm32f4xx_hal_gpio.o
                0x0000000008000f24                HAL_GPIO_TogglePin
 .text.HAL_PCD_Init
                0x0000000008000f5a      0x23a Drivers/STM32F4xx_HAL_Driver/Src/stm32f4xx_hal_pcd.o
                0x0000000008000f5a                HAL_PCD_Init
 .text.HAL_PCD_Start
                0x0000000008001194       0x66 Drivers/STM32F4xx_HAL_Driver/Src/stm32f4xx_hal_pcd.o
                0x0000000008001194                HAL_PCD_Start
 .text.HAL_PCD_IRQHandler
                0x00000000080011fa      0x764 Drivers/STM32F4xx_HAL_Driver/Src/stm32f4xx_hal_pcd.o
                0x00000000080011fa                HAL_PCD_IRQHandler
 .text.HAL_PCD_SetAddress
                0x000000000800195e       0x4a Drivers/STM32F4xx_HAL_Driver/Src/stm32f4xx_hal_pcd.o
                0x000000000800195e                HAL_PCD_SetAddress
 .text.HAL_PCD_EP_Open
                0x00000000080019a8       0xd0 Drivers/STM32F4xx_HAL_Driver/Src/stm32f4xx_hal_pcd.o
                0x00000000080019a8                HAL_PCD_EP_Open
 .text.HAL_PCD_EP_Close
                0x0000000008001a78       0x94 Drivers/STM32F4xx_HAL_Driver/Src/stm32f4xx_hal_pcd.o
                0x0000000008001a78                HAL_PCD_EP_Close
 .text.HAL_PCD_EP_Receive
                0x0000000008001b0c       0x96 Drivers/STM32F4xx_HAL_Driver/Src/stm32f4xx_hal_pcd.o
                0x0000000008001b0c                HAL_PCD_EP_Receive
 .text.HAL_PCD_EP_GetRxCount
                0x0000000008001ba2       0x30 Drivers/STM32F4xx_HAL_Driver/Src/stm32f4xx_hal_pcd.o
                0x0000000008001ba2                HAL_PCD_EP_GetRxCount
 .text.HAL_PCD_EP_Transmit
                0x0000000008001bd2       0x94 Drivers/STM32F4xx_HAL_Driver/Src/stm32f4xx_hal_pcd.o
                0x0000000008001bd2                HAL_PCD_EP_Transmit
 .text.HAL_PCD_EP_SetStall
                0x0000000008001c66       0xc8 Drivers/STM32F4xx_HAL_Driver/Src/stm32f4xx_hal_pcd.o
                0x0000000008001c66                HAL_PCD_EP_SetStall
 .text.HAL_PCD_EP_ClrStall
                0x0000000008001d2e       0xac Drivers/STM32F4xx_HAL_Driver/Src/stm32f4xx_hal_pcd.o
                0x0000000008001d2e                HAL_PCD_EP_ClrStall
 .text.PCD_WriteEmptyTxFifo
                0x0000000008001dda      0x11a Drivers/STM32F4xx_HAL_Driver/Src/stm32f4xx_hal_pcd.o
 .text.PCD_EP_OutXfrComplete_int
                0x0000000008001ef4      0x218 Drivers/STM32F4xx_HAL_Driver/Src/stm32f4xx_hal_pcd.o
 .text.PCD_EP_OutSetupPacket_int
                0x000000000800210c       0x8c Drivers/STM32F4xx_HAL_Driver/Src/stm32f4xx_hal_pcd.o
 .text.HAL_PCDEx_SetTxFiFo
                0x0000000008002198       0x8e Drivers/STM32F4xx_HAL_Driver/Src/stm32f4xx_hal_pcd_ex.o
                0x0000000008002198                HAL_PCDEx_SetTxFiFo
 .text.HAL_PCDEx_SetRxFiFo
                0x0000000008002226       0x22 Drivers/STM32F4xx_HAL_Driver/Src/stm32f4xx_hal_pcd_ex.o
                0x0000000008002226                HAL_PCDEx_SetRxFiFo
 .text.HAL_PCDEx_LPM_Callback
                0x0000000008002248       0x18 Drivers/STM32F4xx_HAL_Driver/Src/stm32f4xx_hal_pcd_ex.o
                0x0000000008002248                HAL_PCDEx_LPM_Callback
 .text.HAL_RCC_GetHCLKFreq
                0x0000000008002260       0x18 Drivers/STM32F4xx_HAL_Driver/Src/stm32f4xx_hal_rcc.o
                0x0000000008002260                HAL_RCC_GetHCLKFreq
 .text.HAL_TIM_Base_Init
                0x0000000008002278       0x56 Drivers/STM32F4xx_HAL_Driver/Src/stm32f4xx_hal_tim.o
                0x0000000008002278                HAL_TIM_Base_Init
 .text.HAL_TIM_IRQHandler
                0x00000000080022ce      0x210 Drivers/STM32F4xx_HAL_Driver/Src/stm32f4xx_hal_tim.o
                0x00000000080022ce                HAL_TIM_IRQHandler
 .text.HAL_TIM_ConfigClockSource
                0x00000000080024de      0x16e Drivers/STM32F4xx_HAL_Driver/Src/stm32f4xx_hal_tim.o
                0x00000000080024de                HAL_TIM_ConfigClockSource
 .text.HAL_TIM_SlaveConfigSynchro
                0x000000000800264c       0x84 Drivers/STM32F4xx_HAL_Driver/Src/stm32f4xx_hal_tim.o
                0x000000000800264c                HAL_TIM_SlaveConfigSynchro
 .text.HAL_TIM_PeriodElapsedCallback
                0x00000000080026d0       0x14 Drivers/STM32F4xx_HAL_Driver/Src/stm32f4xx_hal_tim.o
                0x00000000080026d0                HAL_TIM_PeriodElapsedCallback
 .text.HAL_TIM_OC_DelayElapsedCallback
                0x00000000080026e4       0x14 Drivers/STM32F4xx_HAL_Driver/Src/stm32f4xx_hal_tim.o
                0x00000000080026e4                HAL_TIM_OC_DelayElapsedCallback
 .text.HAL_TIM_IC_CaptureCallback
                0x00000000080026f8       0x14 Drivers/STM32F4xx_HAL_Driver/Src/stm32f4xx_hal_tim.o
                0x00000000080026f8                HAL_TIM_IC_CaptureCallback
 .text.HAL_TIM_PWM_PulseFinishedCallback
                0x000000000800270c       0x14 Drivers/STM32F4xx_HAL_Driver/Src/stm32f4xx_hal_tim.o
                0x000000000800270c                HAL_TIM_PWM_PulseFinishedCallback
 .text.HAL_TIM_TriggerCallback
                0x0000000008002720       0x14 Drivers/STM32F4xx_HAL_Driver/Src/stm32f4xx_hal_tim.o
                0x0000000008002720                HAL_TIM_TriggerCallback
 .text.TIM_Base_SetConfig
                0x0000000008002734      0x140 Drivers/STM32F4xx_HAL_Driver/Src/stm32f4xx_hal_tim.o
                0x0000000008002734                TIM_Base_SetConfig
 .text.TIM_SlaveTimer_SetConfig
                0x0000000008002874      0x10c Drivers/STM32F4xx_HAL_Driver/Src/stm32f4xx_hal_tim.o
 .text.TIM_TI1_ConfigInputStage
                0x0000000008002980       0x5e Drivers/STM32F4xx_HAL_Driver/Src/stm32f4xx_hal_tim.o
 .text.TIM_TI2_ConfigInputStage
                0x00000000080029de       0x60 Drivers/STM32F4xx_HAL_Driver/Src/stm32f4xx_hal_tim.o
 .text.TIM_ITRx_SetConfig
                0x0000000008002a3e       0x36 Drivers/STM32F4xx_HAL_Driver/Src/stm32f4xx_hal_tim.o
 .text.TIM_ETR_SetConfig
                0x0000000008002a74       0x40 Drivers/STM32F4xx_HAL_Driver/Src/stm32f4xx_hal_tim.o
                0x0000000008002a74                TIM_ETR_SetConfig
 .text.HAL_TIMEx_MasterConfigSynchronization
                0x0000000008002ab4       0xf8 Drivers/STM32F4xx_HAL_Driver/Src/stm32f4xx_hal_tim_ex.o
                0x0000000008002ab4                HAL_TIMEx_MasterConfigSynchronization
 .text.HAL_TIMEx_CommutCallback
                0x0000000008002bac       0x14 Drivers/STM32F4xx_HAL_Driver/Src/stm32f4xx_hal_tim_ex.o
                0x0000000008002bac                HAL_TIMEx_CommutCallback
 .text.HAL_TIMEx_BreakCallback
                0x0000000008002bc0       0x14 Drivers/STM32F4xx_HAL_Driver/Src/stm32f4xx_hal_tim_ex.o
                0x0000000008002bc0                HAL_TIMEx_BreakCallback
 .text.LL_GPIO_SetPinMode
                0x0000000008002bd4       0x5e Drivers/STM32F4xx_HAL_Driver/Src/stm32f4xx_ll_gpio.o
 .text.LL_GPIO_SetPinOutputType
                0x0000000008002c32       0x30 Drivers/STM32F4xx_HAL_Driver/Src/stm32f4xx_ll_gpio.o
 .text.LL_GPIO_SetPinSpeed
                0x0000000008002c62       0x5e Drivers/STM32F4xx_HAL_Driver/Src/stm32f4xx_ll_gpio.o
 .text.LL_GPIO_SetPinPull
                0x0000000008002cc0       0x5e Drivers/STM32F4xx_HAL_Driver/Src/stm32f4xx_ll_gpio.o
 .text.LL_GPIO_SetAFPin_0_7
                0x0000000008002d1e       0x5e Drivers/STM32F4xx_HAL_Driver/Src/stm32f4xx_ll_gpio.o
 .text.LL_GPIO_SetAFPin_8_15
                0x0000000008002d7c       0x62 Drivers/STM32F4xx_HAL_Driver/Src/stm32f4xx_ll_gpio.o
 .text.LL_GPIO_Init
                0x0000000008002dde       0xe6 Drivers/STM32F4xx_HAL_Driver/Src/stm32f4xx_ll_gpio.o
                0x0000000008002dde                LL_GPIO_Init
 .text.USB_CoreInit
                0x0000000008002ec4       0xc2 Drivers/STM32F4xx_HAL_Driver/Src/stm32f4xx_ll_usb.o
                0x0000000008002ec4                USB_CoreInit
 *fill*         0x0000000008002f86        0x2 
 .text.USB_SetTurnaroundTime
                0x0000000008002f88      0x144 Drivers/STM32F4xx_HAL_Driver/Src/stm32f4xx_ll_usb.o
                0x0000000008002f88                USB_SetTurnaroundTime
 .text.USB_EnableGlobalInt
                0x00000000080030cc       0x22 Drivers/STM32F4xx_HAL_Driver/Src/stm32f4xx_ll_usb.o
                0x00000000080030cc                USB_EnableGlobalInt
 .text.USB_DisableGlobalInt
                0x00000000080030ee       0x22 Drivers/STM32F4xx_HAL_Driver/Src/stm32f4xx_ll_usb.o
                0x00000000080030ee                USB_DisableGlobalInt
 .text.USB_SetCurrentMode
                0x0000000008003110       0x54 Drivers/STM32F4xx_HAL_Driver/Src/stm32f4xx_ll_usb.o
                0x0000000008003110                USB_SetCurrentMode
 .text.USB_DevInit
                0x0000000008003164      0x2c8 Drivers/STM32F4xx_HAL_Driver/Src/stm32f4xx_ll_usb.o
                0x0000000008003164                USB_DevInit
 .text.USB_FlushTxFifo
                0x000000000800342c       0x4c Drivers/STM32F4xx_HAL_Driver/Src/stm32f4xx_ll_usb.o
                0x000000000800342c                USB_FlushTxFifo
 .text.USB_FlushRxFifo
                0x0000000008003478       0x44 Drivers/STM32F4xx_HAL_Driver/Src/stm32f4xx_ll_usb.o
                0x0000000008003478                USB_FlushRxFifo
 .text.USB_SetDevSpeed
                0x00000000080034bc       0x32 Drivers/STM32F4xx_HAL_Driver/Src/stm32f4xx_ll_usb.o
                0x00000000080034bc                USB_SetDevSpeed
 .text.USB_GetDevSpeed
                0x00000000080034ee       0x4a Drivers/STM32F4xx_HAL_Driver/Src/stm32f4xx_ll_usb.o
                0x00000000080034ee                USB_GetDevSpeed
 .text.USB_ActivateEndpoint
                0x0000000008003538      0x10e Drivers/STM32F4xx_HAL_Driver/Src/stm32f4xx_ll_usb.o
                0x0000000008003538                USB_ActivateEndpoint
 *fill*         0x0000000008003646        0x2 
 .text.USB_DeactivateEndpoint
                0x0000000008003648      0x1b8 Drivers/STM32F4xx_HAL_Driver/Src/stm32f4xx_ll_usb.o
                0x0000000008003648                USB_DeactivateEndpoint
 .text.USB_EPStartXfer
                0x0000000008003800      0x488 Drivers/STM32F4xx_HAL_Driver/Src/stm32f4xx_ll_usb.o
                0x0000000008003800                USB_EPStartXfer
 .text.USB_EP0StartXfer
                0x0000000008003c88      0x2a6 Drivers/STM32F4xx_HAL_Driver/Src/stm32f4xx_ll_usb.o
                0x0000000008003c88                USB_EP0StartXfer
 .text.USB_WritePacket
                0x0000000008003f2e       0x6a Drivers/STM32F4xx_HAL_Driver/Src/stm32f4xx_ll_usb.o
                0x0000000008003f2e                USB_WritePacket
 .text.USB_ReadPacket
                0x0000000008003f98       0x52 Drivers/STM32F4xx_HAL_Driver/Src/stm32f4xx_ll_usb.o
                0x0000000008003f98                USB_ReadPacket
 .text.USB_EPSetStall
                0x0000000008003fea       0xdc Drivers/STM32F4xx_HAL_Driver/Src/stm32f4xx_ll_usb.o
                0x0000000008003fea                USB_EPSetStall
 .text.USB_EPClearStall
                0x00000000080040c6       0xcc Drivers/STM32F4xx_HAL_Driver/Src/stm32f4xx_ll_usb.o
                0x00000000080040c6                USB_EPClearStall
 .text.USB_SetDevAddress
                0x0000000008004192       0x4c Drivers/STM32F4xx_HAL_Driver/Src/stm32f4xx_ll_usb.o
                0x0000000008004192                USB_SetDevAddress
 .text.USB_DevConnect
                0x00000000080041de       0x30 Drivers/STM32F4xx_HAL_Driver/Src/stm32f4xx_ll_usb.o
                0x00000000080041de                USB_DevConnect
 .text.USB_DevDisconnect
                0x000000000800420e       0x30 Drivers/STM32F4xx_HAL_Driver/Src/stm32f4xx_ll_usb.o
                0x000000000800420e                USB_DevDisconnect
 .text.USB_ReadInterrupts
                0x000000000800423e       0x26 Drivers/STM32F4xx_HAL_Driver/Src/stm32f4xx_ll_usb.o
                0x000000000800423e                USB_ReadInterrupts
 .text.USB_ReadDevAllOutEpInterrupt
                0x0000000008004264       0x34 Drivers/STM32F4xx_HAL_Driver/Src/stm32f4xx_ll_usb.o
                0x0000000008004264                USB_ReadDevAllOutEpInterrupt
 .text.USB_ReadDevAllInEpInterrupt
                0x0000000008004298       0x34 Drivers/STM32F4xx_HAL_Driver/Src/stm32f4xx_ll_usb.o
                0x0000000008004298                USB_ReadDevAllInEpInterrupt
 .text.USB_ReadDevOutEPInterrupt
                0x00000000080042cc       0x3c Drivers/STM32F4xx_HAL_Driver/Src/stm32f4xx_ll_usb.o
                0x00000000080042cc                USB_ReadDevOutEPInterrupt
 .text.USB_ReadDevInEPInterrupt
                0x0000000008004308       0x5c Drivers/STM32F4xx_HAL_Driver/Src/stm32f4xx_ll_usb.o
                0x0000000008004308                USB_ReadDevInEPInterrupt
 .text.USB_GetMode
                0x0000000008004364       0x1c Drivers/STM32F4xx_HAL_Driver/Src/stm32f4xx_ll_usb.o
                0x0000000008004364                USB_GetMode
 .text.USB_ActivateSetup
                0x0000000008004380       0x46 Drivers/STM32F4xx_HAL_Driver/Src/stm32f4xx_ll_usb.o
                0x0000000008004380                USB_ActivateSetup
 *fill*         0x00000000080043c6        0x2 
 .text.USB_EP0_OutStart
                0x00000000080043c8       0xbc Drivers/STM32F4xx_HAL_Driver/Src/stm32f4xx_ll_usb.o
                0x00000000080043c8                USB_EP0_OutStart
 .text.USB_CoreReset
                0x0000000008004484       0x68 Drivers/STM32F4xx_HAL_Driver/Src/stm32f4xx_ll_usb.o
 .text.LL_SetSystemCoreClock
                0x00000000080044ec       0x20 Drivers/STM32F4xx_HAL_Driver/Src/stm32f4xx_ll_utils.o
                0x00000000080044ec                LL_SetSystemCoreClock
 .text.USBD_CDC_Init
                0x000000000800450c      0x100 Middlewares/ST/STM32_USB_Device_Library/Class/CDC/Src/usbd_cdc.o
 .text.USBD_CDC_DeInit
                0x000000000800460c       0x78 Middlewares/ST/STM32_USB_Device_Library/Class/CDC/Src/usbd_cdc.o
 .text.USBD_CDC_Setup
                0x0000000008004684      0x178 Middlewares/ST/STM32_USB_Device_Library/Class/CDC/Src/usbd_cdc.o
 .text.USBD_CDC_DataIn
                0x00000000080047fc       0xbe Middlewares/ST/STM32_USB_Device_Library/Class/CDC/Src/usbd_cdc.o
 .text.USBD_CDC_DataOut
                0x00000000080048ba       0x56 Middlewares/ST/STM32_USB_Device_Library/Class/CDC/Src/usbd_cdc.o
 .text.USBD_CDC_EP0_RxReady
                0x0000000008004910       0x50 Middlewares/ST/STM32_USB_Device_Library/Class/CDC/Src/usbd_cdc.o
 .text.USBD_CDC_GetFSCfgDesc
                0x0000000008004960       0x20 Middlewares/ST/STM32_USB_Device_Library/Class/CDC/Src/usbd_cdc.o
 .text.USBD_CDC_GetHSCfgDesc
                0x0000000008004980       0x20 Middlewares/ST/STM32_USB_Device_Library/Class/CDC/Src/usbd_cdc.o
 .text.USBD_CDC_GetOtherSpeedCfgDesc
                0x00000000080049a0       0x20 Middlewares/ST/STM32_USB_Device_Library/Class/CDC/Src/usbd_cdc.o
 .text.USBD_CDC_GetDeviceQualifierDescriptor
                0x00000000080049c0       0x20 Middlewares/ST/STM32_USB_Device_Library/Class/CDC/Src/usbd_cdc.o
                0x00000000080049c0                USBD_CDC_GetDeviceQualifierDescriptor
 .text.USBD_CDC_RegisterInterface
                0x00000000080049e0       0x2a Middlewares/ST/STM32_USB_Device_Library/Class/CDC/Src/usbd_cdc.o
                0x00000000080049e0                USBD_CDC_RegisterInterface
 .text.USBD_CDC_SetTxBuffer
                0x0000000008004a0a       0x32 Middlewares/ST/STM32_USB_Device_Library/Class/CDC/Src/usbd_cdc.o
                0x0000000008004a0a                USBD_CDC_SetTxBuffer
 .text.USBD_CDC_SetRxBuffer
                0x0000000008004a3c       0x28 Middlewares/ST/STM32_USB_Device_Library/Class/CDC/Src/usbd_cdc.o
                0x0000000008004a3c                USBD_CDC_SetRxBuffer
 .text.USBD_CDC_ReceivePacket
                0x0000000008004a64       0x54 Middlewares/ST/STM32_USB_Device_Library/Class/CDC/Src/usbd_cdc.o
                0x0000000008004a64                USBD_CDC_ReceivePacket
 .text.USBD_Init
                0x0000000008004ab8       0x6c Middlewares/ST/STM32_USB_Device_Library/Core/Src/usbd_core.o
                0x0000000008004ab8                USBD_Init
 .text.USBD_RegisterClass
                0x0000000008004b24       0x42 Middlewares/ST/STM32_USB_Device_Library/Core/Src/usbd_core.o
                0x0000000008004b24                USBD_RegisterClass
 .text.USBD_Start
                0x0000000008004b66       0x18 Middlewares/ST/STM32_USB_Device_Library/Core/Src/usbd_core.o
                0x0000000008004b66                USBD_Start
 .text.USBD_RunTestMode
                0x0000000008004b7e       0x16 Middlewares/ST/STM32_USB_Device_Library/Core/Src/usbd_core.o
                0x0000000008004b7e                USBD_RunTestMode
 .text.USBD_SetClassConfig
                0x0000000008004b94       0x38 Middlewares/ST/STM32_USB_Device_Library/Core/Src/usbd_core.o
                0x0000000008004b94                USBD_SetClassConfig
 .text.USBD_ClrClassConfig
                0x0000000008004bcc       0x30 Middlewares/ST/STM32_USB_Device_Library/Core/Src/usbd_core.o
                0x0000000008004bcc                USBD_ClrClassConfig
 .text.USBD_LL_SetupStage
                0x0000000008004bfc       0xa6 Middlewares/ST/STM32_USB_Device_Library/Core/Src/usbd_core.o
                0x0000000008004bfc                USBD_LL_SetupStage
 .text.USBD_LL_DataOutStage
                0x0000000008004ca2       0xc6 Middlewares/ST/STM32_USB_Device_Library/Core/Src/usbd_core.o
                0x0000000008004ca2                USBD_LL_DataOutStage
 .text.USBD_LL_DataInStage
                0x0000000008004d68      0x12c Middlewares/ST/STM32_USB_Device_Library/Core/Src/usbd_core.o
                0x0000000008004d68                USBD_LL_DataInStage
 .text.USBD_LL_Reset
                0x0000000008004e94       0x82 Middlewares/ST/STM32_USB_Device_Library/Core/Src/usbd_core.o
                0x0000000008004e94                USBD_LL_Reset
 .text.USBD_LL_SetSpeed
                0x0000000008004f16       0x20 Middlewares/ST/STM32_USB_Device_Library/Core/Src/usbd_core.o
                0x0000000008004f16                USBD_LL_SetSpeed
 .text.USBD_LL_Suspend
                0x0000000008004f36       0x2a Middlewares/ST/STM32_USB_Device_Library/Core/Src/usbd_core.o
                0x0000000008004f36                USBD_LL_Suspend
 .text.USBD_LL_Resume
                0x0000000008004f60       0x2c Middlewares/ST/STM32_USB_Device_Library/Core/Src/usbd_core.o
                0x0000000008004f60                USBD_LL_Resume
 .text.USBD_LL_SOF
                0x0000000008004f8c       0x34 Middlewares/ST/STM32_USB_Device_Library/Core/Src/usbd_core.o
                0x0000000008004f8c                USBD_LL_SOF
 .text.USBD_LL_IsoINIncomplete
                0x0000000008004fc0       0x1a Middlewares/ST/STM32_USB_Device_Library/Core/Src/usbd_core.o
                0x0000000008004fc0                USBD_LL_IsoINIncomplete
 .text.USBD_LL_IsoOUTIncomplete
                0x0000000008004fda       0x1a Middlewares/ST/STM32_USB_Device_Library/Core/Src/usbd_core.o
                0x0000000008004fda                USBD_LL_IsoOUTIncomplete
 .text.USBD_LL_DevConnected
                0x0000000008004ff4       0x16 Middlewares/ST/STM32_USB_Device_Library/Core/Src/usbd_core.o
                0x0000000008004ff4                USBD_LL_DevConnected
 .text.USBD_LL_DevDisconnected
                0x000000000800500a       0x38 Middlewares/ST/STM32_USB_Device_Library/Core/Src/usbd_core.o
                0x000000000800500a                USBD_LL_DevDisconnected
 .text.SWAPBYTE
                0x0000000008005042       0x3c Middlewares/ST/STM32_USB_Device_Library/Core/Src/usbd_ctlreq.o
 *fill*         0x000000000800507e        0x2 
 .text.USBD_StdDevReq
                0x0000000008005080       0xdc Middlewares/ST/STM32_USB_Device_Library/Core/Src/usbd_ctlreq.o
                0x0000000008005080                USBD_StdDevReq
 .text.USBD_StdItfReq
                0x000000000800515c       0x8c Middlewares/ST/STM32_USB_Device_Library/Core/Src/usbd_ctlreq.o
                0x000000000800515c                USBD_StdItfReq
 .text.USBD_StdEPReq
                0x00000000080051e8      0x2aa Middlewares/ST/STM32_USB_Device_Library/Core/Src/usbd_ctlreq.o
                0x00000000080051e8                USBD_StdEPReq
 *fill*         0x0000000008005492        0x2 
 .text.USBD_GetDescriptor
                0x0000000008005494      0x2d4 Middlewares/ST/STM32_USB_Device_Library/Core/Src/usbd_ctlreq.o
 .text.USBD_SetAddress
                0x0000000008005768       0x84 Middlewares/ST/STM32_USB_Device_Library/Core/Src/usbd_ctlreq.o
 .text.USBD_SetConfig
                0x00000000080057ec      0x148 Middlewares/ST/STM32_USB_Device_Library/Core/Src/usbd_ctlreq.o
 .text.USBD_GetConfig
                0x0000000008005934       0x68 Middlewares/ST/STM32_USB_Device_Library/Core/Src/usbd_ctlreq.o
 .text.USBD_GetStatus
                0x000000000800599c       0x66 Middlewares/ST/STM32_USB_Device_Library/Core/Src/usbd_ctlreq.o
 .text.USBD_SetFeature
                0x0000000008005a02       0x28 Middlewares/ST/STM32_USB_Device_Library/Core/Src/usbd_ctlreq.o
 .text.USBD_ClrFeature
                0x0000000008005a2a       0x42 Middlewares/ST/STM32_USB_Device_Library/Core/Src/usbd_ctlreq.o
 .text.USBD_ParseSetupRequest
                0x0000000008005a6c       0x74 Middlewares/ST/STM32_USB_Device_Library/Core/Src/usbd_ctlreq.o
                0x0000000008005a6c                USBD_ParseSetupRequest
 .text.USBD_CtlError
                0x0000000008005ae0       0x22 Middlewares/ST/STM32_USB_Device_Library/Core/Src/usbd_ctlreq.o
                0x0000000008005ae0                USBD_CtlError
 .text.USBD_GetString
                0x0000000008005b02       0x8c Middlewares/ST/STM32_USB_Device_Library/Core/Src/usbd_ctlreq.o
                0x0000000008005b02                USBD_GetString
 .text.USBD_GetLen
                0x0000000008005b8e       0x34 Middlewares/ST/STM32_USB_Device_Library/Core/Src/usbd_ctlreq.o
 .text.USBD_CtlSendData
                0x0000000008005bc2       0x36 Middlewares/ST/STM32_USB_Device_Library/Core/Src/usbd_ioreq.o
                0x0000000008005bc2                USBD_CtlSendData
 .text.USBD_CtlContinueSendData
                0x0000000008005bf8       0x22 Middlewares/ST/STM32_USB_Device_Library/Core/Src/usbd_ioreq.o
                0x0000000008005bf8                USBD_CtlContinueSendData
 .text.USBD_CtlPrepareRx
                0x0000000008005c1a       0x3a Middlewares/ST/STM32_USB_Device_Library/Core/Src/usbd_ioreq.o
                0x0000000008005c1a                USBD_CtlPrepareRx
 .text.USBD_CtlContinueRx
                0x0000000008005c54       0x22 Middlewares/ST/STM32_USB_Device_Library/Core/Src/usbd_ioreq.o
                0x0000000008005c54                USBD_CtlContinueRx
 .text.USBD_CtlSendStatus
                0x0000000008005c76       0x26 Middlewares/ST/STM32_USB_Device_Library/Core/Src/usbd_ioreq.o
                0x0000000008005c76                USBD_CtlSendStatus
 .text.USBD_CtlReceiveStatus
                0x0000000008005c9c       0x26 Middlewares/ST/STM32_USB_Device_Library/Core/Src/usbd_ioreq.o
                0x0000000008005c9c                USBD_CtlReceiveStatus
 *fill*         0x0000000008005cc2        0x2 
 .text.MX_USB_DEVICE_Init
                0x0000000008005cc4       0x60 USB_DEVICE/App/usb_device.o
                0x0000000008005cc4                MX_USB_DEVICE_Init
 .text.CDC_Init_FS
                0x0000000008005d24       0x28 USB_DEVICE/App/usbd_cdc_if.o
 .text.CDC_DeInit_FS
                0x0000000008005d4c       0x10 USB_DEVICE/App/usbd_cdc_if.o
 .text.CDC_Control_FS
                0x0000000008005d5c       0xbc USB_DEVICE/App/usbd_cdc_if.o
 .text.CDC_Receive_FS
                0x0000000008005e18       0x28 USB_DEVICE/App/usbd_cdc_if.o
 .text.CDC_TransmitCplt_FS
                0x0000000008005e40       0x22 USB_DEVICE/App/usbd_cdc_if.o
 *fill*         0x0000000008005e62        0x2 
 .text.USBD_FS_DeviceDescriptor
                0x0000000008005e64       0x24 USB_DEVICE/App/usbd_desc.o
                0x0000000008005e64                USBD_FS_DeviceDescriptor
 .text.USBD_FS_LangIDStrDescriptor
                0x0000000008005e88       0x24 USB_DEVICE/App/usbd_desc.o
                0x0000000008005e88                USBD_FS_LangIDStrDescriptor
 .text.USBD_FS_ProductStrDescriptor
                0x0000000008005eac       0x3c USB_DEVICE/App/usbd_desc.o
                0x0000000008005eac                USBD_FS_ProductStrDescriptor
 .text.USBD_FS_ManufacturerStrDescriptor
                0x0000000008005ee8       0x28 USB_DEVICE/App/usbd_desc.o
                0x0000000008005ee8                USBD_FS_ManufacturerStrDescriptor
 .text.USBD_FS_SerialStrDescriptor
                0x0000000008005f10       0x24 USB_DEVICE/App/usbd_desc.o
                0x0000000008005f10                USBD_FS_SerialStrDescriptor
 .text.USBD_FS_ConfigStrDescriptor
                0x0000000008005f34       0x3c USB_DEVICE/App/usbd_desc.o
                0x0000000008005f34                USBD_FS_ConfigStrDescriptor
 .text.USBD_FS_InterfaceStrDescriptor
                0x0000000008005f70       0x3c USB_DEVICE/App/usbd_desc.o
                0x0000000008005f70                USBD_FS_InterfaceStrDescriptor
 .text.Get_SerialNum
                0x0000000008005fac       0x58 USB_DEVICE/App/usbd_desc.o
 .text.IntToUnicode
                0x0000000008006004       0x7c USB_DEVICE/App/usbd_desc.o
 .text.HAL_PCD_MspInit
                0x0000000008006080       0xa8 USB_DEVICE/Target/usbd_conf.o
                0x0000000008006080                HAL_PCD_MspInit
 .text.HAL_PCD_SetupStageCallback
                0x0000000008006128       0x24 USB_DEVICE/Target/usbd_conf.o
                0x0000000008006128                HAL_PCD_SetupStageCallback
 .text.HAL_PCD_DataOutStageCallback
                0x000000000800614c       0x36 USB_DEVICE/Target/usbd_conf.o
                0x000000000800614c                HAL_PCD_DataOutStageCallback
 .text.HAL_PCD_DataInStageCallback
                0x0000000008006182       0x34 USB_DEVICE/Target/usbd_conf.o
                0x0000000008006182                HAL_PCD_DataInStageCallback
 .text.HAL_PCD_SOFCallback
                0x00000000080061b6       0x1c USB_DEVICE/Target/usbd_conf.o
                0x00000000080061b6                HAL_PCD_SOFCallback
 .text.HAL_PCD_ResetCallback
                0x00000000080061d2       0x50 USB_DEVICE/Target/usbd_conf.o
                0x00000000080061d2                HAL_PCD_ResetCallback
 *fill*         0x0000000008006222        0x2 
 .text.HAL_PCD_SuspendCallback
                0x0000000008006224       0x4c USB_DEVICE/Target/usbd_conf.o
                0x0000000008006224                HAL_PCD_SuspendCallback
 .text.HAL_PCD_ResumeCallback
                0x0000000008006270       0x1c USB_DEVICE/Target/usbd_conf.o
                0x0000000008006270                HAL_PCD_ResumeCallback
 .text.HAL_PCD_ISOOUTIncompleteCallback
                0x000000000800628c       0x24 USB_DEVICE/Target/usbd_conf.o
                0x000000000800628c                HAL_PCD_ISOOUTIncompleteCallback
 .text.HAL_PCD_ISOINIncompleteCallback
                0x00000000080062b0       0x24 USB_DEVICE/Target/usbd_conf.o
                0x00000000080062b0                HAL_PCD_ISOINIncompleteCallback
 .text.HAL_PCD_ConnectCallback
                0x00000000080062d4       0x1c USB_DEVICE/Target/usbd_conf.o
                0x00000000080062d4                HAL_PCD_ConnectCallback
 .text.HAL_PCD_DisconnectCallback
                0x00000000080062f0       0x1c USB_DEVICE/Target/usbd_conf.o
                0x00000000080062f0                HAL_PCD_DisconnectCallback
 .text.USBD_LL_Init
                0x000000000800630c       0x98 USB_DEVICE/Target/usbd_conf.o
                0x000000000800630c                USBD_LL_Init
 .text.USBD_LL_Start
                0x00000000080063a4       0x36 USB_DEVICE/Target/usbd_conf.o
                0x00000000080063a4                USBD_LL_Start
 .text.USBD_LL_OpenEP
                0x00000000080063da       0x4c USB_DEVICE/Target/usbd_conf.o
                0x00000000080063da                USBD_LL_OpenEP
 .text.USBD_LL_CloseEP
                0x0000000008006426       0x3e USB_DEVICE/Target/usbd_conf.o
                0x0000000008006426                USBD_LL_CloseEP
 .text.USBD_LL_StallEP
                0x0000000008006464       0x3e USB_DEVICE/Target/usbd_conf.o
                0x0000000008006464                USBD_LL_StallEP
 .text.USBD_LL_ClearStallEP
                0x00000000080064a2       0x3e USB_DEVICE/Target/usbd_conf.o
                0x00000000080064a2                USBD_LL_ClearStallEP
 .text.USBD_LL_IsStallEP
                0x00000000080064e0       0x58 USB_DEVICE/Target/usbd_conf.o
                0x00000000080064e0                USBD_LL_IsStallEP
 .text.USBD_LL_SetUSBAddress
                0x0000000008006538       0x3e USB_DEVICE/Target/usbd_conf.o
                0x0000000008006538                USBD_LL_SetUSBAddress
 .text.USBD_LL_Transmit
                0x0000000008006576       0x42 USB_DEVICE/Target/usbd_conf.o
                0x0000000008006576                USBD_LL_Transmit
 .text.USBD_LL_PrepareReceive
                0x00000000080065b8       0x42 USB_DEVICE/Target/usbd_conf.o
                0x00000000080065b8                USBD_LL_PrepareReceive
 .text.USBD_LL_GetRxDataSize
                0x00000000080065fa       0x26 USB_DEVICE/Target/usbd_conf.o
                0x00000000080065fa                USBD_LL_GetRxDataSize
 .text.USBD_Get_USB_Status
                0x0000000008006620       0x58 USB_DEVICE/Target/usbd_conf.o
                0x0000000008006620                USBD_Get_USB_Status
 .text.__errno  0x0000000008006678        0xc /opt/st/stm32cubeide_1.3.0/plugins/com.st.stm32cube.ide.mcu.externaltools.gnu-tools-for-stm32.7-2018-q2-update.linux64_1.0.0.201904181610/tools/bin/../lib/gcc/arm-none-eabi/7.3.1/../../../../arm-none-eabi/lib/thumb/v7e-m/fpv4-sp/hard/libc_nano.a(lib_a-errno.o)
                0x0000000008006678                __errno
 .text.__libc_init_array
                0x0000000008006684       0x48 /opt/st/stm32cubeide_1.3.0/plugins/com.st.stm32cube.ide.mcu.externaltools.gnu-tools-for-stm32.7-2018-q2-update.linux64_1.0.0.201904181610/tools/bin/../lib/gcc/arm-none-eabi/7.3.1/../../../../arm-none-eabi/lib/thumb/v7e-m/fpv4-sp/hard/libc_nano.a(lib_a-init.o)
                0x0000000008006684                __libc_init_array
 .text.malloc   0x00000000080066cc       0x10 /opt/st/stm32cubeide_1.3.0/plugins/com.st.stm32cube.ide.mcu.externaltools.gnu-tools-for-stm32.7-2018-q2-update.linux64_1.0.0.201904181610/tools/bin/../lib/gcc/arm-none-eabi/7.3.1/../../../../arm-none-eabi/lib/thumb/v7e-m/fpv4-sp/hard/libc_nano.a(lib_a-malloc.o)
                0x00000000080066cc                malloc
 .text.free     0x00000000080066dc       0x10 /opt/st/stm32cubeide_1.3.0/plugins/com.st.stm32cube.ide.mcu.externaltools.gnu-tools-for-stm32.7-2018-q2-update.linux64_1.0.0.201904181610/tools/bin/../lib/gcc/arm-none-eabi/7.3.1/../../../../arm-none-eabi/lib/thumb/v7e-m/fpv4-sp/hard/libc_nano.a(lib_a-malloc.o)
                0x00000000080066dc                free
 .text._free_r  0x00000000080066ec       0x9c /opt/st/stm32cubeide_1.3.0/plugins/com.st.stm32cube.ide.mcu.externaltools.gnu-tools-for-stm32.7-2018-q2-update.linux64_1.0.0.201904181610/tools/bin/../lib/gcc/arm-none-eabi/7.3.1/../../../../arm-none-eabi/lib/thumb/v7e-m/fpv4-sp/hard/libc_nano.a(lib_a-nano-freer.o)
                0x00000000080066ec                _free_r
 .text._malloc_r
                0x0000000008006788       0xb4 /opt/st/stm32cubeide_1.3.0/plugins/com.st.stm32cube.ide.mcu.externaltools.gnu-tools-for-stm32.7-2018-q2-update.linux64_1.0.0.201904181610/tools/bin/../lib/gcc/arm-none-eabi/7.3.1/../../../../arm-none-eabi/lib/thumb/v7e-m/fpv4-sp/hard/libc_nano.a(lib_a-nano-mallocr.o)
                0x0000000008006788                _malloc_r
 .text._sbrk_r  0x000000000800683c       0x20 /opt/st/stm32cubeide_1.3.0/plugins/com.st.stm32cube.ide.mcu.externaltools.gnu-tools-for-stm32.7-2018-q2-update.linux64_1.0.0.201904181610/tools/bin/../lib/gcc/arm-none-eabi/7.3.1/../../../../arm-none-eabi/lib/thumb/v7e-m/fpv4-sp/hard/libc_nano.a(lib_a-sbrkr.o)
                0x000000000800683c                _sbrk_r
 .text.__malloc_lock
                0x000000000800685c        0x2 /opt/st/stm32cubeide_1.3.0/plugins/com.st.stm32cube.ide.mcu.externaltools.gnu-tools-for-stm32.7-2018-q2-update.linux64_1.0.0.201904181610/tools/bin/../lib/gcc/arm-none-eabi/7.3.1/../../../../arm-none-eabi/lib/thumb/v7e-m/fpv4-sp/hard/libc_nano.a(lib_a-mlock.o)
                0x000000000800685c                __malloc_lock
 .text.__malloc_unlock
                0x000000000800685e        0x2 /opt/st/stm32cubeide_1.3.0/plugins/com.st.stm32cube.ide.mcu.externaltools.gnu-tools-for-stm32.7-2018-q2-update.linux64_1.0.0.201904181610/tools/bin/../lib/gcc/arm-none-eabi/7.3.1/../../../../arm-none-eabi/lib/thumb/v7e-m/fpv4-sp/hard/libc_nano.a(lib_a-mlock.o)
                0x000000000800685e                __malloc_unlock
 *(.glue_7)
 .glue_7        0x0000000008006860        0x0 linker stubs
 *(.glue_7t)
 .glue_7t       0x0000000008006860        0x0 linker stubs
 *(.eh_frame)
 .eh_frame      0x0000000008006860        0x0 /opt/st/stm32cubeide_1.3.0/plugins/com.st.stm32cube.ide.mcu.externaltools.gnu-tools-for-stm32.7-2018-q2-update.linux64_1.0.0.201904181610/tools/bin/../lib/gcc/arm-none-eabi/7.3.1/thumb/v7e-m/fpv4-sp/hard/crtbegin.o
 *(.init)
 .init          0x0000000008006860        0x4 /opt/st/stm32cubeide_1.3.0/plugins/com.st.stm32cube.ide.mcu.externaltools.gnu-tools-for-stm32.7-2018-q2-update.linux64_1.0.0.201904181610/tools/bin/../lib/gcc/arm-none-eabi/7.3.1/thumb/v7e-m/fpv4-sp/hard/crti.o
                0x0000000008006860                _init
 .init          0x0000000008006864        0x8 /opt/st/stm32cubeide_1.3.0/plugins/com.st.stm32cube.ide.mcu.externaltools.gnu-tools-for-stm32.7-2018-q2-update.linux64_1.0.0.201904181610/tools/bin/../lib/gcc/arm-none-eabi/7.3.1/thumb/v7e-m/fpv4-sp/hard/crtn.o
 *(.fini)
 .fini          0x000000000800686c        0x4 /opt/st/stm32cubeide_1.3.0/plugins/com.st.stm32cube.ide.mcu.externaltools.gnu-tools-for-stm32.7-2018-q2-update.linux64_1.0.0.201904181610/tools/bin/../lib/gcc/arm-none-eabi/7.3.1/thumb/v7e-m/fpv4-sp/hard/crti.o
                0x000000000800686c                _fini
 .fini          0x0000000008006870        0x8 /opt/st/stm32cubeide_1.3.0/plugins/com.st.stm32cube.ide.mcu.externaltools.gnu-tools-for-stm32.7-2018-q2-update.linux64_1.0.0.201904181610/tools/bin/../lib/gcc/arm-none-eabi/7.3.1/thumb/v7e-m/fpv4-sp/hard/crtn.o
                0x0000000008006878                . = ALIGN (0x4)
                0x0000000008006878                _etext = .

.vfp11_veneer   0x0000000008006878        0x0
 .vfp11_veneer  0x0000000008006878        0x0 linker stubs

.v4_bx          0x0000000008006878        0x0
 .v4_bx         0x0000000008006878        0x0 linker stubs

.iplt           0x0000000008006878        0x0
 .iplt          0x0000000008006878        0x0 /opt/st/stm32cubeide_1.3.0/plugins/com.st.stm32cube.ide.mcu.externaltools.gnu-tools-for-stm32.7-2018-q2-update.linux64_1.0.0.201904181610/tools/bin/../lib/gcc/arm-none-eabi/7.3.1/thumb/v7e-m/fpv4-sp/hard/crtbegin.o

.rodata         0x0000000008006878       0x48
                0x0000000008006878                . = ALIGN (0x4)
 *(.rodata)
 .rodata        0x0000000008006878       0x46 USB_DEVICE/App/usbd_desc.o
 *(.rodata*)
                0x00000000080068c0                . = ALIGN (0x4)
 *fill*         0x00000000080068be        0x2 

.rel.dyn        0x00000000080068c0        0x0
 .rel.iplt      0x00000000080068c0        0x0 /opt/st/stm32cubeide_1.3.0/plugins/com.st.stm32cube.ide.mcu.externaltools.gnu-tools-for-stm32.7-2018-q2-update.linux64_1.0.0.201904181610/tools/bin/../lib/gcc/arm-none-eabi/7.3.1/thumb/v7e-m/fpv4-sp/hard/crtbegin.o

.ARM.extab      0x00000000080068c0        0x0
                0x00000000080068c0                . = ALIGN (0x4)
 *(.ARM.extab* .gnu.linkonce.armextab.*)
                0x00000000080068c0                . = ALIGN (0x4)

.ARM            0x00000000080068c0        0x0
                0x00000000080068c0                . = ALIGN (0x4)
                0x00000000080068c0                __exidx_start = .
 *(.ARM.exidx*)
                0x00000000080068c0                __exidx_end = .
                0x00000000080068c0                . = ALIGN (0x4)

.preinit_array  0x00000000080068c0        0x0
                0x00000000080068c0                . = ALIGN (0x4)
                0x00000000080068c0                PROVIDE (__preinit_array_start = .)
 *(.preinit_array*)
                0x00000000080068c0                PROVIDE (__preinit_array_end = .)
                0x00000000080068c0                . = ALIGN (0x4)

.init_array     0x00000000080068c0        0x4
                0x00000000080068c0                . = ALIGN (0x4)
                0x00000000080068c0                PROVIDE (__init_array_start = .)
 *(SORT_BY_NAME(.init_array.*))
 *(.init_array*)
 .init_array    0x00000000080068c0        0x4 /opt/st/stm32cubeide_1.3.0/plugins/com.st.stm32cube.ide.mcu.externaltools.gnu-tools-for-stm32.7-2018-q2-update.linux64_1.0.0.201904181610/tools/bin/../lib/gcc/arm-none-eabi/7.3.1/thumb/v7e-m/fpv4-sp/hard/crtbegin.o
                0x00000000080068c4                PROVIDE (__init_array_end = .)
                0x00000000080068c4                . = ALIGN (0x4)

.fini_array     0x00000000080068c4        0x4
                0x00000000080068c4                . = ALIGN (0x4)
                [!provide]                        PROVIDE (__fini_array_start = .)
 *(SORT_BY_NAME(.fini_array.*))
 *(.fini_array*)
 .fini_array    0x00000000080068c4        0x4 /opt/st/stm32cubeide_1.3.0/plugins/com.st.stm32cube.ide.mcu.externaltools.gnu-tools-for-stm32.7-2018-q2-update.linux64_1.0.0.201904181610/tools/bin/../lib/gcc/arm-none-eabi/7.3.1/thumb/v7e-m/fpv4-sp/hard/crtbegin.o
                [!provide]                        PROVIDE (__fini_array_end = .)
                0x00000000080068c8                . = ALIGN (0x4)
                0x00000000080068c8                _sidata = LOADADDR (.data)

.data           0x0000000020000000      0x1e4 load address 0x00000000080068c8
                0x0000000020000000                . = ALIGN (0x4)
                0x0000000020000000                _sdata = .
 *(.data)
 *(.data*)
 .data.SystemCoreClock
                0x0000000020000000        0x4 Core/Src/system_stm32f4xx.o
                0x0000000020000000                SystemCoreClock
 .data.uwTickPrio
                0x0000000020000004        0x4 Drivers/STM32F4xx_HAL_Driver/Src/stm32f4xx_hal.o
                0x0000000020000004                uwTickPrio
 .data.uwTickFreq
                0x0000000020000008        0x1 Drivers/STM32F4xx_HAL_Driver/Src/stm32f4xx_hal.o
                0x0000000020000008                uwTickFreq
 *fill*         0x0000000020000009        0x3 
 .data.USBD_CDC_DeviceQualifierDesc
                0x000000002000000c        0xa Middlewares/ST/STM32_USB_Device_Library/Class/CDC/Src/usbd_cdc.o
 *fill*         0x0000000020000016        0x2 
 .data.USBD_CDC
                0x0000000020000018       0x38 Middlewares/ST/STM32_USB_Device_Library/Class/CDC/Src/usbd_cdc.o
                0x0000000020000018                USBD_CDC
 .data.USBD_CDC_CfgHSDesc
                0x0000000020000050       0x43 Middlewares/ST/STM32_USB_Device_Library/Class/CDC/Src/usbd_cdc.o
 *fill*         0x0000000020000093        0x1 
 .data.USBD_CDC_CfgFSDesc
                0x0000000020000094       0x43 Middlewares/ST/STM32_USB_Device_Library/Class/CDC/Src/usbd_cdc.o
 *fill*         0x00000000200000d7        0x1 
 .data.USBD_CDC_OtherSpeedCfgDesc
                0x00000000200000d8       0x43 Middlewares/ST/STM32_USB_Device_Library/Class/CDC/Src/usbd_cdc.o
 *fill*         0x000000002000011b        0x1 
 .data.USBD_Interface_fops_FS
                0x000000002000011c       0x14 USB_DEVICE/App/usbd_cdc_if.o
                0x000000002000011c                USBD_Interface_fops_FS
 .data.FS_Desc  0x0000000020000130       0x1c USB_DEVICE/App/usbd_desc.o
                0x0000000020000130                FS_Desc
 .data.USBD_FS_DeviceDesc
                0x000000002000014c       0x12 USB_DEVICE/App/usbd_desc.o
                0x000000002000014c                USBD_FS_DeviceDesc
 *fill*         0x000000002000015e        0x2 
 .data.USBD_LangIDDesc
                0x0000000020000160        0x4 USB_DEVICE/App/usbd_desc.o
                0x0000000020000160                USBD_LangIDDesc
 .data.USBD_StringSerial
                0x0000000020000164       0x1a USB_DEVICE/App/usbd_desc.o
                0x0000000020000164                USBD_StringSerial
 *fill*         0x000000002000017e        0x2 
 .data._impure_ptr
                0x0000000020000180        0x4 /opt/st/stm32cubeide_1.3.0/plugins/com.st.stm32cube.ide.mcu.externaltools.gnu-tools-for-stm32.7-2018-q2-update.linux64_1.0.0.201904181610/tools/bin/../lib/gcc/arm-none-eabi/7.3.1/../../../../arm-none-eabi/lib/thumb/v7e-m/fpv4-sp/hard/libc_nano.a(lib_a-impure.o)
                0x0000000020000180                _impure_ptr
 .data.impure_data
                0x0000000020000184       0x60 /opt/st/stm32cubeide_1.3.0/plugins/com.st.stm32cube.ide.mcu.externaltools.gnu-tools-for-stm32.7-2018-q2-update.linux64_1.0.0.201904181610/tools/bin/../lib/gcc/arm-none-eabi/7.3.1/../../../../arm-none-eabi/lib/thumb/v7e-m/fpv4-sp/hard/libc_nano.a(lib_a-impure.o)
                0x00000000200001e4                . = ALIGN (0x4)
                0x00000000200001e4                _edata = .

.igot.plt       0x00000000200001e4        0x0 load address 0x0000000008006aac
 .igot.plt      0x00000000200001e4        0x0 /opt/st/stm32cubeide_1.3.0/plugins/com.st.stm32cube.ide.mcu.externaltools.gnu-tools-for-stm32.7-2018-q2-update.linux64_1.0.0.201904181610/tools/bin/../lib/gcc/arm-none-eabi/7.3.1/thumb/v7e-m/fpv4-sp/hard/crtbegin.o
                0x00000000200001e4                . = ALIGN (0x4)

.bss            0x00000000200001e4     0x194c load address 0x0000000008006aac
                0x00000000200001e4                _sbss = .
                0x00000000200001e4                __bss_start__ = _sbss
 *(.bss)
 .bss           0x00000000200001e4       0x1c /opt/st/stm32cubeide_1.3.0/plugins/com.st.stm32cube.ide.mcu.externaltools.gnu-tools-for-stm32.7-2018-q2-update.linux64_1.0.0.201904181610/tools/bin/../lib/gcc/arm-none-eabi/7.3.1/thumb/v7e-m/fpv4-sp/hard/crtbegin.o
 *(.bss*)
 .bss.heap_end.6424
                0x0000000020000200        0x4 Core/Src/sysmem.o
 .bss.cfgidx.11677
                0x0000000020000204        0x1 Middlewares/ST/STM32_USB_Device_Library/Core/Src/usbd_ctlreq.o
 *fill*         0x0000000020000205        0x3 
 .bss.__malloc_free_list
                0x0000000020000208        0x4 /opt/st/stm32cubeide_1.3.0/plugins/com.st.stm32cube.ide.mcu.externaltools.gnu-tools-for-stm32.7-2018-q2-update.linux64_1.0.0.201904181610/tools/bin/../lib/gcc/arm-none-eabi/7.3.1/../../../../arm-none-eabi/lib/thumb/v7e-m/fpv4-sp/hard/libc_nano.a(lib_a-nano-mallocr.o)
                0x0000000020000208                __malloc_free_list
 .bss.__malloc_sbrk_start
                0x000000002000020c        0x4 /opt/st/stm32cubeide_1.3.0/plugins/com.st.stm32cube.ide.mcu.externaltools.gnu-tools-for-stm32.7-2018-q2-update.linux64_1.0.0.201904181610/tools/bin/../lib/gcc/arm-none-eabi/7.3.1/../../../../arm-none-eabi/lib/thumb/v7e-m/fpv4-sp/hard/libc_nano.a(lib_a-nano-mallocr.o)
                0x000000002000020c                __malloc_sbrk_start
 *(COMMON)
 COMMON         0x0000000020000210       0x40 Core/Src/main.o
                0x0000000020000210                htim3
 COMMON         0x0000000020000250        0x4 Drivers/STM32F4xx_HAL_Driver/Src/stm32f4xx_hal.o
                0x0000000020000250                uwTick
 COMMON         0x0000000020000254      0x2d0 USB_DEVICE/App/usb_device.o
                0x0000000020000254                hUsbDeviceFS
 COMMON         0x0000000020000524     0x1000 USB_DEVICE/App/usbd_cdc_if.o
                0x0000000020000524                UserRxBufferFS
                0x0000000020000d24                UserTxBufferFS
 COMMON         0x0000000020001524      0x200 USB_DEVICE/App/usbd_desc.o
                0x0000000020001524                USBD_StrDesc
 COMMON         0x0000000020001724      0x408 USB_DEVICE/Target/usbd_conf.o
                0x0000000020001724                hpcd_USB_OTG_FS
 COMMON         0x0000000020001b2c        0x4 /opt/st/stm32cubeide_1.3.0/plugins/com.st.stm32cube.ide.mcu.externaltools.gnu-tools-for-stm32.7-2018-q2-update.linux64_1.0.0.201904181610/tools/bin/../lib/gcc/arm-none-eabi/7.3.1/../../../../arm-none-eabi/lib/thumb/v7e-m/fpv4-sp/hard/libc_nano.a(lib_a-reent.o)
                0x0000000020001b2c                errno
                0x0000000020001b30                . = ALIGN (0x4)
                0x0000000020001b30                _ebss = .
                0x0000000020001b30                __bss_end__ = _ebss

._user_heap_stack
                0x0000000020001b30      0x600 load address 0x0000000008006aac
                0x0000000020001b30                . = ALIGN (0x8)
                0x0000000020001b30                PROVIDE (end = .)
                [!provide]                        PROVIDE (_end = .)
                0x0000000020001d30                . = (. + _Min_Heap_Size)
 *fill*         0x0000000020001b30      0x200 
                0x0000000020002130                . = (. + _Min_Stack_Size)
 *fill*         0x0000000020001d30      0x400 
                0x0000000020002130                . = ALIGN (0x8)

/DISCARD/
 libc.a(*)
 libm.a(*)
 libgcc.a(*)

.ARM.attributes
                0x0000000000000000       0x30
 *(.ARM.attributes)
 .ARM.attributes
                0x0000000000000000       0x22 /opt/st/stm32cubeide_1.3.0/plugins/com.st.stm32cube.ide.mcu.externaltools.gnu-tools-for-stm32.7-2018-q2-update.linux64_1.0.0.201904181610/tools/bin/../lib/gcc/arm-none-eabi/7.3.1/thumb/v7e-m/fpv4-sp/hard/crti.o
 .ARM.attributes
                0x0000000000000022       0x34 /opt/st/stm32cubeide_1.3.0/plugins/com.st.stm32cube.ide.mcu.externaltools.gnu-tools-for-stm32.7-2018-q2-update.linux64_1.0.0.201904181610/tools/bin/../lib/gcc/arm-none-eabi/7.3.1/thumb/v7e-m/fpv4-sp/hard/crtbegin.o
 .ARM.attributes
                0x0000000000000056       0x39 Core/Src/main.o
 .ARM.attributes
                0x000000000000008f       0x39 Core/Src/stm32f4xx_hal_msp.o
 .ARM.attributes
                0x00000000000000c8       0x39 Core/Src/stm32f4xx_it.o
 .ARM.attributes
                0x0000000000000101       0x39 Core/Src/sysmem.o
 .ARM.attributes
                0x000000000000013a       0x39 Core/Src/system_stm32f4xx.o
 .ARM.attributes
                0x0000000000000173       0x21 Core/Startup/startup_stm32f405rgtx.o
 .ARM.attributes
                0x0000000000000194       0x39 Drivers/STM32F4xx_HAL_Driver/Src/stm32f4xx_hal.o
 .ARM.attributes
                0x00000000000001cd       0x39 Drivers/STM32F4xx_HAL_Driver/Src/stm32f4xx_hal_cortex.o
 .ARM.attributes
                0x0000000000000206       0x39 Drivers/STM32F4xx_HAL_Driver/Src/stm32f4xx_hal_gpio.o
 .ARM.attributes
                0x000000000000023f       0x39 Drivers/STM32F4xx_HAL_Driver/Src/stm32f4xx_hal_pcd.o
 .ARM.attributes
                0x0000000000000278       0x39 Drivers/STM32F4xx_HAL_Driver/Src/stm32f4xx_hal_pcd_ex.o
 .ARM.attributes
                0x00000000000002b1       0x39 Drivers/STM32F4xx_HAL_Driver/Src/stm32f4xx_hal_rcc.o
 .ARM.attributes
                0x00000000000002ea       0x39 Drivers/STM32F4xx_HAL_Driver/Src/stm32f4xx_hal_tim.o
 .ARM.attributes
                0x0000000000000323       0x39 Drivers/STM32F4xx_HAL_Driver/Src/stm32f4xx_hal_tim_ex.o
 .ARM.attributes
                0x000000000000035c       0x39 Drivers/STM32F4xx_HAL_Driver/Src/stm32f4xx_ll_gpio.o
 .ARM.attributes
                0x0000000000000395       0x39 Drivers/STM32F4xx_HAL_Driver/Src/stm32f4xx_ll_usb.o
 .ARM.attributes
                0x00000000000003ce       0x39 Drivers/STM32F4xx_HAL_Driver/Src/stm32f4xx_ll_utils.o
 .ARM.attributes
                0x0000000000000407       0x39 Middlewares/ST/STM32_USB_Device_Library/Class/CDC/Src/usbd_cdc.o
 .ARM.attributes
                0x0000000000000440       0x39 Middlewares/ST/STM32_USB_Device_Library/Core/Src/usbd_core.o
 .ARM.attributes
                0x0000000000000479       0x39 Middlewares/ST/STM32_USB_Device_Library/Core/Src/usbd_ctlreq.o
 .ARM.attributes
                0x00000000000004b2       0x39 Middlewares/ST/STM32_USB_Device_Library/Core/Src/usbd_ioreq.o
 .ARM.attributes
                0x00000000000004eb       0x39 USB_DEVICE/App/usb_device.o
 .ARM.attributes
                0x0000000000000524       0x39 USB_DEVICE/App/usbd_cdc_if.o
 .ARM.attributes
                0x000000000000055d       0x39 USB_DEVICE/App/usbd_desc.o
 .ARM.attributes
                0x0000000000000596       0x39 USB_DEVICE/Target/usbd_conf.o
 .ARM.attributes
                0x00000000000005cf       0x34 /opt/st/stm32cubeide_1.3.0/plugins/com.st.stm32cube.ide.mcu.externaltools.gnu-tools-for-stm32.7-2018-q2-update.linux64_1.0.0.201904181610/tools/bin/../lib/gcc/arm-none-eabi/7.3.1/../../../../arm-none-eabi/lib/thumb/v7e-m/fpv4-sp/hard/libc_nano.a(lib_a-errno.o)
 .ARM.attributes
                0x0000000000000603       0x34 /opt/st/stm32cubeide_1.3.0/plugins/com.st.stm32cube.ide.mcu.externaltools.gnu-tools-for-stm32.7-2018-q2-update.linux64_1.0.0.201904181610/tools/bin/../lib/gcc/arm-none-eabi/7.3.1/../../../../arm-none-eabi/lib/thumb/v7e-m/fpv4-sp/hard/libc_nano.a(lib_a-impure.o)
 .ARM.attributes
                0x0000000000000637       0x34 /opt/st/stm32cubeide_1.3.0/plugins/com.st.stm32cube.ide.mcu.externaltools.gnu-tools-for-stm32.7-2018-q2-update.linux64_1.0.0.201904181610/tools/bin/../lib/gcc/arm-none-eabi/7.3.1/../../../../arm-none-eabi/lib/thumb/v7e-m/fpv4-sp/hard/libc_nano.a(lib_a-init.o)
 .ARM.attributes
                0x000000000000066b       0x34 /opt/st/stm32cubeide_1.3.0/plugins/com.st.stm32cube.ide.mcu.externaltools.gnu-tools-for-stm32.7-2018-q2-update.linux64_1.0.0.201904181610/tools/bin/../lib/gcc/arm-none-eabi/7.3.1/../../../../arm-none-eabi/lib/thumb/v7e-m/fpv4-sp/hard/libc_nano.a(lib_a-malloc.o)
 .ARM.attributes
                0x000000000000069f       0x34 /opt/st/stm32cubeide_1.3.0/plugins/com.st.stm32cube.ide.mcu.externaltools.gnu-tools-for-stm32.7-2018-q2-update.linux64_1.0.0.201904181610/tools/bin/../lib/gcc/arm-none-eabi/7.3.1/../../../../arm-none-eabi/lib/thumb/v7e-m/fpv4-sp/hard/libc_nano.a(lib_a-nano-freer.o)
 .ARM.attributes
                0x00000000000006d3       0x34 /opt/st/stm32cubeide_1.3.0/plugins/com.st.stm32cube.ide.mcu.externaltools.gnu-tools-for-stm32.7-2018-q2-update.linux64_1.0.0.201904181610/tools/bin/../lib/gcc/arm-none-eabi/7.3.1/../../../../arm-none-eabi/lib/thumb/v7e-m/fpv4-sp/hard/libc_nano.a(lib_a-nano-mallocr.o)
 .ARM.attributes
                0x0000000000000707       0x34 /opt/st/stm32cubeide_1.3.0/plugins/com.st.stm32cube.ide.mcu.externaltools.gnu-tools-for-stm32.7-2018-q2-update.linux64_1.0.0.201904181610/tools/bin/../lib/gcc/arm-none-eabi/7.3.1/../../../../arm-none-eabi/lib/thumb/v7e-m/fpv4-sp/hard/libc_nano.a(lib_a-sbrkr.o)
 .ARM.attributes
                0x000000000000073b       0x34 /opt/st/stm32cubeide_1.3.0/plugins/com.st.stm32cube.ide.mcu.externaltools.gnu-tools-for-stm32.7-2018-q2-update.linux64_1.0.0.201904181610/tools/bin/../lib/gcc/arm-none-eabi/7.3.1/../../../../arm-none-eabi/lib/thumb/v7e-m/fpv4-sp/hard/libc_nano.a(lib_a-mlock.o)
 .ARM.attributes
                0x000000000000076f       0x34 /opt/st/stm32cubeide_1.3.0/plugins/com.st.stm32cube.ide.mcu.externaltools.gnu-tools-for-stm32.7-2018-q2-update.linux64_1.0.0.201904181610/tools/bin/../lib/gcc/arm-none-eabi/7.3.1/../../../../arm-none-eabi/lib/thumb/v7e-m/fpv4-sp/hard/libc_nano.a(lib_a-reent.o)
 .ARM.attributes
                0x00000000000007a3       0x22 /opt/st/stm32cubeide_1.3.0/plugins/com.st.stm32cube.ide.mcu.externaltools.gnu-tools-for-stm32.7-2018-q2-update.linux64_1.0.0.201904181610/tools/bin/../lib/gcc/arm-none-eabi/7.3.1/thumb/v7e-m/fpv4-sp/hard/crtn.o
OUTPUT(SoundBoard.elf elf32-littlearm)

.debug_info     0x0000000000000000    0x175d3
 .debug_info    0x0000000000000000     0x159d Core/Src/main.o
 .debug_info    0x000000000000159d      0xab0 Core/Src/stm32f4xx_hal_msp.o
 .debug_info    0x000000000000204d      0xb40 Core/Src/stm32f4xx_it.o
 .debug_info    0x0000000000002b8d      0x91c Core/Src/sysmem.o
 .debug_info    0x00000000000034a9      0x554 Core/Src/system_stm32f4xx.o
 .debug_info    0x00000000000039fd       0x22 Core/Startup/startup_stm32f405rgtx.o
 .debug_info    0x0000000000003a1f      0x933 Drivers/STM32F4xx_HAL_Driver/Src/stm32f4xx_hal.o
 .debug_info    0x0000000000004352      0xe16 Drivers/STM32F4xx_HAL_Driver/Src/stm32f4xx_hal_cortex.o
 .debug_info    0x0000000000005168      0x7b5 Drivers/STM32F4xx_HAL_Driver/Src/stm32f4xx_hal_gpio.o
 .debug_info    0x000000000000591d     0x1114 Drivers/STM32F4xx_HAL_Driver/Src/stm32f4xx_hal_pcd.o
 .debug_info    0x0000000000006a31      0x753 Drivers/STM32F4xx_HAL_Driver/Src/stm32f4xx_hal_pcd_ex.o
 .debug_info    0x0000000000007184      0x904 Drivers/STM32F4xx_HAL_Driver/Src/stm32f4xx_hal_rcc.o
 .debug_info    0x0000000000007a88     0x24a9 Drivers/STM32F4xx_HAL_Driver/Src/stm32f4xx_hal_tim.o
 .debug_info    0x0000000000009f31     0x1157 Drivers/STM32F4xx_HAL_Driver/Src/stm32f4xx_hal_tim_ex.o
 .debug_info    0x000000000000b088      0x91b Drivers/STM32F4xx_HAL_Driver/Src/stm32f4xx_ll_gpio.o
 .debug_info    0x000000000000b9a3     0x18dd Drivers/STM32F4xx_HAL_Driver/Src/stm32f4xx_ll_usb.o
 .debug_info    0x000000000000d280      0x93e Drivers/STM32F4xx_HAL_Driver/Src/stm32f4xx_ll_utils.o
 .debug_info    0x000000000000dbbe     0x1811 Middlewares/ST/STM32_USB_Device_Library/Class/CDC/Src/usbd_cdc.o
 .debug_info    0x000000000000f3cf     0x1296 Middlewares/ST/STM32_USB_Device_Library/Core/Src/usbd_core.o
 .debug_info    0x0000000000010665     0x124e Middlewares/ST/STM32_USB_Device_Library/Core/Src/usbd_ctlreq.o
 .debug_info    0x00000000000118b3      0xf99 Middlewares/ST/STM32_USB_Device_Library/Core/Src/usbd_ioreq.o
 .debug_info    0x000000000001284c      0xf0c USB_DEVICE/App/usb_device.o
 .debug_info    0x0000000000013758     0x111e USB_DEVICE/App/usbd_cdc_if.o
 .debug_info    0x0000000000014876      0xd31 USB_DEVICE/App/usbd_desc.o
 .debug_info    0x00000000000155a7     0x202c USB_DEVICE/Target/usbd_conf.o

.debug_abbrev   0x0000000000000000     0x34ad
 .debug_abbrev  0x0000000000000000      0x29b Core/Src/main.o
 .debug_abbrev  0x000000000000029b      0x197 Core/Src/stm32f4xx_hal_msp.o
 .debug_abbrev  0x0000000000000432      0x1b0 Core/Src/stm32f4xx_it.o
 .debug_abbrev  0x00000000000005e2      0x1bb Core/Src/sysmem.o
 .debug_abbrev  0x000000000000079d      0x12b Core/Src/system_stm32f4xx.o
 .debug_abbrev  0x00000000000008c8       0x12 Core/Startup/startup_stm32f405rgtx.o
 .debug_abbrev  0x00000000000008da      0x1c7 Drivers/STM32F4xx_HAL_Driver/Src/stm32f4xx_hal.o
 .debug_abbrev  0x0000000000000aa1      0x2fa Drivers/STM32F4xx_HAL_Driver/Src/stm32f4xx_hal_cortex.o
 .debug_abbrev  0x0000000000000d9b      0x1c9 Drivers/STM32F4xx_HAL_Driver/Src/stm32f4xx_hal_gpio.o
 .debug_abbrev  0x0000000000000f64      0x266 Drivers/STM32F4xx_HAL_Driver/Src/stm32f4xx_hal_pcd.o
 .debug_abbrev  0x00000000000011ca      0x1cf Drivers/STM32F4xx_HAL_Driver/Src/stm32f4xx_hal_pcd_ex.o
 .debug_abbrev  0x0000000000001399      0x245 Drivers/STM32F4xx_HAL_Driver/Src/stm32f4xx_hal_rcc.o
 .debug_abbrev  0x00000000000015de      0x230 Drivers/STM32F4xx_HAL_Driver/Src/stm32f4xx_hal_tim.o
 .debug_abbrev  0x000000000000180e      0x21e Drivers/STM32F4xx_HAL_Driver/Src/stm32f4xx_hal_tim_ex.o
 .debug_abbrev  0x0000000000001a2c      0x212 Drivers/STM32F4xx_HAL_Driver/Src/stm32f4xx_ll_gpio.o
 .debug_abbrev  0x0000000000001c3e      0x26d Drivers/STM32F4xx_HAL_Driver/Src/stm32f4xx_ll_usb.o
 .debug_abbrev  0x0000000000001eab      0x200 Drivers/STM32F4xx_HAL_Driver/Src/stm32f4xx_ll_utils.o
 .debug_abbrev  0x00000000000020ab      0x2cb Middlewares/ST/STM32_USB_Device_Library/Class/CDC/Src/usbd_cdc.o
 .debug_abbrev  0x0000000000002376      0x28c Middlewares/ST/STM32_USB_Device_Library/Core/Src/usbd_core.o
 .debug_abbrev  0x0000000000002602      0x2ba Middlewares/ST/STM32_USB_Device_Library/Core/Src/usbd_ctlreq.o
 .debug_abbrev  0x00000000000028bc      0x20b Middlewares/ST/STM32_USB_Device_Library/Core/Src/usbd_ioreq.o
 .debug_abbrev  0x0000000000002ac7      0x1e9 USB_DEVICE/App/usb_device.o
 .debug_abbrev  0x0000000000002cb0      0x2d9 USB_DEVICE/App/usbd_cdc_if.o
 .debug_abbrev  0x0000000000002f89      0x274 USB_DEVICE/App/usbd_desc.o
 .debug_abbrev  0x00000000000031fd      0x2b0 USB_DEVICE/Target/usbd_conf.o

.debug_aranges  0x0000000000000000     0x1200
 .debug_aranges
                0x0000000000000000       0xb8 Core/Src/main.o
 .debug_aranges
                0x00000000000000b8       0x30 Core/Src/stm32f4xx_hal_msp.o
 .debug_aranges
                0x00000000000000e8       0x70 Core/Src/stm32f4xx_it.o
 .debug_aranges
                0x0000000000000158       0x20 Core/Src/sysmem.o
 .debug_aranges
                0x0000000000000178       0x28 Core/Src/system_stm32f4xx.o
 .debug_aranges
                0x00000000000001a0       0x28 Core/Startup/startup_stm32f405rgtx.o
 .debug_aranges
                0x00000000000001c8       0xf0 Drivers/STM32F4xx_HAL_Driver/Src/stm32f4xx_hal.o
 .debug_aranges
                0x00000000000002b8      0x118 Drivers/STM32F4xx_HAL_Driver/Src/stm32f4xx_hal_cortex.o
 .debug_aranges
                0x00000000000003d0       0x58 Drivers/STM32F4xx_HAL_Driver/Src/stm32f4xx_hal_gpio.o
 .debug_aranges
                0x0000000000000428      0x130 Drivers/STM32F4xx_HAL_Driver/Src/stm32f4xx_hal_pcd.o
 .debug_aranges
                0x0000000000000558       0x38 Drivers/STM32F4xx_HAL_Driver/Src/stm32f4xx_hal_pcd_ex.o
 .debug_aranges
                0x0000000000000590       0x88 Drivers/STM32F4xx_HAL_Driver/Src/stm32f4xx_hal_rcc.o
 .debug_aranges
                0x0000000000000618      0x3a8 Drivers/STM32F4xx_HAL_Driver/Src/stm32f4xx_hal_tim.o
 .debug_aranges
                0x00000000000009c0      0x150 Drivers/STM32F4xx_HAL_Driver/Src/stm32f4xx_hal_tim_ex.o
 .debug_aranges
                0x0000000000000b10       0x70 Drivers/STM32F4xx_HAL_Driver/Src/stm32f4xx_ll_gpio.o
 .debug_aranges
                0x0000000000000b80      0x198 Drivers/STM32F4xx_HAL_Driver/Src/stm32f4xx_ll_usb.o
 .debug_aranges
                0x0000000000000d18       0xf8 Drivers/STM32F4xx_HAL_Driver/Src/stm32f4xx_ll_utils.o
 .debug_aranges
                0x0000000000000e10       0x90 Middlewares/ST/STM32_USB_Device_Library/Class/CDC/Src/usbd_cdc.o
 .debug_aranges
                0x0000000000000ea0       0xb8 Middlewares/ST/STM32_USB_Device_Library/Core/Src/usbd_core.o
 .debug_aranges
                0x0000000000000f58       0x90 Middlewares/ST/STM32_USB_Device_Library/Core/Src/usbd_ctlreq.o
 .debug_aranges
                0x0000000000000fe8       0x50 Middlewares/ST/STM32_USB_Device_Library/Core/Src/usbd_ioreq.o
 .debug_aranges
                0x0000000000001038       0x20 USB_DEVICE/App/usb_device.o
 .debug_aranges
                0x0000000000001058       0x48 USB_DEVICE/App/usbd_cdc_if.o
 .debug_aranges
                0x00000000000010a0       0x60 USB_DEVICE/App/usbd_desc.o
 .debug_aranges
                0x0000000000001100      0x100 USB_DEVICE/Target/usbd_conf.o

.debug_ranges   0x0000000000000000     0x1078
 .debug_ranges  0x0000000000000000       0xa8 Core/Src/main.o
 .debug_ranges  0x00000000000000a8       0x20 Core/Src/stm32f4xx_hal_msp.o
 .debug_ranges  0x00000000000000c8       0x60 Core/Src/stm32f4xx_it.o
 .debug_ranges  0x0000000000000128       0x10 Core/Src/sysmem.o
 .debug_ranges  0x0000000000000138       0x18 Core/Src/system_stm32f4xx.o
 .debug_ranges  0x0000000000000150       0x20 Core/Startup/startup_stm32f405rgtx.o
 .debug_ranges  0x0000000000000170       0xe0 Drivers/STM32F4xx_HAL_Driver/Src/stm32f4xx_hal.o
 .debug_ranges  0x0000000000000250      0x108 Drivers/STM32F4xx_HAL_Driver/Src/stm32f4xx_hal_cortex.o
 .debug_ranges  0x0000000000000358       0x48 Drivers/STM32F4xx_HAL_Driver/Src/stm32f4xx_hal_gpio.o
 .debug_ranges  0x00000000000003a0      0x120 Drivers/STM32F4xx_HAL_Driver/Src/stm32f4xx_hal_pcd.o
 .debug_ranges  0x00000000000004c0       0x28 Drivers/STM32F4xx_HAL_Driver/Src/stm32f4xx_hal_pcd_ex.o
 .debug_ranges  0x00000000000004e8       0x78 Drivers/STM32F4xx_HAL_Driver/Src/stm32f4xx_hal_rcc.o
 .debug_ranges  0x0000000000000560      0x398 Drivers/STM32F4xx_HAL_Driver/Src/stm32f4xx_hal_tim.o
 .debug_ranges  0x00000000000008f8      0x140 Drivers/STM32F4xx_HAL_Driver/Src/stm32f4xx_hal_tim_ex.o
 .debug_ranges  0x0000000000000a38       0x60 Drivers/STM32F4xx_HAL_Driver/Src/stm32f4xx_ll_gpio.o
 .debug_ranges  0x0000000000000a98      0x188 Drivers/STM32F4xx_HAL_Driver/Src/stm32f4xx_ll_usb.o
 .debug_ranges  0x0000000000000c20       0xe8 Drivers/STM32F4xx_HAL_Driver/Src/stm32f4xx_ll_utils.o
 .debug_ranges  0x0000000000000d08       0x80 Middlewares/ST/STM32_USB_Device_Library/Class/CDC/Src/usbd_cdc.o
 .debug_ranges  0x0000000000000d88       0xa8 Middlewares/ST/STM32_USB_Device_Library/Core/Src/usbd_core.o
 .debug_ranges  0x0000000000000e30       0x80 Middlewares/ST/STM32_USB_Device_Library/Core/Src/usbd_ctlreq.o
 .debug_ranges  0x0000000000000eb0       0x40 Middlewares/ST/STM32_USB_Device_Library/Core/Src/usbd_ioreq.o
 .debug_ranges  0x0000000000000ef0       0x10 USB_DEVICE/App/usb_device.o
 .debug_ranges  0x0000000000000f00       0x38 USB_DEVICE/App/usbd_cdc_if.o
 .debug_ranges  0x0000000000000f38       0x50 USB_DEVICE/App/usbd_desc.o
 .debug_ranges  0x0000000000000f88       0xf0 USB_DEVICE/Target/usbd_conf.o

.debug_macro    0x0000000000000000    0x22d69
 .debug_macro   0x0000000000000000      0x433 Core/Src/main.o
 .debug_macro   0x0000000000000433      0x18a Core/Src/main.o
 .debug_macro   0x00000000000005bd       0x2e Core/Src/main.o
 .debug_macro   0x00000000000005eb       0x2f Core/Src/main.o
 .debug_macro   0x000000000000061a       0x1c Core/Src/main.o
 .debug_macro   0x0000000000000636       0x22 Core/Src/main.o
 .debug_macro   0x0000000000000658       0xdf Core/Src/main.o
 .debug_macro   0x0000000000000737     0x102d Core/Src/main.o
 .debug_macro   0x0000000000001764      0x11f Core/Src/main.o
 .debug_macro   0x0000000000001883    0x14251 Core/Src/main.o
 .debug_macro   0x0000000000015ad4       0x43 Core/Src/main.o
 .debug_macro   0x0000000000015b17     0x3659 Core/Src/main.o
 .debug_macro   0x0000000000019170      0x174 Core/Src/main.o
 .debug_macro   0x00000000000192e4       0x5a Core/Src/main.o
 .debug_macro   0x000000000001933e      0x8a7 Core/Src/main.o
 .debug_macro   0x0000000000019be5      0x9fe Core/Src/main.o
 .debug_macro   0x000000000001a5e3      0x174 Core/Src/main.o
 .debug_macro   0x000000000001a757      0x117 Core/Src/main.o
 .debug_macro   0x000000000001a86e      0x130 Core/Src/main.o
 .debug_macro   0x000000000001a99e       0x27 Core/Src/main.o
 .debug_macro   0x000000000001a9c5      0x287 Core/Src/main.o
 .debug_macro   0x000000000001ac4c       0x5f Core/Src/main.o
 .debug_macro   0x000000000001acab      0x236 Core/Src/main.o
 .debug_macro   0x000000000001aee1      0x12c Core/Src/main.o
 .debug_macro   0x000000000001b00d      0x21e Core/Src/main.o
 .debug_macro   0x000000000001b22b       0x2e Core/Src/main.o
 .debug_macro   0x000000000001b259      0x11a Core/Src/main.o
 .debug_macro   0x000000000001b373       0x7e Core/Src/main.o
 .debug_macro   0x000000000001b3f1       0x89 Core/Src/main.o
 .debug_macro   0x000000000001b47a      0x8a0 Core/Src/main.o
 .debug_macro   0x000000000001bd1a       0x47 Core/Src/main.o
 .debug_macro   0x000000000001bd61      0x21e Core/Src/main.o
 .debug_macro   0x000000000001bf7f       0xba Core/Src/main.o
 .debug_macro   0x000000000001c039      0x12d Core/Src/main.o
 .debug_macro   0x000000000001c166      0x781 Core/Src/main.o
 .debug_macro   0x000000000001c8e7      0x1b6 Core/Src/main.o
 .debug_macro   0x000000000001ca9d      0x20a Core/Src/main.o
 .debug_macro   0x000000000001cca7       0xe8 Core/Src/main.o
 .debug_macro   0x000000000001cd8f      0x1a8 Core/Src/main.o
 .debug_macro   0x000000000001cf37       0x61 Core/Src/main.o
 .debug_macro   0x000000000001cf98       0xab Core/Src/main.o
 .debug_macro   0x000000000001d043      0x1e6 Core/Src/main.o
 .debug_macro   0x000000000001d229      0x149 Core/Src/main.o
 .debug_macro   0x000000000001d372       0xfa Core/Src/main.o
 .debug_macro   0x000000000001d46c       0x7c Core/Src/main.o
 .debug_macro   0x000000000001d4e8       0x46 Core/Src/main.o
 .debug_macro   0x000000000001d52e       0x18 Core/Src/main.o
 .debug_macro   0x000000000001d546       0x3c Core/Src/main.o
 .debug_macro   0x000000000001d582       0x34 Core/Src/main.o
 .debug_macro   0x000000000001d5b6       0x16 Core/Src/main.o
 .debug_macro   0x000000000001d5cc       0x35 Core/Src/main.o
 .debug_macro   0x000000000001d601      0x32a Core/Src/main.o
 .debug_macro   0x000000000001d92b       0x10 Core/Src/main.o
 .debug_macro   0x000000000001d93b       0x52 Core/Src/main.o
 .debug_macro   0x000000000001d98d       0x1f Core/Src/main.o
 .debug_macro   0x000000000001d9ac       0x43 Core/Src/main.o
 .debug_macro   0x000000000001d9ef       0x20 Core/Src/main.o
 .debug_macro   0x000000000001da0f      0x1a3 Core/Src/main.o
 .debug_macro   0x000000000001dbb2       0x10 Core/Src/main.o
 .debug_macro   0x000000000001dbc2       0x1c Core/Src/main.o
 .debug_macro   0x000000000001dbde       0x52 Core/Src/main.o
 .debug_macro   0x000000000001dc30       0x40 Core/Src/main.o
 .debug_macro   0x000000000001dc70       0x10 Core/Src/main.o
 .debug_macro   0x000000000001dc80       0x40 Core/Src/main.o
 .debug_macro   0x000000000001dcc0       0xd7 Core/Src/main.o
 .debug_macro   0x000000000001dd97       0x1c Core/Src/main.o
 .debug_macro   0x000000000001ddb3       0x3d Core/Src/main.o
 .debug_macro   0x000000000001ddf0       0x16 Core/Src/main.o
 .debug_macro   0x000000000001de06      0x145 Core/Src/main.o
 .debug_macro   0x000000000001df4b       0x16 Core/Src/main.o
 .debug_macro   0x000000000001df61       0x16 Core/Src/main.o
 .debug_macro   0x000000000001df77       0x29 Core/Src/main.o
 .debug_macro   0x000000000001dfa0       0x16 Core/Src/main.o
 .debug_macro   0x000000000001dfb6       0x20 Core/Src/main.o
 .debug_macro   0x000000000001dfd6       0x65 Core/Src/main.o
 .debug_macro   0x000000000001e03b      0x1c4 Core/Src/main.o
 .debug_macro   0x000000000001e1ff      0x251 Core/Src/stm32f4xx_hal_msp.o
 .debug_macro   0x000000000001e450      0x25b Core/Src/stm32f4xx_it.o
 .debug_macro   0x000000000001e6ab      0x1ae Core/Src/sysmem.o
 .debug_macro   0x000000000001e859      0x23b Core/Src/sysmem.o
 .debug_macro   0x000000000001ea94      0x1ee Core/Src/system_stm32f4xx.o
 .debug_macro   0x000000000001ec82      0x248 Drivers/STM32F4xx_HAL_Driver/Src/stm32f4xx_hal.o
 .debug_macro   0x000000000001eeca      0x1e8 Drivers/STM32F4xx_HAL_Driver/Src/stm32f4xx_hal_cortex.o
 .debug_macro   0x000000000001f0b2      0x21e Drivers/STM32F4xx_HAL_Driver/Src/stm32f4xx_hal_gpio.o
 .debug_macro   0x000000000001f2d0      0x1f4 Drivers/STM32F4xx_HAL_Driver/Src/stm32f4xx_hal_pcd.o
 .debug_macro   0x000000000001f4c4      0x1e8 Drivers/STM32F4xx_HAL_Driver/Src/stm32f4xx_hal_pcd_ex.o
 .debug_macro   0x000000000001f6ac      0x20c Drivers/STM32F4xx_HAL_Driver/Src/stm32f4xx_hal_rcc.o
 .debug_macro   0x000000000001f8b8      0x1e9 Drivers/STM32F4xx_HAL_Driver/Src/stm32f4xx_hal_tim.o
 .debug_macro   0x000000000001faa1      0x1e8 Drivers/STM32F4xx_HAL_Driver/Src/stm32f4xx_hal_tim_ex.o
 .debug_macro   0x000000000001fc89      0x22a Drivers/STM32F4xx_HAL_Driver/Src/stm32f4xx_ll_gpio.o
 .debug_macro   0x000000000001feb3      0x143 Drivers/STM32F4xx_HAL_Driver/Src/stm32f4xx_ll_gpio.o
 .debug_macro   0x000000000001fff6      0x1e8 Drivers/STM32F4xx_HAL_Driver/Src/stm32f4xx_ll_usb.o
 .debug_macro   0x00000000000201de      0x2c9 Drivers/STM32F4xx_HAL_Driver/Src/stm32f4xx_ll_utils.o
 .debug_macro   0x00000000000204a7       0x5b Drivers/STM32F4xx_HAL_Driver/Src/stm32f4xx_ll_utils.o
 .debug_macro   0x0000000000020502      0x45e Middlewares/ST/STM32_USB_Device_Library/Class/CDC/Src/usbd_cdc.o
 .debug_macro   0x0000000000020960       0x97 Middlewares/ST/STM32_USB_Device_Library/Class/CDC/Src/usbd_cdc.o
 .debug_macro   0x00000000000209f7       0xfd Middlewares/ST/STM32_USB_Device_Library/Class/CDC/Src/usbd_cdc.o
 .debug_macro   0x0000000000020af4       0xd9 Middlewares/ST/STM32_USB_Device_Library/Class/CDC/Src/usbd_cdc.o
 .debug_macro   0x0000000000020bcd       0x54 Middlewares/ST/STM32_USB_Device_Library/Class/CDC/Src/usbd_cdc.o
 .debug_macro   0x0000000000020c21       0x8f Middlewares/ST/STM32_USB_Device_Library/Class/CDC/Src/usbd_cdc.o
 .debug_macro   0x0000000000020cb0      0x445 Middlewares/ST/STM32_USB_Device_Library/Core/Src/usbd_core.o
 .debug_macro   0x00000000000210f5      0x1ca Middlewares/ST/STM32_USB_Device_Library/Core/Src/usbd_core.o
 .debug_macro   0x00000000000212bf      0x44f Middlewares/ST/STM32_USB_Device_Library/Core/Src/usbd_ctlreq.o
 .debug_macro   0x000000000002170e      0x44b Middlewares/ST/STM32_USB_Device_Library/Core/Src/usbd_ioreq.o
 .debug_macro   0x0000000000021b59      0x485 USB_DEVICE/App/usb_device.o
 .debug_macro   0x0000000000021fde       0x22 USB_DEVICE/App/usb_device.o
 .debug_macro   0x0000000000022000      0x470 USB_DEVICE/App/usbd_cdc_if.o
 .debug_macro   0x0000000000022470      0x488 USB_DEVICE/App/usbd_desc.o
 .debug_macro   0x00000000000228f8       0x1c USB_DEVICE/App/usbd_desc.o
 .debug_macro   0x0000000000022914      0x455 USB_DEVICE/Target/usbd_conf.o

.debug_line     0x0000000000000000    0x10731
 .debug_line    0x0000000000000000      0xc21 Core/Src/main.o
 .debug_line    0x0000000000000c21      0x7d3 Core/Src/stm32f4xx_hal_msp.o
 .debug_line    0x00000000000013f4      0x872 Core/Src/stm32f4xx_it.o
 .debug_line    0x0000000000001c66      0x531 Core/Src/sysmem.o
 .debug_line    0x0000000000002197      0x6e7 Core/Src/system_stm32f4xx.o
 .debug_line    0x000000000000287e       0x85 Core/Startup/startup_stm32f405rgtx.o
 .debug_line    0x0000000000002903      0x8d1 Drivers/STM32F4xx_HAL_Driver/Src/stm32f4xx_hal.o
 .debug_line    0x00000000000031d4      0x9f5 Drivers/STM32F4xx_HAL_Driver/Src/stm32f4xx_hal_cortex.o
 .debug_line    0x0000000000003bc9      0x8b0 Drivers/STM32F4xx_HAL_Driver/Src/stm32f4xx_hal_gpio.o
 .debug_line    0x0000000000004479      0xc48 Drivers/STM32F4xx_HAL_Driver/Src/stm32f4xx_hal_pcd.o
 .debug_line    0x00000000000050c1      0x72a Drivers/STM32F4xx_HAL_Driver/Src/stm32f4xx_hal_pcd_ex.o
 .debug_line    0x00000000000057eb      0x929 Drivers/STM32F4xx_HAL_Driver/Src/stm32f4xx_hal_rcc.o
 .debug_line    0x0000000000006114     0x194a Drivers/STM32F4xx_HAL_Driver/Src/stm32f4xx_hal_tim.o
 .debug_line    0x0000000000007a5e      0xce7 Drivers/STM32F4xx_HAL_Driver/Src/stm32f4xx_hal_tim_ex.o
 .debug_line    0x0000000000008745      0x8b9 Drivers/STM32F4xx_HAL_Driver/Src/stm32f4xx_ll_gpio.o
 .debug_line    0x0000000000008ffe      0xdfb Drivers/STM32F4xx_HAL_Driver/Src/stm32f4xx_ll_usb.o
 .debug_line    0x0000000000009df9      0xa0c Drivers/STM32F4xx_HAL_Driver/Src/stm32f4xx_ll_utils.o
 .debug_line    0x000000000000a805      0xc61 Middlewares/ST/STM32_USB_Device_Library/Class/CDC/Src/usbd_cdc.o
 .debug_line    0x000000000000b466      0xc7e Middlewares/ST/STM32_USB_Device_Library/Core/Src/usbd_core.o
 .debug_line    0x000000000000c0e4      0xd71 Middlewares/ST/STM32_USB_Device_Library/Core/Src/usbd_ctlreq.o
 .debug_line    0x000000000000ce55      0xafc Middlewares/ST/STM32_USB_Device_Library/Core/Src/usbd_ioreq.o
 .debug_line    0x000000000000d951      0xade USB_DEVICE/App/usb_device.o
 .debug_line    0x000000000000e42f      0xb24 USB_DEVICE/App/usbd_cdc_if.o
 .debug_line    0x000000000000ef53      0xb30 USB_DEVICE/App/usbd_desc.o
 .debug_line    0x000000000000fa83      0xcae USB_DEVICE/Target/usbd_conf.o

.debug_str      0x0000000000000000    0xcb416
 .debug_str     0x0000000000000000    0xc4951 Core/Src/main.o
                                      0xc4ffa (size before relaxing)
 .debug_str     0x00000000000c4951      0x512 Core/Src/stm32f4xx_hal_msp.o
                                      0xc05dc (size before relaxing)
 .debug_str     0x00000000000c4e63      0x40c Core/Src/stm32f4xx_it.o
                                      0xc03e7 (size before relaxing)
 .debug_str     0x00000000000c526f      0x4d1 Core/Src/sysmem.o
                                       0x7b00 (size before relaxing)
 .debug_str     0x00000000000c5740       0xc4 Core/Src/system_stm32f4xx.o
                                      0xb687c (size before relaxing)
 .debug_str     0x00000000000c5804       0x36 Core/Startup/startup_stm32f405rgtx.o
                                         0x6d (size before relaxing)
 .debug_str     0x00000000000c583a      0x55b Drivers/STM32F4xx_HAL_Driver/Src/stm32f4xx_hal.o
                                      0xb7328 (size before relaxing)
 .debug_str     0x00000000000c5d95      0x399 Drivers/STM32F4xx_HAL_Driver/Src/stm32f4xx_hal_cortex.o
                                      0xb7117 (size before relaxing)
 .debug_str     0x00000000000c612e      0x222 Drivers/STM32F4xx_HAL_Driver/Src/stm32f4xx_hal_gpio.o
                                      0xb6abb (size before relaxing)
 .debug_str     0x00000000000c6350      0x54c Drivers/STM32F4xx_HAL_Driver/Src/stm32f4xx_hal_pcd.o
                                      0xb701c (size before relaxing)
 .debug_str     0x00000000000c689c      0x13f Drivers/STM32F4xx_HAL_Driver/Src/stm32f4xx_hal_pcd_ex.o
                                      0xb6c1c (size before relaxing)
 .debug_str     0x00000000000c69db      0x358 Drivers/STM32F4xx_HAL_Driver/Src/stm32f4xx_hal_rcc.o
                                      0xb6c69 (size before relaxing)
 .debug_str     0x00000000000c6d33      0xca5 Drivers/STM32F4xx_HAL_Driver/Src/stm32f4xx_hal_tim.o
                                      0xb7988 (size before relaxing)
 .debug_str     0x00000000000c79d8      0x4a2 Drivers/STM32F4xx_HAL_Driver/Src/stm32f4xx_hal_tim_ex.o
                                      0xb7188 (size before relaxing)
 .debug_str     0x00000000000c7e7a      0x670 Drivers/STM32F4xx_HAL_Driver/Src/stm32f4xx_ll_gpio.o
                                      0xb819b (size before relaxing)
 .debug_str     0x00000000000c84ea      0x67a Drivers/STM32F4xx_HAL_Driver/Src/stm32f4xx_ll_usb.o
                                      0xb7150 (size before relaxing)